Archive member included to satisfy reference by file (symbol)

libapp.a(atoi.c.obj)          (--whole-archive)
libapp.a(strtol.c.obj)        (--whole-archive)
libapp.a(strtoul.c.obj)       (--whole-archive)
libapp.a(strncasecmp.c.obj)   (--whole-archive)
libapp.a(strstr.c.obj)        (--whole-archive)
libapp.a(string.c.obj)        (--whole-archive)
libapp.a(prf.c.obj)           (--whole-archive)
libapp.a(stdout_console.c.obj)
                              (--whole-archive)
libapp.a(sprintf.c.obj)       (--whole-archive)
libapp.a(fprintf.c.obj)       (--whole-archive)
libapp.a(main.c.obj)          (--whole-archive)
zephyr/libzephyr.a(isr_tables.c.obj)
                              (--whole-archive)
zephyr/libzephyr.a(mpu_regions.c.obj)
                              (--whole-archive)
zephyr/libzephyr.a(power.c.obj)
                              (--whole-archive)
zephyr/libzephyr.a(soc.c.obj)
                              (--whole-archive)
zephyr/libzephyr.a(exc_exit.S.obj)
                              (--whole-archive)
zephyr/libzephyr.a(irq_init.c.obj)
                              (--whole-archive)
zephyr/libzephyr.a(swap.c.obj)
                              (--whole-archive)
zephyr/libzephyr.a(swap_helper.S.obj)
                              (--whole-archive)
zephyr/libzephyr.a(fault.c.obj)
                              (--whole-archive)
zephyr/libzephyr.a(irq_manage.c.obj)
                              (--whole-archive)
zephyr/libzephyr.a(thread.c.obj)
                              (--whole-archive)
zephyr/libzephyr.a(cpu_idle.S.obj)
                              (--whole-archive)
zephyr/libzephyr.a(fault_s.S.obj)
                              (--whole-archive)
zephyr/libzephyr.a(fatal.c.obj)
                              (--whole-archive)
zephyr/libzephyr.a(sys_fatal_error_handler.c.obj)
                              (--whole-archive)
zephyr/libzephyr.a(thread_abort.c.obj)
                              (--whole-archive)
zephyr/libzephyr.a(isr_wrapper.S.obj)
                              (--whole-archive)
zephyr/libzephyr.a(vector_table.S.obj)
                              (--whole-archive)
zephyr/libzephyr.a(reset.S.obj)
                              (--whole-archive)
zephyr/libzephyr.a(nmi_on_reset.S.obj)
                              (--whole-archive)
zephyr/libzephyr.a(prep_c.c.obj)
                              (--whole-archive)
zephyr/libzephyr.a(scb.c.obj)
                              (--whole-archive)
zephyr/libzephyr.a(nmi.c.obj)
                              (--whole-archive)
zephyr/libzephyr.a(exc_manage.c.obj)
                              (--whole-archive)
zephyr/libzephyr.a(arm_core_mpu.c.obj)
                              (--whole-archive)
zephyr/libzephyr.a(arm_mpu.c.obj)
                              (--whole-archive)
zephyr/libzephyr.a(crc16_sw.c.obj)
                              (--whole-archive)
zephyr/libzephyr.a(crc8_sw.c.obj)
                              (--whole-archive)
zephyr/libzephyr.a(configs.c.obj)
                              (--whole-archive)
zephyr/libzephyr.a(utils.c.obj)
                              (--whole-archive)
zephyr/libzephyr.a(aes_decrypt.c.obj)
                              (--whole-archive)
zephyr/libzephyr.a(aes_encrypt.c.obj)
                              (--whole-archive)
zephyr/libzephyr.a(rand32_entropy_device.c.obj)
                              (--whole-archive)
zephyr/libzephyr.a(nrf5_power_clock.c.obj)
                              (--whole-archive)
zephyr/libzephyr.a(gpio_nrf5.c.obj)
                              (--whole-archive)
zephyr/libzephyr.a(uart_nrf5.c.obj)
                              (--whole-archive)
zephyr/libzephyr.a(entropy_nrf5.c.obj)
                              (--whole-archive)
zephyr/libzephyr.a(sys_clock_init.c.obj)
                              (--whole-archive)
zephyr/libzephyr.a(nrf_rtc_timer.c.obj)
                              (--whole-archive)
zephyr/subsys/bluetooth/common/libsubsys__bluetooth__common.a(dummy.c.obj)
                              (--whole-archive)
zephyr/subsys/bluetooth/common/libsubsys__bluetooth__common.a(rpa.c.obj)
                              (--whole-archive)
zephyr/subsys/bluetooth/host/libsubsys__bluetooth__host.a(hci_raw.c.obj)
                              (--whole-archive)
zephyr/subsys/bluetooth/controller/libsubsys__bluetooth__controller.a(mem.c.obj)
                              (--whole-archive)
zephyr/subsys/bluetooth/controller/libsubsys__bluetooth__controller.a(memq.c.obj)
                              (--whole-archive)
zephyr/subsys/bluetooth/controller/libsubsys__bluetooth__controller.a(mayfly.c.obj)
                              (--whole-archive)
zephyr/subsys/bluetooth/controller/libsubsys__bluetooth__controller.a(util.c.obj)
                              (--whole-archive)
zephyr/subsys/bluetooth/controller/libsubsys__bluetooth__controller.a(ticker.c.obj)
                              (--whole-archive)
[...]
Memory Configuration

Name             Origin             Length             Attributes
FLASH            0x0000000000000000 0x0000000000100000 xr
SRAM             0x0000000020000000 0x0000000000040000 xw
IDT_LIST         0x0000000020040000 0x0000000000000800 xw
*default*        0x0000000000000000 0xffffffffffffffff

Linker script and memory map

LOAD zephyr/CMakeFiles/kernel_elf.dir/misc/empty_file.c.obj
LOAD zephyr/CMakeFiles/kernel_elf.dir/isr_tables.c.obj
START GROUP
LOAD libapp.a
LOAD zephyr/libzephyr.a
LOAD zephyr/subsys/bluetooth/common/libsubsys__bluetooth__common.a
LOAD zephyr/subsys/bluetooth/host/libsubsys__bluetooth__host.a
LOAD zephyr/subsys/bluetooth/controller/libsubsys__bluetooth__controller.a
LOAD zephyr/subsys/net/libsubsys__net.a
LOAD zephyr/kernel/libkernel.a
LOAD zephyr/CMakeFiles/offsets.dir/arch/arm/core/offsets/offsets.c.obj
END GROUP
LOAD /home/swap/directory/sysroots/armv5-zephyr-eabi/usr/lib/arm-zephyr-eabi/6.2.0/armv7e-m/libgcc.a
                0x0000000000000000                _image_rom_start = 0x0

text            0x0000000000000000    0x10650
                0x0000000000000000                . = 0x0
                0x0000000000000000                _vector_start = .
 *(.exc_vector_table)
 *(.exc_vector_table.*)
 .exc_vector_table._vector_table_section
                0x0000000000000000       0x40 zephyr/libzephyr.a(vector_table.S.obj)
                0x0000000000000000                _vector_table
 *(.gnu.linkonce.irq_vector_table)
 .gnu.linkonce.irq_vector_table
                0x0000000000000040       0xb8 zephyr/CMakeFiles/kernel_elf.dir/isr_tables.c.obj
                0x0000000000000040                _irq_vector_table
 *(.openocd_dbg)
 *(.openocd_dbg.*)
 *(.kinetis_flash_config)
 *(.kinetis_flash_config.*)
 *(.gnu.linkonce.sw_isr_table)
 .gnu.linkonce.sw_isr_table
                0x00000000000000f8      0x170 zephyr/CMakeFiles/kernel_elf.dir/isr_tables.c.obj
                0x00000000000000f8                _sw_isr_table
                0x0000000000000268                _vector_end = .
                0x0000000000000268                _image_text_start = .
 *(.text)
 .text          0x0000000000000268       0x30 /home/swap/directory/sysroots/armv5-zephyr-eabi/usr/lib/arm-zephyr-eabi/6.2.0/armv7e-m/libgcc.a(_aeabi_uldivmod.o)
                0x0000000000000268                __aeabi_uldivmod
 .text          0x0000000000000298       0x28 /home/swap/directory/sysroots/armv5-zephyr-eabi/usr/lib/arm-zephyr-eabi/6.2.0/armv7e-m/libgcc.a(_popcountsi2.o)
                0x0000000000000298                __popcountsi2
 .text          0x00000000000002c0      0x2dc /home/swap/directory/sysroots/armv5-zephyr-eabi/usr/lib/arm-zephyr-eabi/6.2.0/armv7e-m/libgcc.a(_udivmoddi4.o)
                0x00000000000002c0                __udivmoddi4
 .text          0x000000000000059c        0x4 /home/swap/directory/sysroots/armv5-zephyr-eabi/usr/lib/arm-zephyr-eabi/6.2.0/armv7e-m/libgcc.a(_dvmd_tls.o)
                0x000000000000059c                __aeabi_ldiv0
                0x000000000000059c                __aeabi_idiv0
 *(.text.*)
 .text.strcpy   0x00000000000005a0       0x14 libapp.a(string.c.obj)
                0x00000000000005a0                strcpy
 .text.strcmp   0x00000000000005b4       0x1a libapp.a(string.c.obj)
                0x00000000000005b4                strcmp
 .text.memcmp   0x00000000000005ce       0x2a libapp.a(string.c.obj)
                0x00000000000005ce                memcmp
 .text.memcpy   0x00000000000005f8       0x58 libapp.a(string.c.obj)
                0x00000000000005f8                memcpy
 .text.memset   0x0000000000000650       0x46 libapp.a(string.c.obj)
                0x0000000000000650                memset
 .text._impl_uart_irq_tx_disable
                0x0000000000000696        0xa libapp.a(main.c.obj)
 .text._impl_uart_irq_rx_disable
                0x00000000000006a0        0xa libapp.a(main.c.obj)
 .text.uart_poll_out
                0x00000000000006aa        0x6 libapp.a(main.c.obj)
 .text.tx_thread
                0x00000000000006b0       0x28 libapp.a(main.c.obj)
 .text.hci_uart_init
                0x00000000000006d8       0x48 libapp.a(main.c.obj)
 .text.h4_read  0x0000000000000720       0x34 libapp.a(main.c.obj)
 .text.bt_uart_isr
                0x0000000000000754      0x15c libapp.a(main.c.obj)
 .text.bt_ctlr_assert_handle
                0x00000000000008b0       0xa4 libapp.a(main.c.obj)
                0x00000000000008b0                bt_ctlr_assert_handle
 .text.main     0x0000000000000954       0x8c libapp.a(main.c.obj)
                0x0000000000000954                main
 .text.errata_136_nrf52840
                0x00000000000009e0       0x20 zephyr/libzephyr.a(soc.c.obj)
 .text.nordicsemi_nrf52_init
                0x0000000000000a00      0x13c zephyr/libzephyr.a(soc.c.obj)
 .text._HandlerModeExit
                0x0000000000000b3c       0x2c zephyr/libzephyr.a(exc_exit.S.obj)
                0x0000000000000b3c                _ExcExit
                0x0000000000000b3c                _IntExit
 .text._IntLibInit
                0x0000000000000b68       0x18 zephyr/libzephyr.a(irq_init.c.obj)
                0x0000000000000b68                _IntLibInit
 .text.__swap   0x0000000000000b80       0x30 zephyr/libzephyr.a(swap.c.obj)
                0x0000000000000b80                __swap
 .text.__pendsv
                0x0000000000000bb0       0x44 zephyr/libzephyr.a(swap_helper.S.obj)
                0x0000000000000bb0                __pendsv
 .text.__svc    0x0000000000000bf4       0x3c zephyr/libzephyr.a(swap_helper.S.obj)
                0x0000000000000bf4                __svc
 .text._MpuFault.isra.1
                0x0000000000000c30       0x34 zephyr/libzephyr.a(fault.c.obj)
 .text._BusFault.isra.3
                0x0000000000000c64       0x3c zephyr/libzephyr.a(fault.c.obj)
 .text._UsageFault.isra.5
                0x0000000000000ca0       0x20 zephyr/libzephyr.a(fault.c.obj)
 .text._Fault   0x0000000000000cc0       0x74 zephyr/libzephyr.a(fault.c.obj)
                0x0000000000000cc0                _Fault
 .text._FaultInit
                0x0000000000000d34       0x10 zephyr/libzephyr.a(fault.c.obj)
                0x0000000000000d34                _FaultInit
 .text._arch_irq_enable
                0x0000000000000d44       0x20 zephyr/libzephyr.a(irq_manage.c.obj)
                0x0000000000000d44                _arch_irq_enable
 .text._arch_irq_disable
                0x0000000000000d64       0x28 zephyr/libzephyr.a(irq_manage.c.obj)
                0x0000000000000d64                _arch_irq_disable
 .text._arch_irq_is_enabled
                0x0000000000000d8c       0x1c zephyr/libzephyr.a(irq_manage.c.obj)
                0x0000000000000d8c                _arch_irq_is_enabled
 .text._irq_priority_set
                0x0000000000000da8       0x30 zephyr/libzephyr.a(irq_manage.c.obj)
                0x0000000000000da8                _irq_priority_set
 .text._irq_spurious
                0x0000000000000dd8        0x4 zephyr/libzephyr.a(irq_manage.c.obj)
                0x0000000000000dd8                _irq_spurious
 .text._arch_isr_direct_pm
                0x0000000000000ddc       0x1c zephyr/libzephyr.a(irq_manage.c.obj)
                0x0000000000000ddc                _arch_isr_direct_pm
 .text._new_thread
                0x0000000000000df8       0x50 zephyr/libzephyr.a(thread.c.obj)
                0x0000000000000df8                _new_thread
 .text._CpuIdleInit
                0x0000000000000e48        0xc zephyr/libzephyr.a(cpu_idle.S.obj)
                0x0000000000000e48                _CpuIdleInit
 .text.k_cpu_idle
                0x0000000000000e54        0xc zephyr/libzephyr.a(cpu_idle.S.obj)
                0x0000000000000e54                k_cpu_idle
 .text.__fault  0x0000000000000e60       0x28 zephyr/libzephyr.a(fault_s.S.obj)
                0x0000000000000e60                __usage_fault
                0x0000000000000e60                __reserved
                0x0000000000000e60                __bus_fault
                0x0000000000000e60                __debug_monitor
                0x0000000000000e60                __mpu_fault
                0x0000000000000e60                __hard_fault
 .text._NanoFatalErrorHandler
                0x0000000000000e88       0x16 zephyr/libzephyr.a(fatal.c.obj)
                0x0000000000000e88                _NanoFatalErrorHandler
 .text._do_kernel_oops
                0x0000000000000e9e        0x8 zephyr/libzephyr.a(fatal.c.obj)
                0x0000000000000e9e                _do_kernel_oops
 *fill*         0x0000000000000ea6        0x2 
 .text._SysFatalErrorHandler
                0x0000000000000ea8       0x30 zephyr/libzephyr.a(sys_fatal_error_handler.c.obj)
                0x0000000000000ea8                _SysFatalErrorHandler
 .text._impl_k_thread_abort
                0x0000000000000ed8       0x4c zephyr/libzephyr.a(thread_abort.c.obj)
                0x0000000000000ed8                _impl_k_thread_abort
 .text._isr_wrapper
                0x0000000000000f24       0x3c zephyr/libzephyr.a(isr_wrapper.S.obj)
                0x0000000000000f24                _isr_wrapper
 .text._reset_section
                0x0000000000000f60       0x20 zephyr/libzephyr.a(reset.S.obj)
                0x0000000000000f60                __reset
                0x0000000000000f60                __start
 .text._SysNmiOnReset
                0x0000000000000f80        0x8 zephyr/libzephyr.a(nmi_on_reset.S.obj)
                0x0000000000000f80                _SysNmiOnReset
 .text._PrepC   0x0000000000000f88       0x28 zephyr/libzephyr.a(prep_c.c.obj)
                0x0000000000000f88                _PrepC
 .text.__nmi    0x0000000000000fb0        0xe zephyr/libzephyr.a(nmi.c.obj)
                0x0000000000000fb0                __nmi
 *fill*         0x0000000000000fbe        0x2 
 .text.arm_mpu_init
                0x0000000000000fc0       0x64 zephyr/libzephyr.a(arm_mpu.c.obj)
 .text._ConfigAbsSyms
                0x0000000000001024        0x2 zephyr/libzephyr.a(configs.c.obj)
                0x0000000000001024                _ConfigAbsSyms
 *fill*         0x0000000000001026        0x2 
 .text.sys_rand32_get
                0x0000000000001028       0x50 zephyr/libzephyr.a(rand32_entropy_device.c.obj)
                0x0000000000001028                sys_rand32_get
 .text._m16src_stop
                0x0000000000001078       0x5c zephyr/libzephyr.a(nrf5_power_clock.c.obj)
 .text._clock_control_init
                0x00000000000010d4       0x16 zephyr/libzephyr.a(nrf5_power_clock.c.obj)
 *fill*         0x00000000000010ea        0x2 
 .text._m16src_start
                0x00000000000010ec       0xb0 zephyr/libzephyr.a(nrf5_power_clock.c.obj)
 .text._k32src_start
                0x000000000000119c       0xcc zephyr/libzephyr.a(nrf5_power_clock.c.obj)
 .text._power_clock_isr
                0x0000000000001268       0x9c zephyr/libzephyr.a(nrf5_power_clock.c.obj)
 .text.gpiote_find_channel
                0x0000000000001304       0x32 zephyr/libzephyr.a(gpio_nrf5.c.obj)
 .text.gpio_nrf5_read
                0x0000000000001336       0x20 zephyr/libzephyr.a(gpio_nrf5.c.obj)
 .text.gpio_nrf5_write
                0x0000000000001356       0x22 zephyr/libzephyr.a(gpio_nrf5.c.obj)
 .text.gpio_nrf5_manage_callback
                0x0000000000001378       0x44 zephyr/libzephyr.a(gpio_nrf5.c.obj)
 .text.gpio_nrf5_enable_callback
                0x00000000000013bc       0x40 zephyr/libzephyr.a(gpio_nrf5.c.obj)
 .text.gpio_nrf5_disable_callback
                0x00000000000013fc       0x3a zephyr/libzephyr.a(gpio_nrf5.c.obj)
 .text.gpio_nrf5_P0_init
                0x0000000000001436       0x16 zephyr/libzephyr.a(gpio_nrf5.c.obj)
 .text.gpio_nrf5_port_isr
                0x000000000000144c       0x64 zephyr/libzephyr.a(gpio_nrf5.c.obj)
 .text.gpio_nrf5_config
                0x00000000000014b0      0x118 zephyr/libzephyr.a(gpio_nrf5.c.obj)
 .text.uart_nrf5_poll_in
                0x00000000000015c8       0x20 zephyr/libzephyr.a(uart_nrf5.c.obj)
 .text.uart_nrf5_poll_out
                0x00000000000015e8       0x1c zephyr/libzephyr.a(uart_nrf5.c.obj)
 .text.uart_nrf5_err_check
                0x0000000000001604       0x1a zephyr/libzephyr.a(uart_nrf5.c.obj)
 .text.uart_nrf5_fifo_fill
                0x000000000000161e       0x2a zephyr/libzephyr.a(uart_nrf5.c.obj)
 .text.uart_nrf5_fifo_read
                0x0000000000001648       0x2a zephyr/libzephyr.a(uart_nrf5.c.obj)
 .text.uart_nrf5_irq_tx_enable
                0x0000000000001672       0x14 zephyr/libzephyr.a(uart_nrf5.c.obj)
 .text.uart_nrf5_irq_tx_disable
                0x0000000000001686       0x14 zephyr/libzephyr.a(uart_nrf5.c.obj)
 .text.uart_nrf5_irq_tx_ready
                0x000000000000169a        0xc zephyr/libzephyr.a(uart_nrf5.c.obj)
 .text.uart_nrf5_irq_rx_enable
                0x00000000000016a6       0x14 zephyr/libzephyr.a(uart_nrf5.c.obj)
 .text.uart_nrf5_irq_rx_disable
                0x00000000000016ba       0x14 zephyr/libzephyr.a(uart_nrf5.c.obj)
 .text.uart_nrf5_irq_tx_complete
                0x00000000000016ce       0x12 zephyr/libzephyr.a(uart_nrf5.c.obj)
 .text.uart_nrf5_irq_rx_ready
                0x00000000000016e0        0xc zephyr/libzephyr.a(uart_nrf5.c.obj)
 .text.uart_nrf5_irq_err_enable
                0x00000000000016ec       0x14 zephyr/libzephyr.a(uart_nrf5.c.obj)
 .text.uart_nrf5_irq_err_disable
                0x0000000000001700       0x14 zephyr/libzephyr.a(uart_nrf5.c.obj)
 .text.uart_nrf5_irq_update
                0x0000000000001714        0x4 zephyr/libzephyr.a(uart_nrf5.c.obj)
 .text.uart_nrf5_irq_callback_set
                0x0000000000001718        0x6 zephyr/libzephyr.a(uart_nrf5.c.obj)
 .text.uart_nrf5_isr
                0x000000000000171e        0xa zephyr/libzephyr.a(uart_nrf5.c.obj)
                0x000000000000171e                uart_nrf5_isr
 .text.uart_nrf5_irq_config
                0x0000000000001728       0x16 zephyr/libzephyr.a(uart_nrf5.c.obj)
 .text.uart_nrf5_irq_is_pending
                0x000000000000173e       0x1c zephyr/libzephyr.a(uart_nrf5.c.obj)
 .text.gpio_pin_configure
                0x000000000000175a       0x12 zephyr/libzephyr.a(uart_nrf5.c.obj)
 .text.uart_nrf5_init
                0x000000000000176c       0x9c zephyr/libzephyr.a(uart_nrf5.c.obj)
 .text.get      0x0000000000001808       0xc4 zephyr/libzephyr.a(entropy_nrf5.c.obj)
 .text.isr      0x00000000000018cc       0x48 zephyr/libzephyr.a(entropy_nrf5.c.obj)
 .text.entropy_nrf5_init
                0x0000000000001914       0x74 zephyr/libzephyr.a(entropy_nrf5.c.obj)
 .text.isr_rand
                0x0000000000001988       0x50 zephyr/libzephyr.a(entropy_nrf5.c.obj)
 .text.entropy_nrf5_get_entropy
                0x00000000000019d8       0x54 zephyr/libzephyr.a(entropy_nrf5.c.obj)
 .text.entropy_get_entropy_isr
                0x0000000000001a2c       0x10 zephyr/libzephyr.a(entropy_nrf5.c.obj)
                0x0000000000001a2c                entropy_get_entropy_isr
 .text.rtc_compare_set
                0x0000000000001a3c       0x30 zephyr/libzephyr.a(nrf_rtc_timer.c.obj)
 .text.rtc_announce_set_next
                0x0000000000001a6c       0x5c zephyr/libzephyr.a(nrf_rtc_timer.c.obj)
 .text.rtc1_nrf5_isr
                0x0000000000001ac8       0x10 zephyr/libzephyr.a(nrf_rtc_timer.c.obj)
 .text._timer_idle_enter
                0x0000000000001ad8       0x28 zephyr/libzephyr.a(nrf_rtc_timer.c.obj)
                0x0000000000001ad8                _timer_idle_enter
 .text._timer_idle_exit
                0x0000000000001b00       0x2c zephyr/libzephyr.a(nrf_rtc_timer.c.obj)
                0x0000000000001b00                _timer_idle_exit
 .text._sys_clock_driver_init
                0x0000000000001b2c       0x78 zephyr/libzephyr.a(nrf_rtc_timer.c.obj)
                0x0000000000001b2c                _sys_clock_driver_init
 .text._timer_cycle_get_32
                0x0000000000001ba4       0x3c zephyr/libzephyr.a(nrf_rtc_timer.c.obj)
                0x0000000000001ba4                _timer_cycle_get_32
 .text.ah       0x0000000000001be0       0x3a zephyr/subsys/bluetooth/common/libsubsys__bluetooth__common.a(rpa.c.obj)
 .text.bt_rpa_irk_matches
                0x0000000000001c1a       0x26 zephyr/subsys/bluetooth/common/libsubsys__bluetooth__common.a(rpa.c.obj)
                0x0000000000001c1a                bt_rpa_irk_matches
 .text.bt_rpa_create
                0x0000000000001c40       0x2e zephyr/subsys/bluetooth/common/libsubsys__bluetooth__common.a(rpa.c.obj)
                0x0000000000001c40                bt_rpa_create
 *fill*         0x0000000000001c6e        0x2 
 .text.bt_hci_driver_register
                0x0000000000001c70       0x24 zephyr/subsys/bluetooth/host/libsubsys__bluetooth__host.a(hci_raw.c.obj)
                0x0000000000001c70                bt_hci_driver_register
 .text.bt_buf_get_rx
                0x0000000000001c94       0x14 zephyr/subsys/bluetooth/host/libsubsys__bluetooth__host.a(hci_raw.c.obj)
                0x0000000000001c94                bt_buf_get_rx
 .text.bt_buf_get_cmd_complete
                0x0000000000001ca8       0x18 zephyr/subsys/bluetooth/host/libsubsys__bluetooth__host.a(hci_raw.c.obj)
                0x0000000000001ca8                bt_buf_get_cmd_complete
 .text.bt_recv  0x0000000000001cc0       0x14 zephyr/subsys/bluetooth/host/libsubsys__bluetooth__host.a(hci_raw.c.obj)
                0x0000000000001cc0                bt_recv
 .text.bt_recv_prio
                0x0000000000001cd4        0x4 zephyr/subsys/bluetooth/host/libsubsys__bluetooth__host.a(hci_raw.c.obj)
                0x0000000000001cd4                bt_recv_prio
 .text.bt_send  0x0000000000001cd8        0xc zephyr/subsys/bluetooth/host/libsubsys__bluetooth__host.a(hci_raw.c.obj)
                0x0000000000001cd8                bt_send
 .text.bt_enable_raw
                0x0000000000001ce4       0x1c zephyr/subsys/bluetooth/host/libsubsys__bluetooth__host.a(hci_raw.c.obj)
                0x0000000000001ce4                bt_enable_raw
 .text.mem_init
                0x0000000000001d00       0x4e zephyr/subsys/bluetooth/controller/libsubsys__bluetooth__controller.a(mem.c.obj)
                0x0000000000001d00                mem_init
 .text.mem_acquire
                0x0000000000001d4e       0x34 zephyr/subsys/bluetooth/controller/libsubsys__bluetooth__controller.a(mem.c.obj)
                0x0000000000001d4e                mem_acquire
 .text.mem_release
                0x0000000000001d82       0x2a zephyr/subsys/bluetooth/controller/libsubsys__bluetooth__controller.a(mem.c.obj)
                0x0000000000001d82                mem_release
 .text.mem_free_count_get
                0x0000000000001dac        0xc zephyr/subsys/bluetooth/controller/libsubsys__bluetooth__controller.a(mem.c.obj)
                0x0000000000001dac                mem_free_count_get
 .text.mem_get  0x0000000000001db8        0x6 zephyr/subsys/bluetooth/controller/libsubsys__bluetooth__controller.a(mem.c.obj)
                0x0000000000001db8                mem_get
 .text.mem_index_get
                0x0000000000001dbe        0xa zephyr/subsys/bluetooth/controller/libsubsys__bluetooth__controller.a(mem.c.obj)
                0x0000000000001dbe                mem_index_get
 .text.mem_rcopy
                0x0000000000001dc8       0x1e zephyr/subsys/bluetooth/controller/libsubsys__bluetooth__controller.a(mem.c.obj)
                0x0000000000001dc8                mem_rcopy
 .text.mem_nz   0x0000000000001de6       0x16 zephyr/subsys/bluetooth/controller/libsubsys__bluetooth__controller.a(mem.c.obj)
                0x0000000000001de6                mem_nz
 .text.memq_init
                0x0000000000001dfc        0x6 zephyr/subsys/bluetooth/controller/libsubsys__bluetooth__controller.a(memq.c.obj)
                0x0000000000001dfc                memq_init
 .text.memq_enqueue
                0x0000000000001e02        0xe zephyr/subsys/bluetooth/controller/libsubsys__bluetooth__controller.a(memq.c.obj)
                0x0000000000001e02                memq_enqueue
 .text.memq_peek
                0x0000000000001e10       0x10 zephyr/subsys/bluetooth/controller/libsubsys__bluetooth__controller.a(memq.c.obj)
                0x0000000000001e10                memq_peek
 .text.memq_dequeue
                0x0000000000001e20       0x1e zephyr/subsys/bluetooth/controller/libsubsys__bluetooth__controller.a(memq.c.obj)
                0x0000000000001e20                memq_dequeue
 *fill*         0x0000000000001e3e        0x2 
 .text.mayfly_init
                0x0000000000001e40       0x54 zephyr/subsys/bluetooth/controller/libsubsys__bluetooth__controller.a(mayfly.c.obj)
                0x0000000000001e40                mayfly_init
 .text.mayfly_enable
                0x0000000000001e94       0x50 zephyr/subsys/bluetooth/controller/libsubsys__bluetooth__controller.a(mayfly.c.obj)
                0x0000000000001e94                mayfly_enable
 .text.mayfly_enqueue
                0x0000000000001ee4       0x9c zephyr/subsys/bluetooth/controller/libsubsys__bluetooth__controller.a(mayfly.c.obj)
                0x0000000000001ee4                mayfly_enqueue
 .text.mayfly_run
                0x0000000000001f80      0x124 zephyr/subsys/bluetooth/controller/libsubsys__bluetooth__controller.a(mayfly.c.obj)
                0x0000000000001f80                mayfly_run
 .text.util_ones_count_get
                0x00000000000020a4       0x22 zephyr/subsys/bluetooth/controller/libsubsys__bluetooth__controller.a(util.c.obj)
                0x00000000000020a4                util_ones_count_get
 .text.ticker_dequeue
                0x00000000000020c6       0x58 zephyr/subsys/bluetooth/controller/libsubsys__bluetooth__controller.a(ticker.c.obj)
 .text.ticks_to_expire_prep
                0x000000000000211e       0x3c zephyr/subsys/bluetooth/controller/libsubsys__bluetooth__controller.a(ticker.c.obj)
 .text.ticker_job_op_cb
                0x000000000000215a       0x14 zephyr/subsys/bluetooth/controller/libsubsys__bluetooth__controller.a(ticker.c.obj)
 .text.ticker_worker
                0x000000000000216e       0xae zephyr/subsys/bluetooth/controller/libsubsys__bluetooth__controller.a(ticker.c.obj)
                0x000000000000216e                ticker_worker
 .text.ticker_job
                0x000000000000221c      0x798 zephyr/subsys/bluetooth/controller/libsubsys__bluetooth__controller.a(ticker.c.obj)
                0x000000000000221c                ticker_job
 .text.ticker_init
                0x00000000000029b4       0x70 zephyr/subsys/bluetooth/controller/libsubsys__bluetooth__controller.a(ticker.c.obj)
                0x00000000000029b4                ticker_init
 .text.ticker_trigger
                0x0000000000002a24       0x24 zephyr/subsys/bluetooth/controller/libsubsys__bluetooth__controller.a(ticker.c.obj)
                0x0000000000002a24                ticker_trigger
 .text.ticker_start
                0x0000000000002a48       0xa0 zephyr/subsys/bluetooth/controller/libsubsys__bluetooth__controller.a(ticker.c.obj)
                0x0000000000002a48                ticker_start
 .text.ticker_update
                0x0000000000002ae8       0x9c zephyr/subsys/bluetooth/controller/libsubsys__bluetooth__controller.a(ticker.c.obj)
                0x0000000000002ae8                ticker_update
 .text.ticker_stop
                0x0000000000002b84       0x78 zephyr/subsys/bluetooth/controller/libsubsys__bluetooth__controller.a(ticker.c.obj)
                0x0000000000002b84                ticker_stop
 .text.ticker_next_slot_get
                0x0000000000002bfc       0x84 zephyr/subsys/bluetooth/controller/libsubsys__bluetooth__controller.a(ticker.c.obj)
                0x0000000000002bfc                ticker_next_slot_get
 .text.ticker_job_idle_get
                0x0000000000002c80       0x78 zephyr/subsys/bluetooth/controller/libsubsys__bluetooth__controller.a(ticker.c.obj)
                0x0000000000002c80                ticker_job_idle_get
 .text.ticker_job_sched
                0x0000000000002cf8       0x2c zephyr/subsys/bluetooth/controller/libsubsys__bluetooth__controller.a(ticker.c.obj)
                0x0000000000002cf8                ticker_job_sched
 .text.ticker_ticks_now_get
                0x0000000000002d24        0x4 zephyr/subsys/bluetooth/controller/libsubsys__bluetooth__controller.a(ticker.c.obj)
                0x0000000000002d24                ticker_ticks_now_get
 .text.ticker_ticks_diff_get
                0x0000000000002d28        0x8 zephyr/subsys/bluetooth/controller/libsubsys__bluetooth__controller.a(ticker.c.obj)
                0x0000000000002d28                ticker_ticks_diff_get
 .text.ll_addr_get
                0x0000000000002d30       0x34 zephyr/subsys/bluetooth/controller/libsubsys__bluetooth__controller.a(ll_addr.c.obj)
                0x0000000000002d30                ll_addr_get
 .text.ll_addr_set
                0x0000000000002d64       0x38 zephyr/subsys/bluetooth/controller/libsubsys__bluetooth__controller.a(ll_addr.c.obj)
                0x0000000000002d64                ll_addr_set
 .text.ll_tx_pwr_get
                0x0000000000002d9c        0x8 zephyr/subsys/bluetooth/controller/libsubsys__bluetooth__controller.a(ll_tx_pwr.c.obj)
                0x0000000000002d9c                ll_tx_pwr_get
 .text.bt_rand  0x0000000000002da4       0x38 zephyr/subsys/bluetooth/controller/libsubsys__bluetooth__controller.a(crypto.c.obj)
                0x0000000000002da4                bt_rand
 .text.bt_encrypt_le
                0x0000000000002ddc        0xc zephyr/subsys/bluetooth/controller/libsubsys__bluetooth__controller.a(crypto.c.obj)
                0x0000000000002ddc                bt_encrypt_le
 .text._hci_driver_init
                0x0000000000002de8       0x10 zephyr/subsys/bluetooth/controller/libsubsys__bluetooth__controller.a(hci_driver.c.obj)
 .text.hci_driver_send
                0x0000000000002df8       0x44 zephyr/subsys/bluetooth/controller/libsubsys__bluetooth__controller.a(hci_driver.c.obj)
 .text.encode_node
                0x0000000000002e3c       0x70 zephyr/subsys/bluetooth/controller/libsubsys__bluetooth__controller.a(hci_driver.c.obj)
 .text.prio_recv_thread
                0x0000000000002eac       0x5c zephyr/subsys/bluetooth/controller/libsubsys__bluetooth__controller.a(hci_driver.c.obj)
 .text.sys_slist_get.constprop.5
                0x0000000000002f08       0x18 zephyr/subsys/bluetooth/controller/libsubsys__bluetooth__controller.a(hci_driver.c.obj)
 .text.recv_thread
                0x0000000000002f20      0x1d4 zephyr/subsys/bluetooth/controller/libsubsys__bluetooth__controller.a(hci_driver.c.obj)
 .text.hci_driver_open
                0x00000000000030f4       0x78 zephyr/subsys/bluetooth/controller/libsubsys__bluetooth__controller.a(hci_driver.c.obj)
 .text.sys_put_le32
                0x000000000000316c       0x12 zephyr/subsys/bluetooth/controller/libsubsys__bluetooth__controller.a(hci.c.obj)
 .text.evt_create
                0x000000000000317e       0x14 zephyr/subsys/bluetooth/controller/libsubsys__bluetooth__controller.a(hci.c.obj)
 *fill*         0x0000000000003192        0x2 
 .text.cmd_status
                0x0000000000003194       0x34 zephyr/subsys/bluetooth/controller/libsubsys__bluetooth__controller.a(hci.c.obj)
 .text.meta_evt
                0x00000000000031c8       0x2a zephyr/subsys/bluetooth/controller/libsubsys__bluetooth__controller.a(hci.c.obj)
 *fill*         0x00000000000031f2        0x2 
 .text.cmd_complete
                0x00000000000031f4       0x44 zephyr/subsys/bluetooth/controller/libsubsys__bluetooth__controller.a(hci.c.obj)
 .text.le_advertising_report
                0x0000000000003238      0x240 zephyr/subsys/bluetooth/controller/libsubsys__bluetooth__controller.a(hci.c.obj)
 .text.encrypt_change
                0x0000000000003478       0x40 zephyr/subsys/bluetooth/controller/libsubsys__bluetooth__controller.a(hci.c.obj)
 .text.le_remote_feat_complete
                0x00000000000034b8       0x5c zephyr/subsys/bluetooth/controller/libsubsys__bluetooth__controller.a(hci.c.obj)
 .text.le_set_adv_param.isra.40
                0x0000000000003514       0x50 zephyr/subsys/bluetooth/controller/libsubsys__bluetooth__controller.a(hci.c.obj)
 .text.le_set_adv_enable.isra.43
                0x0000000000003564       0x20 zephyr/subsys/bluetooth/controller/libsubsys__bluetooth__controller.a(hci.c.obj)
 .text.le_conn_complete.part.47
                0x0000000000003584      0x12c zephyr/subsys/bluetooth/controller/libsubsys__bluetooth__controller.a(hci.c.obj)
 .text.bt_addr_le_to_str.isra.81
                0x00000000000036b0       0x3c zephyr/subsys/bluetooth/controller/libsubsys__bluetooth__controller.a(hci.c.obj)
 .text.le_adv_ext_report.isra.83
                0x00000000000036ec       0xd4 zephyr/subsys/bluetooth/controller/libsubsys__bluetooth__controller.a(hci.c.obj)
 .text.reset    0x00000000000037c0       0xb8 zephyr/subsys/bluetooth/controller/libsubsys__bluetooth__controller.a(hci.c.obj)
 .text.sys_get_le64
                0x0000000000003878        0x8 zephyr/subsys/bluetooth/controller/libsubsys__bluetooth__controller.a(hci.c.obj)
 .text.hci_cmd_handle
                0x0000000000003880      0xbf8 zephyr/subsys/bluetooth/controller/libsubsys__bluetooth__controller.a(hci.c.obj)
                0x0000000000003880                hci_cmd_handle
 .text.hci_acl_handle
                0x0000000000004478       0xbc zephyr/subsys/bluetooth/controller/libsubsys__bluetooth__controller.a(hci.c.obj)
                0x0000000000004478                hci_acl_handle
 .text.hci_acl_encode
                0x0000000000004534       0xb0 zephyr/subsys/bluetooth/controller/libsubsys__bluetooth__controller.a(hci.c.obj)
                0x0000000000004534                hci_acl_encode
 .text.hci_evt_encode
                0x00000000000045e4      0x428 zephyr/subsys/bluetooth/controller/libsubsys__bluetooth__controller.a(hci.c.obj)
                0x00000000000045e4                hci_evt_encode
 .text.hci_num_cmplt_encode
                0x0000000000004a0c       0x28 zephyr/subsys/bluetooth/controller/libsubsys__bluetooth__controller.a(hci.c.obj)
                0x0000000000004a0c                hci_num_cmplt_encode
 .text.hci_get_class
                0x0000000000004a34       0x30 zephyr/subsys/bluetooth/controller/libsubsys__bluetooth__controller.a(hci.c.obj)
                0x0000000000004a34                hci_get_class
 .text.hci_init
                0x0000000000004a64       0x10 zephyr/subsys/bluetooth/controller/libsubsys__bluetooth__controller.a(hci.c.obj)
                0x0000000000004a64                hci_init
 .text.cpu_sleep
                0x0000000000004a74        0x8 zephyr/subsys/bluetooth/controller/libsubsys__bluetooth__controller.a(ctrl.c.obj)
 .text.pdu_len_cmp
                0x0000000000004a7c       0x3c zephyr/subsys/bluetooth/controller/libsubsys__bluetooth__controller.a(ctrl.c.obj)
 .text.ticker_if_done
                0x0000000000004ab8        0x4 zephyr/subsys/bluetooth/controller/libsubsys__bluetooth__controller.a(ctrl.c.obj)
 .text.prepare_reduced
                0x0000000000004abc        0xc zephyr/subsys/bluetooth/controller/libsubsys__bluetooth__controller.a(ctrl.c.obj)
 .text.prepare_normal
                0x0000000000004ac8        0xc zephyr/subsys/bluetooth/controller/libsubsys__bluetooth__controller.a(ctrl.c.obj)
 .text.chan_sel_remap
                0x0000000000004ad4       0x36 zephyr/subsys/bluetooth/controller/libsubsys__bluetooth__controller.a(ctrl.c.obj)
 *fill*         0x0000000000004b0a        0x2 
 .text.packet_rx_acquired_count_get
                0x0000000000004b0c       0x2c zephyr/subsys/bluetooth/controller/libsubsys__bluetooth__controller.a(ctrl.c.obj)
 .text.packet_rx_reserve_get
                0x0000000000004b38       0x24 zephyr/subsys/bluetooth/controller/libsubsys__bluetooth__controller.a(ctrl.c.obj)
 .text.conn_update_req
                0x0000000000004b5c       0xcc zephyr/subsys/bluetooth/controller/libsubsys__bluetooth__controller.a(ctrl.c.obj)
 .text.ticker_op_latency_cancelled
                0x0000000000004c28       0x24 zephyr/subsys/bluetooth/controller/libsubsys__bluetooth__controller.a(ctrl.c.obj)
 .text.packet_rx_allocate
                0x0000000000004c4c       0x98 zephyr/subsys/bluetooth/controller/libsubsys__bluetooth__controller.a(ctrl.c.obj)
 .text.common_init
                0x0000000000004ce4       0xf4 zephyr/subsys/bluetooth/controller/libsubsys__bluetooth__controller.a(ctrl.c.obj)
 .text.tx_cmplt_get
                0x0000000000004dd8       0x94 zephyr/subsys/bluetooth/controller/libsubsys__bluetooth__controller.a(ctrl.c.obj)
 .text.connection_get
                0x0000000000004e6c       0x2c zephyr/subsys/bluetooth/controller/libsubsys__bluetooth__controller.a(ctrl.c.obj)
 .text.role_disable
                0x0000000000004e98      0x294 zephyr/subsys/bluetooth/controller/libsubsys__bluetooth__controller.a(ctrl.c.obj)
 .text.mayfly_radio_stop
                0x000000000000512c       0x3c zephyr/subsys/bluetooth/controller/libsubsys__bluetooth__controller.a(ctrl.c.obj)
 .text.rx_packet_set
                0x0000000000005168       0x58 zephyr/subsys/bluetooth/controller/libsubsys__bluetooth__controller.a(ctrl.c.obj)
 .text.pdu_node_tx_release
                0x00000000000051c0       0x58 zephyr/subsys/bluetooth/controller/libsubsys__bluetooth__controller.a(ctrl.c.obj)
 .text.packet_tx_enqueue
                0x0000000000005218       0x9c zephyr/subsys/bluetooth/controller/libsubsys__bluetooth__controller.a(ctrl.c.obj)
 .text.connection_release
                0x00000000000052b4      0x12c zephyr/subsys/bluetooth/controller/libsubsys__bluetooth__controller.a(ctrl.c.obj)
 .text.tx_packet_set
                0x00000000000053e0       0x56 zephyr/subsys/bluetooth/controller/libsubsys__bluetooth__controller.a(ctrl.c.obj)
 *fill*         0x0000000000005436        0x2 
 .text.chan_set
                0x0000000000005438      0x27c zephyr/subsys/bluetooth/controller/libsubsys__bluetooth__controller.a(ctrl.c.obj)
 .text.adv_setup
                0x00000000000056b4      0x250 zephyr/subsys/bluetooth/controller/libsubsys__bluetooth__controller.a(ctrl.c.obj)
 *fill*         0x0000000000005904        0x4 
 .text.sched_free_win_offset_calc
                0x0000000000005908      0x250 zephyr/subsys/bluetooth/controller/libsubsys__bluetooth__controller.a(ctrl.c.obj)
 .text.mayfly_sched_free_win_offset_calc
                0x0000000000005b58       0x3c zephyr/subsys/bluetooth/controller/libsubsys__bluetooth__controller.a(ctrl.c.obj)
 *fill*         0x0000000000005b94        0x4 
 .text.mayfly_sched_win_offset_select
                0x0000000000005b98      0x118 zephyr/subsys/bluetooth/controller/libsubsys__bluetooth__controller.a(ctrl.c.obj)
 .text.sched_after_mstr_free_slot_get
                0x0000000000005cb0      0x128 zephyr/subsys/bluetooth/controller/libsubsys__bluetooth__controller.a(ctrl.c.obj)
 .text.sched_after_mstr_free_offset_get
                0x0000000000005dd8       0x80 zephyr/subsys/bluetooth/controller/libsubsys__bluetooth__controller.a(ctrl.c.obj)
 .text.mayfly_sched_win_offset_use
                0x0000000000005e58       0x34 zephyr/subsys/bluetooth/controller/libsubsys__bluetooth__controller.a(ctrl.c.obj)
 .text.mayfly_sched_after_mstr_free_offset_get
                0x0000000000005e8c       0x1c zephyr/subsys/bluetooth/controller/libsubsys__bluetooth__controller.a(ctrl.c.obj)
 .text.isr_adv_ci_adva_check
                0x0000000000005ea8       0x48 zephyr/subsys/bluetooth/controller/libsubsys__bluetooth__controller.a(ctrl.c.obj)
 .text.packet_rx_enqueue
                0x0000000000005ef0       0x6c zephyr/subsys/bluetooth/controller/libsubsys__bluetooth__controller.a(ctrl.c.obj)
 .text.mayfly_adv_stop
                0x0000000000005f5c       0x3c zephyr/subsys/bluetooth/controller/libsubsys__bluetooth__controller.a(ctrl.c.obj)
 .text.terminate_ind_rx_enqueue
                0x0000000000005f98       0x60 zephyr/subsys/bluetooth/controller/libsubsys__bluetooth__controller.a(ctrl.c.obj)
 .text.isr_scan_tgta_check
                0x0000000000005ff8       0x98 zephyr/subsys/bluetooth/controller/libsubsys__bluetooth__controller.a(ctrl.c.obj)
 .text.isr_rx_scan_report
                0x0000000000006090       0x8c zephyr/subsys/bluetooth/controller/libsubsys__bluetooth__controller.a(ctrl.c.obj)
 .text.rx_fc_lock
                0x000000000000611c       0x34 zephyr/subsys/bluetooth/controller/libsubsys__bluetooth__controller.a(ctrl.c.obj)
 .text.ticker_success_assert
                0x0000000000006150       0x14 zephyr/subsys/bluetooth/controller/libsubsys__bluetooth__controller.a(ctrl.c.obj)
 .text.ticker_stop_adv_assert
                0x0000000000006164       0x34 zephyr/subsys/bluetooth/controller/libsubsys__bluetooth__controller.a(ctrl.c.obj)
 .text.ticker_stop_scan_assert
                0x0000000000006198       0x34 zephyr/subsys/bluetooth/controller/libsubsys__bluetooth__controller.a(ctrl.c.obj)
 .text.ticker_update_adv_assert
                0x00000000000061cc       0x20 zephyr/subsys/bluetooth/controller/libsubsys__bluetooth__controller.a(ctrl.c.obj)
 .text.ticker_update_slave_assert
                0x00000000000061ec       0x20 zephyr/subsys/bluetooth/controller/libsubsys__bluetooth__controller.a(ctrl.c.obj)
 .text.ticker_job_disable
                0x000000000000620c       0x18 zephyr/subsys/bluetooth/controller/libsubsys__bluetooth__controller.a(ctrl.c.obj)
 .text.hdr_conn_get
                0x0000000000006224       0x3c zephyr/subsys/bluetooth/controller/libsubsys__bluetooth__controller.a(ctrl.c.obj)
 .text.mayfly_xtal_retain.part.13
                0x0000000000006260       0x50 zephyr/subsys/bluetooth/controller/libsubsys__bluetooth__controller.a(ctrl.c.obj)
 .text.event_active
                0x00000000000062b0       0x28 zephyr/subsys/bluetooth/controller/libsubsys__bluetooth__controller.a(ctrl.c.obj)
 .text.event_xtal
                0x00000000000062d8       0x28 zephyr/subsys/bluetooth/controller/libsubsys__bluetooth__controller.a(ctrl.c.obj)
 .text.mayfly_radio_active.part.16
                0x0000000000006300       0x30 zephyr/subsys/bluetooth/controller/libsubsys__bluetooth__controller.a(ctrl.c.obj)
 .text.mayfly_radio_active
                0x0000000000006330       0x1c zephyr/subsys/bluetooth/controller/libsubsys__bluetooth__controller.a(ctrl.c.obj)
 .text.mayfly_radio_inactive
                0x000000000000634c        0x4 zephyr/subsys/bluetooth/controller/libsubsys__bluetooth__controller.a(ctrl.c.obj)
 .text.ticker_stop_adv_stop
                0x0000000000006350      0x170 zephyr/subsys/bluetooth/controller/libsubsys__bluetooth__controller.a(ctrl.c.obj)
 .text.scan_ticker_enable
                0x00000000000064c0       0xe4 zephyr/subsys/bluetooth/controller/libsubsys__bluetooth__controller.a(ctrl.c.obj)
 .text.aux_packet_function
                0x00000000000065a4        0x4 zephyr/subsys/bluetooth/controller/libsubsys__bluetooth__controller.a(ctrl.c.obj)
 .text.prepare_normal_set
                0x00000000000065a8       0x58 zephyr/subsys/bluetooth/controller/libsubsys__bluetooth__controller.a(ctrl.c.obj)
 .text.adv_scan_configure.constprop.25
                0x0000000000006600       0x54 zephyr/subsys/bluetooth/controller/libsubsys__bluetooth__controller.a(ctrl.c.obj)
 .text.event_stop.constprop.26
                0x0000000000006654       0x2c zephyr/subsys/bluetooth/controller/libsubsys__bluetooth__controller.a(ctrl.c.obj)
 .text.event_common_prepare
                0x0000000000006680      0x1b4 zephyr/subsys/bluetooth/controller/libsubsys__bluetooth__controller.a(ctrl.c.obj)
 .text.radio_event_adv_prepare
                0x0000000000006834       0x48 zephyr/subsys/bluetooth/controller/libsubsys__bluetooth__controller.a(ctrl.c.obj)
                0x0000000000006834                radio_event_adv_prepare
 .text.event_scan_prepare
                0x000000000000687c       0x98 zephyr/subsys/bluetooth/controller/libsubsys__bluetooth__controller.a(ctrl.c.obj)
 .text.radio_event_ext_adv_prepare
                0x0000000000006914       0x48 zephyr/subsys/bluetooth/controller/libsubsys__bluetooth__controller.a(ctrl.c.obj)
                0x0000000000006914                radio_event_ext_adv_prepare
 .text.event_adv_stop
                0x000000000000695c       0x40 zephyr/subsys/bluetooth/controller/libsubsys__bluetooth__controller.a(ctrl.c.obj)
                0x000000000000695c                event_adv_stop
 .text.mayfly_xtal_start
                0x000000000000699c       0x10 zephyr/subsys/bluetooth/controller/libsubsys__bluetooth__controller.a(ctrl.c.obj)
 .text.mayfly_xtal_stop
                0x00000000000069ac       0x10 zephyr/subsys/bluetooth/controller/libsubsys__bluetooth__controller.a(ctrl.c.obj)
 .text.chan_sel_2
                0x00000000000069bc       0x88 zephyr/subsys/bluetooth/controller/libsubsys__bluetooth__controller.a(ctrl.c.obj)
 .text.preempt_calc
                0x0000000000006a44       0x44 zephyr/subsys/bluetooth/controller/libsubsys__bluetooth__controller.a(ctrl.c.obj)
 .text.event_adv
                0x0000000000006a88       0xd8 zephyr/subsys/bluetooth/controller/libsubsys__bluetooth__controller.a(ctrl.c.obj)
 .text.event_scan
                0x0000000000006b60      0x290 zephyr/subsys/bluetooth/controller/libsubsys__bluetooth__controller.a(ctrl.c.obj)
 .text.event_ext_adv
                0x0000000000006df0      0x170 zephyr/subsys/bluetooth/controller/libsubsys__bluetooth__controller.a(ctrl.c.obj)
 .text.ctrl_tx_enqueue
                0x0000000000006f60       0x5c zephyr/subsys/bluetooth/controller/libsubsys__bluetooth__controller.a(ctrl.c.obj)
 .text.ctrl_tx_sec_enqueue
                0x0000000000006fbc       0x32 zephyr/subsys/bluetooth/controller/libsubsys__bluetooth__controller.a(ctrl.c.obj)
 *fill*         0x0000000000006fee        0x2 
 .text.feature_rsp_send
                0x0000000000006ff0       0x8c zephyr/subsys/bluetooth/controller/libsubsys__bluetooth__controller.a(ctrl.c.obj)
 .text.start_enc_rsp_send
                0x000000000000707c       0x48 zephyr/subsys/bluetooth/controller/libsubsys__bluetooth__controller.a(ctrl.c.obj)
 .text.reject_ext_ind_send
                0x00000000000070c4       0x38 zephyr/subsys/bluetooth/controller/libsubsys__bluetooth__controller.a(ctrl.c.obj)
 *fill*         0x00000000000070fc        0x4 
 .text.event_connection_prepare
                0x0000000000007100     0x118c zephyr/subsys/bluetooth/controller/libsubsys__bluetooth__controller.a(ctrl.c.obj)
 .text.event_master_prepare
                0x000000000000828c        0x4 zephyr/subsys/bluetooth/controller/libsubsys__bluetooth__controller.a(ctrl.c.obj)
 .text.event_slave_prepare
                0x0000000000008290        0x4 zephyr/subsys/bluetooth/controller/libsubsys__bluetooth__controller.a(ctrl.c.obj)
 .text.event_stop
                0x0000000000008294       0x2c zephyr/subsys/bluetooth/controller/libsubsys__bluetooth__controller.a(ctrl.c.obj)
 .text.connection_configure
                0x00000000000082c0       0x3c zephyr/subsys/bluetooth/controller/libsubsys__bluetooth__controller.a(ctrl.c.obj)
 .text.event_slave
                0x00000000000082fc      0x1b8 zephyr/subsys/bluetooth/controller/libsubsys__bluetooth__controller.a(ctrl.c.obj)
 .text.prepare_pdu_data_tx
                0x00000000000084b4      0x120 zephyr/subsys/bluetooth/controller/libsubsys__bluetooth__controller.a(ctrl.c.obj)
 *fill*         0x00000000000085d4        0x4 
 .text.mayfly_xtal_stop_calc
                0x00000000000085d8      0x21c zephyr/subsys/bluetooth/controller/libsubsys__bluetooth__controller.a(ctrl.c.obj)
 .text.event_master
                0x00000000000087f4      0x14c zephyr/subsys/bluetooth/controller/libsubsys__bluetooth__controller.a(ctrl.c.obj)
 .text.isr_rx_conn_pkt_ctrl
                0x0000000000008940     0x1214 zephyr/subsys/bluetooth/controller/libsubsys__bluetooth__controller.a(ctrl.c.obj)
 *fill*         0x0000000000009b54        0x4 
 .text.isr      0x0000000000009b58     0x18cc zephyr/subsys/bluetooth/controller/libsubsys__bluetooth__controller.a(ctrl.c.obj)
 .text.radio_init
                0x000000000000b424      0x104 zephyr/subsys/bluetooth/controller/libsubsys__bluetooth__controller.a(ctrl.c.obj)
                0x000000000000b424                radio_init
 .text.radio_hf_clock_get
                0x000000000000b528        0xc zephyr/subsys/bluetooth/controller/libsubsys__bluetooth__controller.a(ctrl.c.obj)
                0x000000000000b528                radio_hf_clock_get
 .text.ll_reset
                0x000000000000b534       0xa0 zephyr/subsys/bluetooth/controller/libsubsys__bluetooth__controller.a(ctrl.c.obj)
                0x000000000000b534                ll_reset
 .text.radio_adv_data_get
                0x000000000000b5d4        0x8 zephyr/subsys/bluetooth/controller/libsubsys__bluetooth__controller.a(ctrl.c.obj)
                0x000000000000b5d4                radio_adv_data_get
 .text.radio_aux_adv_data_get
                0x000000000000b5dc        0x8 zephyr/subsys/bluetooth/controller/libsubsys__bluetooth__controller.a(ctrl.c.obj)
                0x000000000000b5dc                radio_aux_adv_data_get
 .text.radio_scan_data_get
                0x000000000000b5e4        0x8 zephyr/subsys/bluetooth/controller/libsubsys__bluetooth__controller.a(ctrl.c.obj)
                0x000000000000b5e4                radio_scan_data_get
 .text.ll_adv_is_enabled
                0x000000000000b5ec       0x10 zephyr/subsys/bluetooth/controller/libsubsys__bluetooth__controller.a(ctrl.c.obj)
                0x000000000000b5ec                ll_adv_is_enabled
 .text.radio_adv_filter_pol_get
                0x000000000000b5fc       0x1c zephyr/subsys/bluetooth/controller/libsubsys__bluetooth__controller.a(ctrl.c.obj)
                0x000000000000b5fc                radio_adv_filter_pol_get
 .text.ll_scan_is_enabled
                0x000000000000b618       0x2c zephyr/subsys/bluetooth/controller/libsubsys__bluetooth__controller.a(ctrl.c.obj)
                0x000000000000b618                ll_scan_is_enabled
 .text.radio_scan_filter_pol_get
                0x000000000000b644       0x1c zephyr/subsys/bluetooth/controller/libsubsys__bluetooth__controller.a(ctrl.c.obj)
                0x000000000000b644                radio_scan_filter_pol_get
 .text.radio_connect_enable
                0x000000000000b660      0x364 zephyr/subsys/bluetooth/controller/libsubsys__bluetooth__controller.a(ctrl.c.obj)
                0x000000000000b660                radio_connect_enable
 .text.ll_conn_update
                0x000000000000b9c4       0xf0 zephyr/subsys/bluetooth/controller/libsubsys__bluetooth__controller.a(ctrl.c.obj)
                0x000000000000b9c4                ll_conn_update
 .text.ll_chm_update
                0x000000000000bab4       0x84 zephyr/subsys/bluetooth/controller/libsubsys__bluetooth__controller.a(ctrl.c.obj)
                0x000000000000bab4                ll_chm_update
 .text.ll_chm_get
                0x000000000000bb38       0x2a zephyr/subsys/bluetooth/controller/libsubsys__bluetooth__controller.a(ctrl.c.obj)
                0x000000000000bb38                ll_chm_get
 .text.ll_start_enc_req_send
                0x000000000000bb62       0x86 zephyr/subsys/bluetooth/controller/libsubsys__bluetooth__controller.a(ctrl.c.obj)
                0x000000000000bb62                ll_start_enc_req_send
 .text.ll_feature_req_send
                0x000000000000bbe8       0x28 zephyr/subsys/bluetooth/controller/libsubsys__bluetooth__controller.a(ctrl.c.obj)
                0x000000000000bbe8                ll_feature_req_send
 .text.ll_version_ind_send
                0x000000000000bc10       0x28 zephyr/subsys/bluetooth/controller/libsubsys__bluetooth__controller.a(ctrl.c.obj)
                0x000000000000bc10                ll_version_ind_send
 .text.ll_terminate_ind_send
                0x000000000000bc38       0x28 zephyr/subsys/bluetooth/controller/libsubsys__bluetooth__controller.a(ctrl.c.obj)
                0x000000000000bc38                ll_terminate_ind_send
 .text.ll_tx_pwr_lvl_get
                0x000000000000bc60       0x14 zephyr/subsys/bluetooth/controller/libsubsys__bluetooth__controller.a(ctrl.c.obj)
                0x000000000000bc60                ll_tx_pwr_lvl_get
 .text.ll_apto_get
                0x000000000000bc74       0x28 zephyr/subsys/bluetooth/controller/libsubsys__bluetooth__controller.a(ctrl.c.obj)
                0x000000000000bc74                ll_apto_get
 .text.ll_apto_set
                0x000000000000bc9c       0x2c zephyr/subsys/bluetooth/controller/libsubsys__bluetooth__controller.a(ctrl.c.obj)
                0x000000000000bc9c                ll_apto_set
 .text.ll_length_req_send
                0x000000000000bcc8       0x46 zephyr/subsys/bluetooth/controller/libsubsys__bluetooth__controller.a(ctrl.c.obj)
                0x000000000000bcc8                ll_length_req_send
 *fill*         0x000000000000bd0e        0x2 
 .text.ll_length_default_get
                0x000000000000bd10       0x14 zephyr/subsys/bluetooth/controller/libsubsys__bluetooth__controller.a(ctrl.c.obj)
                0x000000000000bd10                ll_length_default_get
 .text.ll_length_default_set
                0x000000000000bd24       0x14 zephyr/subsys/bluetooth/controller/libsubsys__bluetooth__controller.a(ctrl.c.obj)
                0x000000000000bd24                ll_length_default_set
 .text.ll_length_max_get
                0x000000000000bd38       0x12 zephyr/subsys/bluetooth/controller/libsubsys__bluetooth__controller.a(ctrl.c.obj)
                0x000000000000bd38                ll_length_max_get
 .text.ll_phy_get
                0x000000000000bd4a       0x28 zephyr/subsys/bluetooth/controller/libsubsys__bluetooth__controller.a(ctrl.c.obj)
                0x000000000000bd4a                ll_phy_get
 *fill*         0x000000000000bd72        0x2 
 .text.ll_phy_default_set
                0x000000000000bd74       0x14 zephyr/subsys/bluetooth/controller/libsubsys__bluetooth__controller.a(ctrl.c.obj)
                0x000000000000bd74                ll_phy_default_set
 .text.ll_phy_req_send
                0x000000000000bd88       0x60 zephyr/subsys/bluetooth/controller/libsubsys__bluetooth__controller.a(ctrl.c.obj)
                0x000000000000bd88                ll_phy_req_send
 .text.ll_rx_get
                0x000000000000bde8       0x70 zephyr/subsys/bluetooth/controller/libsubsys__bluetooth__controller.a(ctrl.c.obj)
                0x000000000000bde8                ll_rx_get
 .text.ll_rx_mem_release
                0x000000000000be58       0x6c zephyr/subsys/bluetooth/controller/libsubsys__bluetooth__controller.a(ctrl.c.obj)
                0x000000000000be58                ll_rx_mem_release
 .text.do_radio_rx_fc_set
                0x000000000000bec4       0x5c zephyr/subsys/bluetooth/controller/libsubsys__bluetooth__controller.a(ctrl.c.obj)
                0x000000000000bec4                do_radio_rx_fc_set
 .text.radio_rx_fc_set
                0x000000000000bf20       0x58 zephyr/subsys/bluetooth/controller/libsubsys__bluetooth__controller.a(ctrl.c.obj)
                0x000000000000bf20                radio_rx_fc_set
 .text.ll_tx_mem_acquire
                0x000000000000bf78        0xc zephyr/subsys/bluetooth/controller/libsubsys__bluetooth__controller.a(ctrl.c.obj)
                0x000000000000bf78                ll_tx_mem_acquire
 .text.ll_tx_mem_release
                0x000000000000bf84        0xc zephyr/subsys/bluetooth/controller/libsubsys__bluetooth__controller.a(ctrl.c.obj)
                0x000000000000bf84                ll_tx_mem_release
 .text.ll_tx_mem_enqueue
                0x000000000000bf90       0xcc zephyr/subsys/bluetooth/controller/libsubsys__bluetooth__controller.a(ctrl.c.obj)
                0x000000000000bf90                ll_tx_mem_enqueue
 .text.ll_enc_req_send
                0x000000000000c05c       0xd6 zephyr/subsys/bluetooth/controller/libsubsys__bluetooth__controller.a(ctrl.c.obj)
                0x000000000000c05c                ll_enc_req_send
 *fill*         0x000000000000c132        0x6 
 .text.radio_adv_enable
                0x000000000000c138      0x520 zephyr/subsys/bluetooth/controller/libsubsys__bluetooth__controller.a(ctrl.c.obj)
                0x000000000000c138                radio_adv_enable
 .text.radio_adv_disable
                0x000000000000c658       0x5c zephyr/subsys/bluetooth/controller/libsubsys__bluetooth__controller.a(ctrl.c.obj)
                0x000000000000c658                radio_adv_disable
 *fill*         0x000000000000c6b4        0x4 
 .text.radio_scan_enable
                0x000000000000c6b8      0x1fc zephyr/subsys/bluetooth/controller/libsubsys__bluetooth__controller.a(ctrl.c.obj)
                0x000000000000c6b8                radio_scan_enable
 .text.radio_scan_disable
                0x000000000000c8b4       0x5c zephyr/subsys/bluetooth/controller/libsubsys__bluetooth__controller.a(ctrl.c.obj)
                0x000000000000c8b4                radio_scan_disable
 .text.ll_connect_disable
                0x000000000000c910       0x14 zephyr/subsys/bluetooth/controller/libsubsys__bluetooth__controller.a(ctrl.c.obj)
                0x000000000000c910                ll_connect_disable
 .text.ll_rx_dequeue
                0x000000000000c924      0x114 zephyr/subsys/bluetooth/controller/libsubsys__bluetooth__controller.a(ctrl.c.obj)
                0x000000000000c924                ll_rx_dequeue
 .text.rtc0_nrf5_isr
                0x000000000000ca38       0x34 zephyr/subsys/bluetooth/controller/libsubsys__bluetooth__controller.a(ll.c.obj)
 .text.swi4_nrf5_isr
                0x000000000000ca6c        0x6 zephyr/subsys/bluetooth/controller/libsubsys__bluetooth__controller.a(ll.c.obj)
 .text.radio_nrf5_isr
                0x000000000000ca72       0x1e zephyr/subsys/bluetooth/controller/libsubsys__bluetooth__controller.a(ll.c.obj)
                0x000000000000ca72                radio_nrf5_isr
 .text.radio_active_callback
                0x000000000000ca90        0x2 zephyr/subsys/bluetooth/controller/libsubsys__bluetooth__controller.a(ll.c.obj)
                0x000000000000ca90                radio_active_callback
 *fill*         0x000000000000ca92        0x2 
 .text.radio_event_callback
                0x000000000000ca94        0xc zephyr/subsys/bluetooth/controller/libsubsys__bluetooth__controller.a(ll.c.obj)
                0x000000000000ca94                radio_event_callback
 .text.ll_init  0x000000000000caa0      0x110 zephyr/subsys/bluetooth/controller/libsubsys__bluetooth__controller.a(ll.c.obj)
                0x000000000000caa0                ll_init
 .text.ll_adv_set_get
                0x000000000000cbb0        0x8 zephyr/subsys/bluetooth/controller/libsubsys__bluetooth__controller.a(ll_adv.c.obj)
                0x000000000000cbb0                ll_adv_set_get
 .text.ll_adv_params_set
                0x000000000000cbb8      0x3a0 zephyr/subsys/bluetooth/controller/libsubsys__bluetooth__controller.a(ll_adv.c.obj)
                0x000000000000cbb8                ll_adv_params_set
 .text.ll_adv_data_set
                0x000000000000cf58       0xd8 zephyr/subsys/bluetooth/controller/libsubsys__bluetooth__controller.a(ll_adv.c.obj)
                0x000000000000cf58                ll_adv_data_set
 .text.ll_scan_data_set
                0x000000000000d030       0x82 zephyr/subsys/bluetooth/controller/libsubsys__bluetooth__controller.a(ll_adv.c.obj)
                0x000000000000d030                ll_scan_data_set
 *fill*         0x000000000000d0b2        0x2 
 .text.ll_adv_enable
                0x000000000000d0b4       0xf8 zephyr/subsys/bluetooth/controller/libsubsys__bluetooth__controller.a(ll_adv.c.obj)
                0x000000000000d0b4                ll_adv_enable
 .text.ll_scan_params_set
                0x000000000000d1ac       0x48 zephyr/subsys/bluetooth/controller/libsubsys__bluetooth__controller.a(ll_scan.c.obj)
                0x000000000000d1ac                ll_scan_params_set
 .text.ll_scan_enable
                0x000000000000d1f4       0x74 zephyr/subsys/bluetooth/controller/libsubsys__bluetooth__controller.a(ll_scan.c.obj)
                0x000000000000d1f4                ll_scan_enable
 .text.ll_create_connection
                0x000000000000d268       0x9c zephyr/subsys/bluetooth/controller/libsubsys__bluetooth__controller.a(ll_master.c.obj)
                0x000000000000d268                ll_create_connection
 .text.isr_tx   0x000000000000d304       0x88 zephyr/subsys/bluetooth/controller/libsubsys__bluetooth__controller.a(ll_test.c.obj)
 .text.isr_rx   0x000000000000d38c       0x3c zephyr/subsys/bluetooth/controller/libsubsys__bluetooth__controller.a(ll_test.c.obj)
 .text.init.part.1
                0x000000000000d3c8       0x94 zephyr/subsys/bluetooth/controller/libsubsys__bluetooth__controller.a(ll_test.c.obj)
 .text.ll_test_tx
                0x000000000000d45c       0xc8 zephyr/subsys/bluetooth/controller/libsubsys__bluetooth__controller.a(ll_test.c.obj)
                0x000000000000d45c                ll_test_tx
 .text.ll_test_rx
                0x000000000000d524       0x50 zephyr/subsys/bluetooth/controller/libsubsys__bluetooth__controller.a(ll_test.c.obj)
                0x000000000000d524                ll_test_rx
 .text.ll_test_end
                0x000000000000d574       0x68 zephyr/subsys/bluetooth/controller/libsubsys__bluetooth__controller.a(ll_test.c.obj)
                0x000000000000d574                ll_test_end
 .text.wl_find  0x000000000000d5dc       0x64 zephyr/subsys/bluetooth/controller/libsubsys__bluetooth__controller.a(ll_filter.c.obj)
 .text.filter_rl_update
                0x000000000000d640       0x58 zephyr/subsys/bluetooth/controller/libsubsys__bluetooth__controller.a(ll_filter.c.obj)
 .text.rl_access_check.constprop.1
                0x000000000000d698       0x18 zephyr/subsys/bluetooth/controller/libsubsys__bluetooth__controller.a(ll_filter.c.obj)
 .text.filter_wl_update
                0x000000000000d6b0       0x84 zephyr/subsys/bluetooth/controller/libsubsys__bluetooth__controller.a(ll_filter.c.obj)
 .text.ctrl_lrpa_get
                0x000000000000d734       0x28 zephyr/subsys/bluetooth/controller/libsubsys__bluetooth__controller.a(ll_filter.c.obj)
                0x000000000000d734                ctrl_lrpa_get
 .text.ctrl_irks_get
                0x000000000000d75c       0x14 zephyr/subsys/bluetooth/controller/libsubsys__bluetooth__controller.a(ll_filter.c.obj)
                0x000000000000d75c                ctrl_irks_get
 .text.ctrl_rl_idx
                0x000000000000d770       0x5c zephyr/subsys/bluetooth/controller/libsubsys__bluetooth__controller.a(ll_filter.c.obj)
                0x000000000000d770                ctrl_rl_idx
 .text.ctrl_rl_irk_idx
                0x000000000000d7cc       0x54 zephyr/subsys/bluetooth/controller/libsubsys__bluetooth__controller.a(ll_filter.c.obj)
                0x000000000000d7cc                ctrl_rl_irk_idx
 .text.ctrl_irk_whitelisted
                0x000000000000d820       0x38 zephyr/subsys/bluetooth/controller/libsubsys__bluetooth__controller.a(ll_filter.c.obj)
                0x000000000000d820                ctrl_irk_whitelisted
 .text.ctrl_filter_get
                0x000000000000d858       0x18 zephyr/subsys/bluetooth/controller/libsubsys__bluetooth__controller.a(ll_filter.c.obj)
                0x000000000000d858                ctrl_filter_get
 .text.ll_wl_size_get
                0x000000000000d870        0x4 zephyr/subsys/bluetooth/controller/libsubsys__bluetooth__controller.a(ll_filter.c.obj)
                0x000000000000d870                ll_wl_size_get
 .text.ll_wl_clear
                0x000000000000d874       0x40 zephyr/subsys/bluetooth/controller/libsubsys__bluetooth__controller.a(ll_filter.c.obj)
                0x000000000000d874                ll_wl_clear
 .text.ll_wl_remove
                0x000000000000d8b4       0x6c zephyr/subsys/bluetooth/controller/libsubsys__bluetooth__controller.a(ll_filter.c.obj)
                0x000000000000d8b4                ll_wl_remove
 .text.ll_filters_adv_update
                0x000000000000d920       0x2c zephyr/subsys/bluetooth/controller/libsubsys__bluetooth__controller.a(ll_filter.c.obj)
                0x000000000000d920                ll_filters_adv_update
 .text.ll_filters_scan_update
                0x000000000000d94c       0x2c zephyr/subsys/bluetooth/controller/libsubsys__bluetooth__controller.a(ll_filter.c.obj)
                0x000000000000d94c                ll_filters_scan_update
 .text.ll_rl_find
                0x000000000000d978       0x68 zephyr/subsys/bluetooth/controller/libsubsys__bluetooth__controller.a(ll_filter.c.obj)
                0x000000000000d978                ll_rl_find
 .text.ll_wl_add
                0x000000000000d9e0       0xb0 zephyr/subsys/bluetooth/controller/libsubsys__bluetooth__controller.a(ll_filter.c.obj)
                0x000000000000d9e0                ll_wl_add
 .text.ctrl_rl_idx_allowed
                0x000000000000da90       0x48 zephyr/subsys/bluetooth/controller/libsubsys__bluetooth__controller.a(ll_filter.c.obj)
                0x000000000000da90                ctrl_rl_idx_allowed
 .text.ll_rl_id_addr_get
                0x000000000000dad8       0x54 zephyr/subsys/bluetooth/controller/libsubsys__bluetooth__controller.a(ll_filter.c.obj)
                0x000000000000dad8                ll_rl_id_addr_get
 .text.ctrl_rl_addr_allowed
                0x000000000000db2c       0x78 zephyr/subsys/bluetooth/controller/libsubsys__bluetooth__controller.a(ll_filter.c.obj)
                0x000000000000db2c                ctrl_rl_addr_allowed
 .text.ctrl_rl_addr_resolve
                0x000000000000dba4       0x40 zephyr/subsys/bluetooth/controller/libsubsys__bluetooth__controller.a(ll_filter.c.obj)
                0x000000000000dba4                ctrl_rl_addr_resolve
 .text.ctrl_rl_enabled
                0x000000000000dbe4       0x10 zephyr/subsys/bluetooth/controller/libsubsys__bluetooth__controller.a(ll_filter.c.obj)
                0x000000000000dbe4                ctrl_rl_enabled
 .text.ll_rl_pdu_adv_update
                0x000000000000dbf4       0xb8 zephyr/subsys/bluetooth/controller/libsubsys__bluetooth__controller.a(ll_filter.c.obj)
                0x000000000000dbf4                ll_rl_pdu_adv_update
 .text.ll_rl_rpa_update
                0x000000000000dcac      0x1c0 zephyr/subsys/bluetooth/controller/libsubsys__bluetooth__controller.a(ll_filter.c.obj)
                0x000000000000dcac                ll_rl_rpa_update
 .text.rpa_timeout
                0x000000000000de6c       0x24 zephyr/subsys/bluetooth/controller/libsubsys__bluetooth__controller.a(ll_filter.c.obj)
 .text.ll_adv_scan_state_cb
                0x000000000000de90       0x30 zephyr/subsys/bluetooth/controller/libsubsys__bluetooth__controller.a(ll_filter.c.obj)
                0x000000000000de90                ll_adv_scan_state_cb
 .text.ll_rl_size_get
                0x000000000000dec0        0x4 zephyr/subsys/bluetooth/controller/libsubsys__bluetooth__controller.a(ll_filter.c.obj)
                0x000000000000dec0                ll_rl_size_get
 .text.ll_rl_clear
                0x000000000000dec4       0x34 zephyr/subsys/bluetooth/controller/libsubsys__bluetooth__controller.a(ll_filter.c.obj)
                0x000000000000dec4                ll_rl_clear
 .text.ll_rl_add
                0x000000000000def8      0x144 zephyr/subsys/bluetooth/controller/libsubsys__bluetooth__controller.a(ll_filter.c.obj)
                0x000000000000def8                ll_rl_add
 .text.ll_rl_remove
                0x000000000000e03c       0xd8 zephyr/subsys/bluetooth/controller/libsubsys__bluetooth__controller.a(ll_filter.c.obj)
                0x000000000000e03c                ll_rl_remove
 .text.ll_rl_crpa_set
                0x000000000000e114       0x44 zephyr/subsys/bluetooth/controller/libsubsys__bluetooth__controller.a(ll_filter.c.obj)
                0x000000000000e114                ll_rl_crpa_set
 .text.ll_rl_crpa_get
                0x000000000000e158       0x40 zephyr/subsys/bluetooth/controller/libsubsys__bluetooth__controller.a(ll_filter.c.obj)
                0x000000000000e158                ll_rl_crpa_get
 .text.ll_rl_lrpa_get
                0x000000000000e198       0x30 zephyr/subsys/bluetooth/controller/libsubsys__bluetooth__controller.a(ll_filter.c.obj)
                0x000000000000e198                ll_rl_lrpa_get
 .text.ll_rl_enable
                0x000000000000e1c8       0x24 zephyr/subsys/bluetooth/controller/libsubsys__bluetooth__controller.a(ll_filter.c.obj)
                0x000000000000e1c8                ll_rl_enable
 .text.ll_rl_timeout_set
                0x000000000000e1ec       0x10 zephyr/subsys/bluetooth/controller/libsubsys__bluetooth__controller.a(ll_filter.c.obj)
                0x000000000000e1ec                ll_rl_timeout_set
 .text.ll_priv_mode_set
                0x000000000000e1fc       0x50 zephyr/subsys/bluetooth/controller/libsubsys__bluetooth__controller.a(ll_filter.c.obj)
                0x000000000000e1fc                ll_priv_mode_set
 .text.ll_filter_reset
                0x000000000000e24c       0x90 zephyr/subsys/bluetooth/controller/libsubsys__bluetooth__controller.a(ll_filter.c.obj)
                0x000000000000e24c                ll_filter_reset
 .text.cntr_init
                0x000000000000e2dc       0x1c zephyr/subsys/bluetooth/controller/libsubsys__bluetooth__controller.a(cntr.c.obj)
                0x000000000000e2dc                cntr_init
 .text.cntr_start
                0x000000000000e2f8       0x1c zephyr/subsys/bluetooth/controller/libsubsys__bluetooth__controller.a(cntr.c.obj)
                0x000000000000e2f8                cntr_start
 .text.cntr_stop
                0x000000000000e314       0x34 zephyr/subsys/bluetooth/controller/libsubsys__bluetooth__controller.a(cntr.c.obj)
                0x000000000000e314                cntr_stop
 .text.cntr_cnt_get
                0x000000000000e348        0xc zephyr/subsys/bluetooth/controller/libsubsys__bluetooth__controller.a(cntr.c.obj)
                0x000000000000e348                cntr_cnt_get
 .text.cntr_cmp_set
                0x000000000000e354       0x10 zephyr/subsys/bluetooth/controller/libsubsys__bluetooth__controller.a(cntr.c.obj)
                0x000000000000e354                cntr_cmp_set
 .text.do_ecb   0x000000000000e364       0x4c zephyr/subsys/bluetooth/controller/libsubsys__bluetooth__controller.a(ecb.c.obj)
 .text.ecb_encrypt
                0x000000000000e3b0       0x42 zephyr/subsys/bluetooth/controller/libsubsys__bluetooth__controller.a(ecb.c.obj)
                0x000000000000e3b0                ecb_encrypt
 *fill*         0x000000000000e3f2        0x2 
 .text.hal_radio_enable_on_tick_ppi_config_and_enable
                0x000000000000e3f4       0x30 zephyr/subsys/bluetooth/controller/libsubsys__bluetooth__controller.a(radio.c.obj)
 .text.sw_switch.isra.6
                0x000000000000e424      0x200 zephyr/subsys/bluetooth/controller/libsubsys__bluetooth__controller.a(radio.c.obj)
 .text.isr_radio
                0x000000000000e624       0x10 zephyr/subsys/bluetooth/controller/libsubsys__bluetooth__controller.a(radio.c.obj)
                0x000000000000e624                isr_radio
 .text.radio_isr_set
                0x000000000000e634       0x28 zephyr/subsys/bluetooth/controller/libsubsys__bluetooth__controller.a(radio.c.obj)
                0x000000000000e634                radio_isr_set
 .text.radio_setup
                0x000000000000e65c       0x44 zephyr/subsys/bluetooth/controller/libsubsys__bluetooth__controller.a(radio.c.obj)
                0x000000000000e65c                radio_setup
 .text.radio_reset
                0x000000000000e6a0       0x34 zephyr/subsys/bluetooth/controller/libsubsys__bluetooth__controller.a(radio.c.obj)
                0x000000000000e6a0                radio_reset
 .text.radio_phy_set
                0x000000000000e6d4       0x5c zephyr/subsys/bluetooth/controller/libsubsys__bluetooth__controller.a(radio.c.obj)
                0x000000000000e6d4                radio_phy_set
 .text.radio_tx_power_set
                0x000000000000e730        0xc zephyr/subsys/bluetooth/controller/libsubsys__bluetooth__controller.a(radio.c.obj)
                0x000000000000e730                radio_tx_power_set
 .text.radio_freq_chan_set
                0x000000000000e73c        0xc zephyr/subsys/bluetooth/controller/libsubsys__bluetooth__controller.a(radio.c.obj)
                0x000000000000e73c                radio_freq_chan_set
 .text.radio_whiten_iv_set
                0x000000000000e748       0x24 zephyr/subsys/bluetooth/controller/libsubsys__bluetooth__controller.a(radio.c.obj)
                0x000000000000e748                radio_whiten_iv_set
 .text.radio_aa_set
                0x000000000000e76c       0x30 zephyr/subsys/bluetooth/controller/libsubsys__bluetooth__controller.a(radio.c.obj)
                0x000000000000e76c                radio_aa_set
 .text.radio_pkt_configure
                0x000000000000e79c       0x64 zephyr/subsys/bluetooth/controller/libsubsys__bluetooth__controller.a(radio.c.obj)
                0x000000000000e79c                radio_pkt_configure
 .text.radio_pkt_rx_set
                0x000000000000e800        0xc zephyr/subsys/bluetooth/controller/libsubsys__bluetooth__controller.a(radio.c.obj)
                0x000000000000e800                radio_pkt_rx_set
 .text.radio_pkt_tx_set
                0x000000000000e80c        0xc zephyr/subsys/bluetooth/controller/libsubsys__bluetooth__controller.a(radio.c.obj)
                0x000000000000e80c                radio_pkt_tx_set
 .text.radio_tx_ready_delay_get
                0x000000000000e818       0x12 zephyr/subsys/bluetooth/controller/libsubsys__bluetooth__controller.a(radio.c.obj)
                0x000000000000e818                radio_tx_ready_delay_get
 .text.radio_tx_chain_delay_get
                0x000000000000e82a        0x4 zephyr/subsys/bluetooth/controller/libsubsys__bluetooth__controller.a(radio.c.obj)
                0x000000000000e82a                radio_tx_chain_delay_get
 .text.radio_rx_ready_delay_get
                0x000000000000e82e        0x4 zephyr/subsys/bluetooth/controller/libsubsys__bluetooth__controller.a(radio.c.obj)
                0x000000000000e82e                radio_rx_ready_delay_get
 .text.radio_rx_chain_delay_get
                0x000000000000e832       0x1c zephyr/subsys/bluetooth/controller/libsubsys__bluetooth__controller.a(radio.c.obj)
                0x000000000000e832                radio_rx_chain_delay_get
 *fill*         0x000000000000e84e        0x2 
 .text.radio_rx_enable
                0x000000000000e850        0xc zephyr/subsys/bluetooth/controller/libsubsys__bluetooth__controller.a(radio.c.obj)
                0x000000000000e850                radio_rx_enable
 .text.radio_tx_enable
                0x000000000000e85c        0xc zephyr/subsys/bluetooth/controller/libsubsys__bluetooth__controller.a(radio.c.obj)
                0x000000000000e85c                radio_tx_enable
 .text.radio_disable
                0x000000000000e868       0x24 zephyr/subsys/bluetooth/controller/libsubsys__bluetooth__controller.a(radio.c.obj)
                0x000000000000e868                radio_disable
 .text.radio_status_reset
                0x000000000000e88c       0x18 zephyr/subsys/bluetooth/controller/libsubsys__bluetooth__controller.a(radio.c.obj)
                0x000000000000e88c                radio_status_reset
 .text.radio_is_ready
                0x000000000000e8a4       0x14 zephyr/subsys/bluetooth/controller/libsubsys__bluetooth__controller.a(radio.c.obj)
                0x000000000000e8a4                radio_is_ready
 .text.radio_is_done
                0x000000000000e8b8       0x14 zephyr/subsys/bluetooth/controller/libsubsys__bluetooth__controller.a(radio.c.obj)
                0x000000000000e8b8                radio_is_done
 .text.radio_is_idle
                0x000000000000e8cc       0x14 zephyr/subsys/bluetooth/controller/libsubsys__bluetooth__controller.a(radio.c.obj)
                0x000000000000e8cc                radio_is_idle
 .text.radio_crc_configure
                0x000000000000e8e0       0x18 zephyr/subsys/bluetooth/controller/libsubsys__bluetooth__controller.a(radio.c.obj)
                0x000000000000e8e0                radio_crc_configure
 .text.radio_crc_is_valid
                0x000000000000e8f8       0x14 zephyr/subsys/bluetooth/controller/libsubsys__bluetooth__controller.a(radio.c.obj)
                0x000000000000e8f8                radio_crc_is_valid
 .text.radio_pkt_empty_get
                0x000000000000e90c        0x8 zephyr/subsys/bluetooth/controller/libsubsys__bluetooth__controller.a(radio.c.obj)
                0x000000000000e90c                radio_pkt_empty_get
 .text.radio_pkt_scratch_get
                0x000000000000e914        0x8 zephyr/subsys/bluetooth/controller/libsubsys__bluetooth__controller.a(radio.c.obj)
                0x000000000000e914                radio_pkt_scratch_get
 .text.radio_switch_complete_and_rx
                0x000000000000e91c       0x18 zephyr/subsys/bluetooth/controller/libsubsys__bluetooth__controller.a(radio.c.obj)
                0x000000000000e91c                radio_switch_complete_and_rx
 .text.radio_switch_complete_and_tx
                0x000000000000e934       0x14 zephyr/subsys/bluetooth/controller/libsubsys__bluetooth__controller.a(radio.c.obj)
                0x000000000000e934                radio_switch_complete_and_tx
 .text.radio_switch_complete_and_disable
                0x000000000000e948       0x1c zephyr/subsys/bluetooth/controller/libsubsys__bluetooth__controller.a(radio.c.obj)
                0x000000000000e948                radio_switch_complete_and_disable
 .text.radio_rssi_measure
                0x000000000000e964       0x14 zephyr/subsys/bluetooth/controller/libsubsys__bluetooth__controller.a(radio.c.obj)
                0x000000000000e964                radio_rssi_measure
 .text.radio_rssi_get
                0x000000000000e978        0xc zephyr/subsys/bluetooth/controller/libsubsys__bluetooth__controller.a(radio.c.obj)
                0x000000000000e978                radio_rssi_get
 .text.radio_rssi_status_reset
                0x000000000000e984       0x10 zephyr/subsys/bluetooth/controller/libsubsys__bluetooth__controller.a(radio.c.obj)
                0x000000000000e984                radio_rssi_status_reset
 .text.radio_rssi_is_ready
                0x000000000000e994       0x14 zephyr/subsys/bluetooth/controller/libsubsys__bluetooth__controller.a(radio.c.obj)
                0x000000000000e994                radio_rssi_is_ready
 .text.radio_filter_configure
                0x000000000000e9a8       0x34 zephyr/subsys/bluetooth/controller/libsubsys__bluetooth__controller.a(radio.c.obj)
                0x000000000000e9a8                radio_filter_configure
 .text.radio_filter_disable
                0x000000000000e9dc       0x14 zephyr/subsys/bluetooth/controller/libsubsys__bluetooth__controller.a(radio.c.obj)
                0x000000000000e9dc                radio_filter_disable
 .text.radio_filter_status_reset
                0x000000000000e9f0       0x10 zephyr/subsys/bluetooth/controller/libsubsys__bluetooth__controller.a(radio.c.obj)
                0x000000000000e9f0                radio_filter_status_reset
 .text.radio_filter_has_match
                0x000000000000ea00       0x14 zephyr/subsys/bluetooth/controller/libsubsys__bluetooth__controller.a(radio.c.obj)
                0x000000000000ea00                radio_filter_has_match
 .text.radio_filter_match_get
                0x000000000000ea14        0xc zephyr/subsys/bluetooth/controller/libsubsys__bluetooth__controller.a(radio.c.obj)
                0x000000000000ea14                radio_filter_match_get
 .text.radio_bc_configure
                0x000000000000ea20       0x18 zephyr/subsys/bluetooth/controller/libsubsys__bluetooth__controller.a(radio.c.obj)
                0x000000000000ea20                radio_bc_configure
 .text.radio_tmr_status_reset
                0x000000000000ea38       0x20 zephyr/subsys/bluetooth/controller/libsubsys__bluetooth__controller.a(radio.c.obj)
                0x000000000000ea38                radio_tmr_status_reset
 .text.radio_tmr_tifs_set
                0x000000000000ea58       0x18 zephyr/subsys/bluetooth/controller/libsubsys__bluetooth__controller.a(radio.c.obj)
                0x000000000000ea58                radio_tmr_tifs_set
 .text.radio_tmr_start
                0x000000000000ea70       0xc0 zephyr/subsys/bluetooth/controller/libsubsys__bluetooth__controller.a(radio.c.obj)
                0x000000000000ea70                radio_tmr_start
 .text.radio_tmr_start_us
                0x000000000000eb30       0x10 zephyr/subsys/bluetooth/controller/libsubsys__bluetooth__controller.a(radio.c.obj)
                0x000000000000eb30                radio_tmr_start_us
 .text.radio_tmr_stop
                0x000000000000eb40       0x18 zephyr/subsys/bluetooth/controller/libsubsys__bluetooth__controller.a(radio.c.obj)
                0x000000000000eb40                radio_tmr_stop
 .text.radio_tmr_hcto_configure
                0x000000000000eb58       0x3c zephyr/subsys/bluetooth/controller/libsubsys__bluetooth__controller.a(radio.c.obj)
                0x000000000000eb58                radio_tmr_hcto_configure
 .text.radio_tmr_aa_capture
                0x000000000000eb94       0x38 zephyr/subsys/bluetooth/controller/libsubsys__bluetooth__controller.a(radio.c.obj)
                0x000000000000eb94                radio_tmr_aa_capture
 .text.radio_tmr_aa_get
                0x000000000000ebcc        0xc zephyr/subsys/bluetooth/controller/libsubsys__bluetooth__controller.a(radio.c.obj)
                0x000000000000ebcc                radio_tmr_aa_get
 .text.radio_tmr_aa_save
                0x000000000000ebd8        0xc zephyr/subsys/bluetooth/controller/libsubsys__bluetooth__controller.a(radio.c.obj)
                0x000000000000ebd8                radio_tmr_aa_save
 .text.radio_tmr_aa_restore
                0x000000000000ebe4        0xc zephyr/subsys/bluetooth/controller/libsubsys__bluetooth__controller.a(radio.c.obj)
                0x000000000000ebe4                radio_tmr_aa_restore
 .text.radio_tmr_ready_get
                0x000000000000ebf0        0xc zephyr/subsys/bluetooth/controller/libsubsys__bluetooth__controller.a(radio.c.obj)
                0x000000000000ebf0                radio_tmr_ready_get
 .text.radio_tmr_end_capture
                0x000000000000ebfc       0x24 zephyr/subsys/bluetooth/controller/libsubsys__bluetooth__controller.a(radio.c.obj)
                0x000000000000ebfc                radio_tmr_end_capture
 .text.radio_tmr_end_get
                0x000000000000ec20        0xc zephyr/subsys/bluetooth/controller/libsubsys__bluetooth__controller.a(radio.c.obj)
                0x000000000000ec20                radio_tmr_end_get
 .text.radio_tmr_tifs_base_get
                0x000000000000ec2c        0xc zephyr/subsys/bluetooth/controller/libsubsys__bluetooth__controller.a(radio.c.obj)
                0x000000000000ec2c                radio_tmr_tifs_base_get
 .text.radio_tmr_sample
                0x000000000000ec38        0xc zephyr/subsys/bluetooth/controller/libsubsys__bluetooth__controller.a(radio.c.obj)
                0x000000000000ec38                radio_tmr_sample
 .text.radio_tmr_sample_get
                0x000000000000ec44        0xc zephyr/subsys/bluetooth/controller/libsubsys__bluetooth__controller.a(radio.c.obj)
                0x000000000000ec44                radio_tmr_sample_get
 .text.radio_ccm_rx_pkt_set
                0x000000000000ec50       0xac zephyr/subsys/bluetooth/controller/libsubsys__bluetooth__controller.a(radio.c.obj)
                0x000000000000ec50                radio_ccm_rx_pkt_set
 .text.radio_ccm_tx_pkt_set
                0x000000000000ecfc       0x4c zephyr/subsys/bluetooth/controller/libsubsys__bluetooth__controller.a(radio.c.obj)
                0x000000000000ecfc                radio_ccm_tx_pkt_set
 .text.radio_ccm_is_done
                0x000000000000ed48       0x3c zephyr/subsys/bluetooth/controller/libsubsys__bluetooth__controller.a(radio.c.obj)
                0x000000000000ed48                radio_ccm_is_done
 .text.radio_ccm_mic_is_valid
                0x000000000000ed84       0x14 zephyr/subsys/bluetooth/controller/libsubsys__bluetooth__controller.a(radio.c.obj)
                0x000000000000ed84                radio_ccm_mic_is_valid
 .text.radio_ar_configure
                0x000000000000ed98       0x64 zephyr/subsys/bluetooth/controller/libsubsys__bluetooth__controller.a(radio.c.obj)
                0x000000000000ed98                radio_ar_configure
 .text.radio_ar_match_get
                0x000000000000edfc        0xc zephyr/subsys/bluetooth/controller/libsubsys__bluetooth__controller.a(radio.c.obj)
                0x000000000000edfc                radio_ar_match_get
 .text.radio_ar_status_reset
                0x000000000000ee08       0x18 zephyr/subsys/bluetooth/controller/libsubsys__bluetooth__controller.a(radio.c.obj)
                0x000000000000ee08                radio_ar_status_reset
 .text.radio_ar_has_match
                0x000000000000ee20       0x28 zephyr/subsys/bluetooth/controller/libsubsys__bluetooth__controller.a(radio.c.obj)
                0x000000000000ee20                radio_ar_has_match
 .text.mayfly_enable_cb
                0x000000000000ee48       0x28 zephyr/subsys/bluetooth/controller/libsubsys__bluetooth__controller.a(mayfly.c.obj)
                0x000000000000ee48                mayfly_enable_cb
 .text.mayfly_is_enabled
                0x000000000000ee70       0x28 zephyr/subsys/bluetooth/controller/libsubsys__bluetooth__controller.a(mayfly.c.obj)
                0x000000000000ee70                mayfly_is_enabled
 .text.mayfly_prio_is_equal
                0x000000000000ee98       0x22 zephyr/subsys/bluetooth/controller/libsubsys__bluetooth__controller.a(mayfly.c.obj)
                0x000000000000ee98                mayfly_prio_is_equal
 *fill*         0x000000000000eeba        0x2 
 .text.mayfly_pend
                0x000000000000eebc       0x28 zephyr/subsys/bluetooth/controller/libsubsys__bluetooth__controller.a(mayfly.c.obj)
                0x000000000000eebc                mayfly_pend
 .text.hal_ticker_instance0_caller_id_get
                0x000000000000eee4       0x2c zephyr/subsys/bluetooth/controller/libsubsys__bluetooth__controller.a(ticker.c.obj)
                0x000000000000eee4                hal_ticker_instance0_caller_id_get
 .text.hal_ticker_instance0_sched
                0x000000000000ef10       0x8c zephyr/subsys/bluetooth/controller/libsubsys__bluetooth__controller.a(ticker.c.obj)
                0x000000000000ef10                hal_ticker_instance0_sched
 .text.hal_ticker_instance0_trigger_set
                0x000000000000ef9c        0x8 zephyr/subsys/bluetooth/controller/libsubsys__bluetooth__controller.a(ticker.c.obj)
                0x000000000000ef9c                hal_ticker_instance0_trigger_set
 .text.fixed_data_unref
                0x000000000000efa4        0x2 zephyr/subsys/net/libsubsys__net.a(buf.c.obj)
 *fill*         0x000000000000efa6        0x2 
 .text.net_buf_id
                0x000000000000efa8       0x1c zephyr/subsys/net/libsubsys__net.a(buf.c.obj)
                0x000000000000efa8                net_buf_id
 .text.fixed_data_alloc
                0x000000000000efc4       0x2c zephyr/subsys/net/libsubsys__net.a(buf.c.obj)
 .text.net_buf_alloc_len
                0x000000000000eff0       0xd4 zephyr/subsys/net/libsubsys__net.a(buf.c.obj)
                0x000000000000eff0                net_buf_alloc_len
 .text.net_buf_alloc_fixed
                0x000000000000f0c4        0xc zephyr/subsys/net/libsubsys__net.a(buf.c.obj)
                0x000000000000f0c4                net_buf_alloc_fixed
 .text.net_buf_get
                0x000000000000f0d0       0x32 zephyr/subsys/net/libsubsys__net.a(buf.c.obj)
                0x000000000000f0d0                net_buf_get
 .text.net_buf_put
                0x000000000000f102       0x1a zephyr/subsys/net/libsubsys__net.a(buf.c.obj)
                0x000000000000f102                net_buf_put
 .text.net_buf_unref
                0x000000000000f11c       0x5c zephyr/subsys/net/libsubsys__net.a(buf.c.obj)
                0x000000000000f11c                net_buf_unref
 .text.net_buf_simple_add
                0x000000000000f178        0xc zephyr/subsys/net/libsubsys__net.a(buf.c.obj)
                0x000000000000f178                net_buf_simple_add
 .text.net_buf_simple_add_mem
                0x000000000000f184       0x12 zephyr/subsys/net/libsubsys__net.a(buf.c.obj)
                0x000000000000f184                net_buf_simple_add_mem
 .text.net_buf_simple_pull
                0x000000000000f196       0x10 zephyr/subsys/net/libsubsys__net.a(buf.c.obj)
                0x000000000000f196                net_buf_simple_pull
 .text.net_buf_simple_pull_u8
                0x000000000000f1a6       0x10 zephyr/subsys/net/libsubsys__net.a(buf.c.obj)
                0x000000000000f1a6                net_buf_simple_pull_u8
 .text.net_buf_simple_tailroom
                0x000000000000f1b6       0x10 zephyr/subsys/net/libsubsys__net.a(buf.c.obj)
                0x000000000000f1b6                net_buf_simple_tailroom
 *fill*         0x000000000000f1c6        0x2 
 .text._sys_device_do_config_level
                0x000000000000f1c8       0x28 zephyr/kernel/libkernel.a(device.c.obj)
                0x000000000000f1c8                _sys_device_do_config_level
 .text.device_get_binding
                0x000000000000f1f0       0x4c zephyr/kernel/libkernel.a(device.c.obj)
                0x000000000000f1f0                device_get_binding
 .text._sys_power_save_idle_exit
                0x000000000000f23c       0x18 zephyr/kernel/libkernel.a(idle.c.obj)
                0x000000000000f23c                _sys_power_save_idle_exit
 .text.idle     0x000000000000f254       0x48 zephyr/kernel/libkernel.a(idle.c.obj)
                0x000000000000f254                idle
 .text._bss_zero
                0x000000000000f29c       0x14 zephyr/kernel/libkernel.a(init.c.obj)
                0x000000000000f29c                _bss_zero
 .text._data_copy
                0x000000000000f2b0       0x18 zephyr/kernel/libkernel.a(init.c.obj)
                0x000000000000f2b0                _data_copy
 .text.bg_thread_main
                0x000000000000f2c8       0x28 zephyr/kernel/libkernel.a(init.c.obj)
 .text._Cstart  0x000000000000f2f0      0x100 zephyr/kernel/libkernel.a(init.c.obj)
                0x000000000000f2f0                _Cstart
 .text.get_bit_ptr
                0x000000000000f3f0       0x28 zephyr/kernel/libkernel.a(mempool.c.obj)
 .text.set_free_bit
                0x000000000000f418       0x1c zephyr/kernel/libkernel.a(mempool.c.obj)
 .text.init_static_pools
                0x000000000000f434       0xd0 zephyr/kernel/libkernel.a(mempool.c.obj)
                0x000000000000f434                init_static_pools
 .text.k_queue_init
                0x000000000000f504       0x10 zephyr/kernel/libkernel.a(queue.c.obj)
                0x000000000000f504                k_queue_init
 .text.k_queue_insert
                0x000000000000f514       0x52 zephyr/kernel/libkernel.a(queue.c.obj)
                0x000000000000f514                k_queue_insert
 .text.k_queue_append
                0x000000000000f566        0x8 zephyr/kernel/libkernel.a(queue.c.obj)
                0x000000000000f566                k_queue_append
 .text.k_queue_prepend
                0x000000000000f56e        0x8 zephyr/kernel/libkernel.a(queue.c.obj)
                0x000000000000f56e                k_queue_prepend
 .text.k_queue_append_list
                0x000000000000f576       0x38 zephyr/kernel/libkernel.a(queue.c.obj)
                0x000000000000f576                k_queue_append_list
 .text.k_queue_get
                0x000000000000f5ae       0x8c zephyr/kernel/libkernel.a(queue.c.obj)
                0x000000000000f5ae                k_queue_get
 *fill*         0x000000000000f63a        0x2 
 .text._add_thread_to_ready_q
                0x000000000000f63c       0x50 zephyr/kernel/libkernel.a(sched.c.obj)
                0x000000000000f63c                _add_thread_to_ready_q
 .text._ready_thread
                0x000000000000f68c       0x1a zephyr/kernel/libkernel.a(sched.c.obj)
 *fill*         0x000000000000f6a6        0x2 
 .text._add_timeout
                0x000000000000f6a8       0x9c zephyr/kernel/libkernel.a(sched.c.obj)
 .text._remove_thread_from_ready_q
                0x000000000000f744       0x68 zephyr/kernel/libkernel.a(sched.c.obj)
                0x000000000000f744                _remove_thread_from_ready_q
 .text._pend_thread
                0x000000000000f7ac       0x64 zephyr/kernel/libkernel.a(sched.c.obj)
                0x000000000000f7ac                _pend_thread
 .text._pend_current_thread
                0x000000000000f810       0x20 zephyr/kernel/libkernel.a(sched.c.obj)
                0x000000000000f810                _pend_current_thread
 .text.__must_switch_threads
                0x000000000000f830       0x2c zephyr/kernel/libkernel.a(sched.c.obj)
                0x000000000000f830                __must_switch_threads
 .text._reschedule_threads
                0x000000000000f85c       0x34 zephyr/kernel/libkernel.a(sched.c.obj)
                0x000000000000f85c                _reschedule_threads
 .text.k_sched_unlock
                0x000000000000f890       0x20 zephyr/kernel/libkernel.a(sched.c.obj)
                0x000000000000f890                k_sched_unlock
 .text._move_thread_to_end_of_prio_q
                0x000000000000f8b0       0x54 zephyr/kernel/libkernel.a(sched.c.obj)
                0x000000000000f8b0                _move_thread_to_end_of_prio_q
 .text._impl_k_yield
                0x000000000000f904       0x3c zephyr/kernel/libkernel.a(sched.c.obj)
                0x000000000000f904                _impl_k_yield
 .text._impl_k_current_get
                0x000000000000f940        0xc zephyr/kernel/libkernel.a(sched.c.obj)
                0x000000000000f940                _impl_k_current_get
 .text._is_thread_time_slicing
                0x000000000000f94c       0x48 zephyr/kernel/libkernel.a(sched.c.obj)
                0x000000000000f94c                _is_thread_time_slicing
 .text._update_time_slice_before_swap
                0x000000000000f994        0xc zephyr/kernel/libkernel.a(sched.c.obj)
                0x000000000000f994                _update_time_slice_before_swap
 .text._unpend_first_thread
                0x000000000000f9a0       0x48 zephyr/kernel/libkernel.a(sem.c.obj)
 .text._impl_k_sem_init
                0x000000000000f9e8       0x12 zephyr/kernel/libkernel.a(sem.c.obj)
                0x000000000000f9e8                _impl_k_sem_init
 *fill*         0x000000000000f9fa        0x2 
 .text._impl_k_sem_give
                0x000000000000f9fc       0xc0 zephyr/kernel/libkernel.a(sem.c.obj)
                0x000000000000f9fc                _impl_k_sem_give
 .text._impl_k_sem_take
                0x000000000000fabc       0x3c zephyr/kernel/libkernel.a(sem.c.obj)
                0x000000000000fabc                _impl_k_sem_take
 .text._impl_k_uptime_get_32
                0x000000000000faf8       0x14 zephyr/kernel/libkernel.a(sys_clock.c.obj)
                0x000000000000faf8                _impl_k_uptime_get_32
 .text._tick_get
                0x000000000000fb0c       0x1c zephyr/kernel/libkernel.a(sys_clock.c.obj)
                0x000000000000fb0c                sys_tick_get
                0x000000000000fb0c                _tick_get
 .text._impl_k_uptime_get
                0x000000000000fb28       0x16 zephyr/kernel/libkernel.a(sys_clock.c.obj)
                0x000000000000fb28                _impl_k_uptime_get
 *fill*         0x000000000000fb3e        0x2 
 .text._nano_sys_clock_tick_announce
                0x000000000000fb40      0x1b4 zephyr/kernel/libkernel.a(sys_clock.c.obj)
                0x000000000000fb40                _nano_sys_clock_tick_announce
 .text.k_sys_work_q_init
                0x000000000000fcf4       0x20 zephyr/kernel/libkernel.a(system_work_q.c.obj)
 .text._is_thread_ready
                0x000000000000fd14       0x14 zephyr/kernel/libkernel.a(thread.c.obj)
 .text._abort_timeout
                0x000000000000fd28       0x34 zephyr/kernel/libkernel.a(thread.c.obj)
 .text.schedule_new_thread.part.13
                0x000000000000fd5c       0x78 zephyr/kernel/libkernel.a(thread.c.obj)
 .text.k_is_in_isr
                0x000000000000fdd4       0x20 zephyr/kernel/libkernel.a(thread.c.obj)
                0x000000000000fdd4                k_is_in_isr
 .text._is_thread_essential
                0x000000000000fdf4       0x10 zephyr/kernel/libkernel.a(thread.c.obj)
                0x000000000000fdf4                _is_thread_essential
 .text._thread_entry
                0x000000000000fe04       0x14 zephyr/kernel/libkernel.a(thread.c.obj)
                0x000000000000fe04                _thread_entry
 .text._impl_k_thread_start
                0x000000000000fe18       0x54 zephyr/kernel/libkernel.a(thread.c.obj)
                0x000000000000fe18                _impl_k_thread_start
 .text._setup_new_thread
                0x000000000000fe6c        0x8 zephyr/kernel/libkernel.a(thread.c.obj)
                0x000000000000fe6c                _setup_new_thread
 .text._impl_k_thread_create
                0x000000000000fe74       0x3c zephyr/kernel/libkernel.a(thread.c.obj)
                0x000000000000fe74                _impl_k_thread_create
 .text._k_thread_single_abort
                0x000000000000feb0       0x4a zephyr/kernel/libkernel.a(thread.c.obj)
                0x000000000000feb0                _k_thread_single_abort
 *fill*         0x000000000000fefa        0x2 
 .text._init_static_threads
                0x000000000000fefc       0x94 zephyr/kernel/libkernel.a(thread.c.obj)
                0x000000000000fefc                _init_static_threads
 .text._init_thread_base
                0x000000000000ff90       0x18 zephyr/kernel/libkernel.a(thread.c.obj)
                0x000000000000ff90                _init_thread_base
 .text.k_work_submit_to_queue
                0x000000000000ffa8       0x30 zephyr/kernel/libkernel.a(work_q.c.obj)