Archive member included to satisfy reference by file (symbol)

libapp.a(atoi.c.obj)          (--whole-archive)
libapp.a(strtol.c.obj)        (--whole-archive)
libapp.a(strtoul.c.obj)       (--whole-archive)
libapp.a(strncasecmp.c.obj)   (--whole-archive)
libapp.a(strstr.c.obj)        (--whole-archive)
libapp.a(string.c.obj)        (--whole-archive)
libapp.a(prf.c.obj)           (--whole-archive)
libapp.a(stdout_console.c.obj)
                              (--whole-archive)
libapp.a(sprintf.c.obj)       (--whole-archive)
libapp.a(fprintf.c.obj)       (--whole-archive)
libapp.a(main.c.obj)          (--whole-archive)
zephyr/libzephyr.a(isr_tables.c.obj)
                              (--whole-archive)
zephyr/libzephyr.a(mpu_regions.c.obj)
                              (--whole-archive)
zephyr/libzephyr.a(power.c.obj)
                              (--whole-archive)
zephyr/libzephyr.a(soc.c.obj)
                              (--whole-archive)
zephyr/libzephyr.a(exc_exit.S.obj)
                              (--whole-archive)
zephyr/libzephyr.a(irq_init.c.obj)
                              (--whole-archive)
zephyr/libzephyr.a(swap.c.obj)
                              (--whole-archive)
zephyr/libzephyr.a(swap_helper.S.obj)
                              (--whole-archive)
zephyr/libzephyr.a(fault.c.obj)
                              (--whole-archive)
zephyr/libzephyr.a(irq_manage.c.obj)
                              (--whole-archive)
zephyr/libzephyr.a(thread.c.obj)
                              (--whole-archive)
zephyr/libzephyr.a(cpu_idle.S.obj)
                              (--whole-archive)
zephyr/libzephyr.a(fault_s.S.obj)
                              (--whole-archive)
zephyr/libzephyr.a(fatal.c.obj)
                              (--whole-archive)
zephyr/libzephyr.a(sys_fatal_error_handler.c.obj)
                              (--whole-archive)
zephyr/libzephyr.a(thread_abort.c.obj)
                              (--whole-archive)
zephyr/libzephyr.a(isr_wrapper.S.obj)
                              (--whole-archive)
zephyr/libzephyr.a(vector_table.S.obj)
                              (--whole-archive)
zephyr/libzephyr.a(reset.S.obj)
                              (--whole-archive)
zephyr/libzephyr.a(nmi_on_reset.S.obj)
                              (--whole-archive)
zephyr/libzephyr.a(prep_c.c.obj)
                              (--whole-archive)
zephyr/libzephyr.a(scb.c.obj)
                              (--whole-archive)
zephyr/libzephyr.a(nmi.c.obj)
                              (--whole-archive)
zephyr/libzephyr.a(exc_manage.c.obj)
                              (--whole-archive)
zephyr/libzephyr.a(arm_core_mpu.c.obj)
                              (--whole-archive)
zephyr/libzephyr.a(arm_mpu.c.obj)
                              (--whole-archive)
zephyr/libzephyr.a(crc16_sw.c.obj)
                              (--whole-archive)
zephyr/libzephyr.a(crc8_sw.c.obj)
                              (--whole-archive)
zephyr/libzephyr.a(printk.c.obj)
                              (--whole-archive)
zephyr/libzephyr.a(configs.c.obj)
                              (--whole-archive)
zephyr/libzephyr.a(utils.c.obj)
                              (--whole-archive)
zephyr/libzephyr.a(aes_decrypt.c.obj)
                              (--whole-archive)
zephyr/libzephyr.a(aes_encrypt.c.obj)
                              (--whole-archive)
zephyr/libzephyr.a(cmac_mode.c.obj)
                              (--whole-archive)
zephyr/libzephyr.a(sys_log.c.obj)
                              (--whole-archive)
zephyr/libzephyr.a(rand32_entropy_device.c.obj)
                              (--whole-archive)
zephyr/libzephyr.a(uart_console.c.obj)
                              (--whole-archive)
zephyr/libzephyr.a(nrf5_power_clock.c.obj)
                              (--whole-archive)
zephyr/libzephyr.a(gpio_nrf5.c.obj)
                              (--whole-archive)
zephyr/libzephyr.a(uart_nrf5.c.obj)
                              (--whole-archive)
zephyr/libzephyr.a(entropy_nrf5.c.obj)
                              (--whole-archive)
zephyr/libzephyr.a(sys_clock_init.c.obj)
                              (--whole-archive)
zephyr/libzephyr.a(nrf_rtc_timer.c.obj)
                              (--whole-archive)
zephyr/subsys/bluetooth/common/libsubsys__bluetooth__common.a(dummy.c.obj)
                              (--whole-archive)
zephyr/subsys/bluetooth/common/libsubsys__bluetooth__common.a(log.c.obj)
                              (--whole-archive)
zephyr/subsys/bluetooth/common/libsubsys__bluetooth__common.a(rpa.c.obj)
                              (--whole-archive)
zephyr/subsys/bluetooth/host/libsubsys__bluetooth__host.a(uuid.c.obj)
                              (--whole-archive)
zephyr/subsys/bluetooth/host/libsubsys__bluetooth__host.a(hci_core.c.obj)
                              (--whole-archive)
zephyr/subsys/bluetooth/host/libsubsys__bluetooth__host.a(conn.c.obj)
                              (--whole-archive)
[...]
Memory Configuration

Name             Origin             Length             Attributes
FLASH            0x0000000000000000 0x0000000000100000 xr
SRAM             0x0000000020000000 0x0000000000040000 xw
IDT_LIST         0x0000000020040000 0x0000000000000800 xw
*default*        0x0000000000000000 0xffffffffffffffff

Linker script and memory map

LOAD zephyr/CMakeFiles/kernel_elf.dir/misc/empty_file.c.obj
LOAD zephyr/CMakeFiles/kernel_elf.dir/isr_tables.c.obj
START GROUP
LOAD libapp.a
LOAD zephyr/libzephyr.a
LOAD zephyr/subsys/bluetooth/common/libsubsys__bluetooth__common.a
LOAD zephyr/subsys/bluetooth/host/libsubsys__bluetooth__host.a
LOAD zephyr/subsys/bluetooth/controller/libsubsys__bluetooth__controller.a
LOAD zephyr/subsys/net/libsubsys__net.a
LOAD zephyr/subsys/net/ip/libsubsys__net__ip.a
LOAD zephyr/subsys/net/ip/l2/libsubsys__net__ip__l2.a
LOAD zephyr/subsys/net/lib/app/libsubsys__net__lib__app.a
LOAD zephyr/kernel/libkernel.a
LOAD zephyr/CMakeFiles/offsets.dir/arch/arm/core/offsets/offsets.c.obj
END GROUP
LOAD /home/swap/directory/sysroots/armv5-zephyr-eabi/usr/lib/arm-zephyr-eabi/6.2.0/armv7e-m/libgcc.a
                0x0000000000000000                _image_rom_start = 0x0

text            0x0000000000000000    0x22854
                0x0000000000000000                . = 0x0
                0x0000000000000000                _vector_start = .
 *(.exc_vector_table)
 *(.exc_vector_table.*)
 .exc_vector_table._vector_table_section
                0x0000000000000000       0x40 zephyr/libzephyr.a(vector_table.S.obj)
                0x0000000000000000                _vector_table
 *(.gnu.linkonce.irq_vector_table)
 .gnu.linkonce.irq_vector_table
                0x0000000000000040       0xb8 zephyr/CMakeFiles/kernel_elf.dir/isr_tables.c.obj
                0x0000000000000040                _irq_vector_table
 *(.openocd_dbg)
 *(.openocd_dbg.*)
 *(.kinetis_flash_config)
 *(.kinetis_flash_config.*)
 *(.gnu.linkonce.sw_isr_table)
 .gnu.linkonce.sw_isr_table
                0x00000000000000f8      0x170 zephyr/CMakeFiles/kernel_elf.dir/isr_tables.c.obj
                0x00000000000000f8                _sw_isr_table
                0x0000000000000268                _vector_end = .
                0x0000000000000268                _image_text_start = .
 *(.text)
 .text          0x0000000000000268       0x18 /home/swap/directory/sysroots/armv5-zephyr-eabi/usr/lib/arm-zephyr-eabi/6.2.0/armv7e-m/libgcc.a(_lshrdi3.o)
                0x0000000000000268                __aeabi_llsr
                0x0000000000000268                __lshrdi3
 .text          0x0000000000000280       0x18 /home/swap/directory/sysroots/armv5-zephyr-eabi/usr/lib/arm-zephyr-eabi/6.2.0/armv7e-m/libgcc.a(_ashldi3.o)
                0x0000000000000280                __ashldi3
                0x0000000000000280                __aeabi_llsl
 .text          0x0000000000000298       0x30 /home/swap/directory/sysroots/armv5-zephyr-eabi/usr/lib/arm-zephyr-eabi/6.2.0/armv7e-m/libgcc.a(_aeabi_uldivmod.o)
                0x0000000000000298                __aeabi_uldivmod
 .text          0x00000000000002c8       0x28 /home/swap/directory/sysroots/armv5-zephyr-eabi/usr/lib/arm-zephyr-eabi/6.2.0/armv7e-m/libgcc.a(_popcountsi2.o)
                0x00000000000002c8                __popcountsi2
 .text          0x00000000000002f0      0x2dc /home/swap/directory/sysroots/armv5-zephyr-eabi/usr/lib/arm-zephyr-eabi/6.2.0/armv7e-m/libgcc.a(_udivmoddi4.o)
                0x00000000000002f0                __udivmoddi4
 .text          0x00000000000005cc        0x4 /home/swap/directory/sysroots/armv5-zephyr-eabi/usr/lib/arm-zephyr-eabi/6.2.0/armv7e-m/libgcc.a(_dvmd_tls.o)
                0x00000000000005cc                __aeabi_ldiv0
                0x00000000000005cc                __aeabi_idiv0
 *(.text.*)
 .text.strtol   0x00000000000005d0       0xf2 libapp.a(strtol.c.obj)
                0x00000000000005d0                strtol
 .text.strcpy   0x00000000000006c2       0x14 libapp.a(string.c.obj)
                0x00000000000006c2                strcpy
 .text.strchr   0x00000000000006d6       0x1e libapp.a(string.c.obj)
                0x00000000000006d6                strchr
 .text.strrchr  0x00000000000006f4       0x1a libapp.a(string.c.obj)
                0x00000000000006f4                strrchr
 .text.strlen   0x000000000000070e       0x10 libapp.a(string.c.obj)
                0x000000000000070e                strlen
 .text.strcmp   0x000000000000071e       0x1a libapp.a(string.c.obj)
                0x000000000000071e                strcmp
 .text.memcmp   0x0000000000000738       0x2a libapp.a(string.c.obj)
                0x0000000000000738                memcmp
 .text.memmove  0x0000000000000762       0x30 libapp.a(string.c.obj)
                0x0000000000000762                memmove
 .text.memcpy   0x0000000000000792       0x58 libapp.a(string.c.obj)
                0x0000000000000792                memcpy
 .text.memset   0x00000000000007ea       0x46 libapp.a(string.c.obj)
                0x00000000000007ea                memset
 .text._to_x    0x0000000000000830       0x50 libapp.a(prf.c.obj)
 .text._rlrshift
                0x0000000000000880       0x1e libapp.a(prf.c.obj)
 *fill*         0x000000000000089e        0x2 
 .text._ldiv5   0x00000000000008a0       0x60 libapp.a(prf.c.obj)
 .text._get_digit
                0x0000000000000900       0x2e libapp.a(prf.c.obj)
 *fill*         0x000000000000092e        0x2 
 .text._prf     0x0000000000000930      0x768 libapp.a(prf.c.obj)
                0x0000000000000930                _prf
 .text.sprintf_out
                0x0000000000001098       0x1a libapp.a(sprintf.c.obj)
 *fill*         0x00000000000010b2        0x2 
 .text.snprintf
                0x00000000000010b4       0x30 libapp.a(sprintf.c.obj)
                0x00000000000010b4                snprintf
 .text.tx_tcp_pool
                0x00000000000010e4        0x8 libapp.a(main.c.obj)
 .text.data_tcp_pool
                0x00000000000010ec        0x8 libapp.a(main.c.obj)
 .text.pkt_sent
                0x00000000000010f4       0x34 libapp.a(main.c.obj)
 .text.tcp_accepted
                0x0000000000001128       0x54 libapp.a(main.c.obj)
 .text.listen   0x000000000000117c      0x240 libapp.a(main.c.obj)
 .text.build_reply_pkt
                0x00000000000013bc       0xa0 libapp.a(main.c.obj)
 .text.tcp_received
                0x000000000000145c       0xa4 libapp.a(main.c.obj)
 .text.udp_received
                0x0000000000001500      0x110 libapp.a(main.c.obj)
 .text.main     0x0000000000001610       0xb8 libapp.a(main.c.obj)
                0x0000000000001610                main
 .text.errata_136_nrf52840
                0x00000000000016c8       0x20 zephyr/libzephyr.a(soc.c.obj)
 .text.nordicsemi_nrf52_init
                0x00000000000016e8      0x13c zephyr/libzephyr.a(soc.c.obj)
 .text._HandlerModeExit
                0x0000000000001824       0x2c zephyr/libzephyr.a(exc_exit.S.obj)
                0x0000000000001824                _ExcExit
                0x0000000000001824                _IntExit
 .text._IntLibInit
                0x0000000000001850       0x18 zephyr/libzephyr.a(irq_init.c.obj)
                0x0000000000001850                _IntLibInit
 .text.__swap   0x0000000000001868       0x30 zephyr/libzephyr.a(swap.c.obj)
                0x0000000000001868                __swap
 .text.__pendsv
                0x0000000000001898       0x44 zephyr/libzephyr.a(swap_helper.S.obj)
                0x0000000000001898                __pendsv
 .text.__svc    0x00000000000018dc       0x3c zephyr/libzephyr.a(swap_helper.S.obj)
                0x00000000000018dc                __svc
 .text._FaultThreadShow.isra.2
                0x0000000000001918       0x1c zephyr/libzephyr.a(fault.c.obj)
 .text._UsageFault
                0x0000000000001934       0x90 zephyr/libzephyr.a(fault.c.obj)
 .text._MpuFault
                0x00000000000019c4       0x8c zephyr/libzephyr.a(fault.c.obj)
 .text._BusFault
                0x0000000000001a50       0xa0 zephyr/libzephyr.a(fault.c.obj)
 .text._Fault   0x0000000000001af0       0xcc zephyr/libzephyr.a(fault.c.obj)
                0x0000000000001af0                _Fault
 .text._FaultInit
                0x0000000000001bbc       0x10 zephyr/libzephyr.a(fault.c.obj)
                0x0000000000001bbc                _FaultInit
 .text._arch_irq_enable
                0x0000000000001bcc       0x20 zephyr/libzephyr.a(irq_manage.c.obj)
                0x0000000000001bcc                _arch_irq_enable
 .text._arch_irq_disable
                0x0000000000001bec       0x28 zephyr/libzephyr.a(irq_manage.c.obj)
                0x0000000000001bec                _arch_irq_disable
 .text._arch_irq_is_enabled
                0x0000000000001c14       0x1c zephyr/libzephyr.a(irq_manage.c.obj)
                0x0000000000001c14                _arch_irq_is_enabled
 .text._irq_priority_set
                0x0000000000001c30       0x30 zephyr/libzephyr.a(irq_manage.c.obj)
                0x0000000000001c30                _irq_priority_set
 .text._irq_spurious
                0x0000000000001c60        0x4 zephyr/libzephyr.a(irq_manage.c.obj)
                0x0000000000001c60                _irq_spurious
 .text._arch_isr_direct_pm
                0x0000000000001c64       0x1c zephyr/libzephyr.a(irq_manage.c.obj)
                0x0000000000001c64                _arch_isr_direct_pm
 .text._new_thread
                0x0000000000001c80       0x58 zephyr/libzephyr.a(thread.c.obj)
                0x0000000000001c80                _new_thread
 .text._CpuIdleInit
                0x0000000000001cd8        0xc zephyr/libzephyr.a(cpu_idle.S.obj)
                0x0000000000001cd8                _CpuIdleInit
 .text.k_cpu_idle
                0x0000000000001ce4        0xc zephyr/libzephyr.a(cpu_idle.S.obj)
                0x0000000000001ce4                k_cpu_idle
 .text.__fault  0x0000000000001cf0       0x28 zephyr/libzephyr.a(fault_s.S.obj)
                0x0000000000001cf0                __usage_fault
                0x0000000000001cf0                __reserved
                0x0000000000001cf0                __bus_fault
                0x0000000000001cf0                __debug_monitor
                0x0000000000001cf0                __mpu_fault
                0x0000000000001cf0                __hard_fault
 .text._NanoFatalErrorHandler
                0x0000000000001d18       0x58 zephyr/libzephyr.a(fatal.c.obj)
                0x0000000000001d18                _NanoFatalErrorHandler
 .text._do_kernel_oops
                0x0000000000001d70        0x8 zephyr/libzephyr.a(fatal.c.obj)
                0x0000000000001d70                _do_kernel_oops
 .text._SysFatalErrorHandler
                0x0000000000001d78       0x58 zephyr/libzephyr.a(sys_fatal_error_handler.c.obj)
                0x0000000000001d78                _SysFatalErrorHandler
 .text._impl_k_thread_abort
                0x0000000000001dd0       0x4c zephyr/libzephyr.a(thread_abort.c.obj)
                0x0000000000001dd0                _impl_k_thread_abort
 .text._isr_wrapper
                0x0000000000001e1c       0x3c zephyr/libzephyr.a(isr_wrapper.S.obj)
                0x0000000000001e1c                _isr_wrapper
 .text._reset_section
                0x0000000000001e58       0x2c zephyr/libzephyr.a(reset.S.obj)
                0x0000000000001e58                __reset
                0x0000000000001e58                __start
 .text._SysNmiOnReset
                0x0000000000001e84        0x8 zephyr/libzephyr.a(nmi_on_reset.S.obj)
                0x0000000000001e84                _SysNmiOnReset
 .text._PrepC   0x0000000000001e8c       0x28 zephyr/libzephyr.a(prep_c.c.obj)
                0x0000000000001e8c                _PrepC
 .text.__nmi    0x0000000000001eb4        0xe zephyr/libzephyr.a(nmi.c.obj)
                0x0000000000001eb4                __nmi
 *fill*         0x0000000000001ec2        0x2 
 .text.arm_mpu_init
                0x0000000000001ec4       0x64 zephyr/libzephyr.a(arm_mpu.c.obj)
 .text._nop_char_out
                0x0000000000001f28        0x4 zephyr/libzephyr.a(printk.c.obj)
 .text.char_out
                0x0000000000001f2c       0x10 zephyr/libzephyr.a(printk.c.obj)
 .text._printk_dec_ulong
                0x0000000000001f3c       0xa0 zephyr/libzephyr.a(printk.c.obj)
 .text.str_out  0x0000000000001fdc       0x2a zephyr/libzephyr.a(printk.c.obj)
 *fill*         0x0000000000002006        0x2 
 .text.__printk_hook_install
                0x0000000000002008        0xc zephyr/libzephyr.a(printk.c.obj)
                0x0000000000002008                __printk_hook_install
 .text._vprintk
                0x0000000000002014      0x25e zephyr/libzephyr.a(printk.c.obj)
                0x0000000000002014                _vprintk
 *fill*         0x0000000000002272        0x2 
 .text.vprintk  0x0000000000002274       0x20 zephyr/libzephyr.a(printk.c.obj)
                0x0000000000002274                vprintk
 .text.printk   0x0000000000002294       0x1a zephyr/libzephyr.a(printk.c.obj)
                0x0000000000002294                printk
 *fill*         0x00000000000022ae        0x2 
 .text.snprintk
                0x00000000000022b0       0x38 zephyr/libzephyr.a(printk.c.obj)
                0x00000000000022b0                snprintk
 .text._ConfigAbsSyms
                0x00000000000022e8        0x2 zephyr/libzephyr.a(configs.c.obj)
                0x00000000000022e8                _ConfigAbsSyms
 .text._copy    0x00000000000022ea       0x1a zephyr/libzephyr.a(utils.c.obj)
                0x00000000000022ea                _copy
 .text._set     0x0000000000002304        0x4 zephyr/libzephyr.a(utils.c.obj)
                0x0000000000002304                _set
 .text._double_byte
                0x0000000000002308       0x12 zephyr/libzephyr.a(utils.c.obj)
                0x0000000000002308                _double_byte
 .text.add_round_key
                0x000000000000231a       0x8a zephyr/libzephyr.a(aes_encrypt.c.obj)
 .text.shift_rows
                0x00000000000023a4       0x72 zephyr/libzephyr.a(aes_encrypt.c.obj)
 .text.mult_row_column
                0x0000000000002416       0x80 zephyr/libzephyr.a(aes_encrypt.c.obj)
 *fill*         0x0000000000002496        0x2 
 .text.tc_aes128_set_encrypt_key
                0x0000000000002498       0xac zephyr/libzephyr.a(aes_encrypt.c.obj)
                0x0000000000002498                tc_aes128_set_encrypt_key
 .text.tc_aes_encrypt
                0x0000000000002544       0xd4 zephyr/libzephyr.a(aes_encrypt.c.obj)
                0x0000000000002544                tc_aes_encrypt
 .text.gf_double
                0x0000000000002618       0x2c zephyr/libzephyr.a(cmac_mode.c.obj)
                0x0000000000002618                gf_double
 .text.tc_cmac_erase
                0x0000000000002644       0x12 zephyr/libzephyr.a(cmac_mode.c.obj)
                0x0000000000002644                tc_cmac_erase
 .text.tc_cmac_init
                0x0000000000002656       0x2e zephyr/libzephyr.a(cmac_mode.c.obj)
                0x0000000000002656                tc_cmac_init
 .text.tc_cmac_setup
                0x0000000000002684       0x58 zephyr/libzephyr.a(cmac_mode.c.obj)
                0x0000000000002684                tc_cmac_setup
 .text.tc_cmac_update
                0x00000000000026dc       0xc8 zephyr/libzephyr.a(cmac_mode.c.obj)
                0x00000000000026dc                tc_cmac_update
 .text.tc_cmac_final
                0x00000000000027a4       0x6c zephyr/libzephyr.a(cmac_mode.c.obj)
                0x00000000000027a4                tc_cmac_final
 .text.sys_rand32_get
                0x0000000000002810       0x50 zephyr/libzephyr.a(rand32_entropy_device.c.obj)
                0x0000000000002810                sys_rand32_get
 .text.console_out
                0x0000000000002860       0x28 zephyr/libzephyr.a(uart_console.c.obj)
 .text.uart_console_hook_install
                0x0000000000002888        0xc zephyr/libzephyr.a(uart_console.c.obj)
                0x0000000000002888                uart_console_hook_install
 .text.uart_console_init
                0x0000000000002894       0x1c zephyr/libzephyr.a(uart_console.c.obj)
 .text._m16src_stop
                0x00000000000028b0       0x5c zephyr/libzephyr.a(nrf5_power_clock.c.obj)
 .text._clock_control_init
                0x000000000000290c       0x16 zephyr/libzephyr.a(nrf5_power_clock.c.obj)
 *fill*         0x0000000000002922        0x2 
 .text._m16src_start
                0x0000000000002924       0xb0 zephyr/libzephyr.a(nrf5_power_clock.c.obj)
 .text._k32src_start
                0x00000000000029d4       0xcc zephyr/libzephyr.a(nrf5_power_clock.c.obj)
 .text._power_clock_isr
                0x0000000000002aa0       0x9c zephyr/libzephyr.a(nrf5_power_clock.c.obj)
 .text.gpiote_find_channel
                0x0000000000002b3c       0x32 zephyr/libzephyr.a(gpio_nrf5.c.obj)
 .text.gpio_nrf5_read
                0x0000000000002b6e       0x20 zephyr/libzephyr.a(gpio_nrf5.c.obj)
 .text.gpio_nrf5_write
                0x0000000000002b8e       0x22 zephyr/libzephyr.a(gpio_nrf5.c.obj)
 .text.gpio_nrf5_manage_callback
                0x0000000000002bb0       0x44 zephyr/libzephyr.a(gpio_nrf5.c.obj)
 .text.gpio_nrf5_enable_callback
                0x0000000000002bf4       0x40 zephyr/libzephyr.a(gpio_nrf5.c.obj)
 .text.gpio_nrf5_disable_callback
                0x0000000000002c34       0x3a zephyr/libzephyr.a(gpio_nrf5.c.obj)
 .text.gpio_nrf5_P0_init
                0x0000000000002c6e       0x16 zephyr/libzephyr.a(gpio_nrf5.c.obj)
 .text.gpio_nrf5_port_isr
                0x0000000000002c84       0x64 zephyr/libzephyr.a(gpio_nrf5.c.obj)
 .text.gpio_nrf5_config
                0x0000000000002ce8      0x118 zephyr/libzephyr.a(gpio_nrf5.c.obj)
 .text.uart_nrf5_poll_in
                0x0000000000002e00       0x20 zephyr/libzephyr.a(uart_nrf5.c.obj)
 .text.uart_nrf5_poll_out
                0x0000000000002e20       0x1c zephyr/libzephyr.a(uart_nrf5.c.obj)
 .text.uart_nrf5_err_check
                0x0000000000002e3c       0x1a zephyr/libzephyr.a(uart_nrf5.c.obj)
 *fill*         0x0000000000002e56        0x2 
 .text.uart_nrf5_init
                0x0000000000002e58       0x74 zephyr/libzephyr.a(uart_nrf5.c.obj)
 .text.get      0x0000000000002ecc       0xc4 zephyr/libzephyr.a(entropy_nrf5.c.obj)
 .text.isr      0x0000000000002f90       0x48 zephyr/libzephyr.a(entropy_nrf5.c.obj)
 .text.entropy_nrf5_init
                0x0000000000002fd8       0x74 zephyr/libzephyr.a(entropy_nrf5.c.obj)
 .text.isr_rand
                0x000000000000304c       0x50 zephyr/libzephyr.a(entropy_nrf5.c.obj)
 .text.entropy_nrf5_get_entropy
                0x000000000000309c       0x54 zephyr/libzephyr.a(entropy_nrf5.c.obj)
 .text.entropy_get_entropy_isr
                0x00000000000030f0       0x10 zephyr/libzephyr.a(entropy_nrf5.c.obj)
                0x00000000000030f0                entropy_get_entropy_isr
 .text.rtc_compare_set
                0x0000000000003100       0x30 zephyr/libzephyr.a(nrf_rtc_timer.c.obj)
 .text.rtc_announce_set_next
                0x0000000000003130       0x5c zephyr/libzephyr.a(nrf_rtc_timer.c.obj)
 .text.rtc1_nrf5_isr
                0x000000000000318c       0x10 zephyr/libzephyr.a(nrf_rtc_timer.c.obj)
 .text._timer_idle_enter
                0x000000000000319c       0x28 zephyr/libzephyr.a(nrf_rtc_timer.c.obj)
                0x000000000000319c                _timer_idle_enter
 .text._timer_idle_exit
                0x00000000000031c4       0x2c zephyr/libzephyr.a(nrf_rtc_timer.c.obj)
                0x00000000000031c4                _timer_idle_exit
 .text._sys_clock_driver_init
                0x00000000000031f0       0x78 zephyr/libzephyr.a(nrf_rtc_timer.c.obj)
                0x00000000000031f0                _sys_clock_driver_init
 .text._timer_cycle_get_32
                0x0000000000003268       0x3c zephyr/libzephyr.a(nrf_rtc_timer.c.obj)
                0x0000000000003268                _timer_cycle_get_32
 .text.bt_hex   0x00000000000032a4       0x6c zephyr/subsys/bluetooth/common/libsubsys__bluetooth__common.a(log.c.obj)
                0x00000000000032a4                bt_hex
 .text.bt_addr_le_str
                0x0000000000003310       0x98 zephyr/subsys/bluetooth/common/libsubsys__bluetooth__common.a(log.c.obj)
                0x0000000000003310                bt_addr_le_str
 .text.ah       0x00000000000033a8       0x3a zephyr/subsys/bluetooth/common/libsubsys__bluetooth__common.a(rpa.c.obj)
 .text.bt_rpa_irk_matches
                0x00000000000033e2       0x26 zephyr/subsys/bluetooth/common/libsubsys__bluetooth__common.a(rpa.c.obj)
                0x00000000000033e2                bt_rpa_irk_matches
 .text.bt_rpa_create
                0x0000000000003408       0x2e zephyr/subsys/bluetooth/common/libsubsys__bluetooth__common.a(rpa.c.obj)
                0x0000000000003408                bt_rpa_create
 *fill*         0x0000000000003436        0x2 
 .text.uuid_to_uuid128
                0x0000000000003438       0x7c zephyr/subsys/bluetooth/host/libsubsys__bluetooth__host.a(uuid.c.obj)
 .text.bt_uuid_cmp
                0x00000000000034b4       0x54 zephyr/subsys/bluetooth/host/libsubsys__bluetooth__host.a(uuid.c.obj)
                0x00000000000034b4                bt_uuid_cmp
 .text.ver_str  0x0000000000003508       0x38 zephyr/subsys/bluetooth/host/libsubsys__bluetooth__host.a(hci_core.c.obj)
 .text.valid_adv_param
                0x0000000000003540       0x34 zephyr/subsys/bluetooth/host/libsubsys__bluetooth__host.a(hci_core.c.obj)
 .text.bt_addr_le_copy
                0x0000000000003574        0x6 zephyr/subsys/bluetooth/host/libsubsys__bluetooth__host.a(hci_core.c.obj)
 .text.atomic_or
                0x000000000000357a       0x22 zephyr/subsys/bluetooth/host/libsubsys__bluetooth__host.a(hci_core.c.obj)
 .text.atomic_test_bit
                0x000000000000359c       0x1a zephyr/subsys/bluetooth/host/libsubsys__bluetooth__host.a(hci_core.c.obj)
 .text.atomic_and
                0x00000000000035b6       0x22 zephyr/subsys/bluetooth/host/libsubsys__bluetooth__host.a(hci_core.c.obj)
 .text.atomic_test_and_clear_bit
                0x00000000000035d8       0x20 zephyr/subsys/bluetooth/host/libsubsys__bluetooth__host.a(hci_core.c.obj)
 .text.update_conn_param
                0x00000000000035f8       0x1c zephyr/subsys/bluetooth/host/libsubsys__bluetooth__host.a(hci_core.c.obj)
 .text.update_sec_level
                0x0000000000003614       0x6c zephyr/subsys/bluetooth/host/libsubsys__bluetooth__host.a(hci_core.c.obj)
 .text.hci_cmd_done
                0x0000000000003680       0xc4 zephyr/subsys/bluetooth/host/libsubsys__bluetooth__host.a(hci_core.c.obj)
 .text.sys_put_le64
                0x0000000000003744       0x22 zephyr/subsys/bluetooth/host/libsubsys__bluetooth__host.a(hci_core.c.obj)
 *fill*         0x0000000000003766        0x2 
 .text.bt_hci_cmd_create
                0x0000000000003768       0x60 zephyr/subsys/bluetooth/host/libsubsys__bluetooth__host.a(hci_core.c.obj)
                0x0000000000003768                bt_hci_cmd_create
 .text.bt_hci_cmd_send_sync
                0x00000000000037c8       0x7c zephyr/subsys/bluetooth/host/libsubsys__bluetooth__host.a(hci_core.c.obj)
                0x00000000000037c8                bt_hci_cmd_send_sync
 .text.set_random_address
                0x0000000000003844       0x5c zephyr/subsys/bluetooth/host/libsubsys__bluetooth__host.a(hci_core.c.obj)
 .text.le_set_private_addr
                0x00000000000038a0       0x24 zephyr/subsys/bluetooth/host/libsubsys__bluetooth__host.a(hci_core.c.obj)
 .text.hci_id_add
                0x00000000000038c4       0x50 zephyr/subsys/bluetooth/host/libsubsys__bluetooth__host.a(hci_core.c.obj)
 .text.keys_add_id
                0x0000000000003914        0x8 zephyr/subsys/bluetooth/host/libsubsys__bluetooth__host.a(hci_core.c.obj)
 .text.addr_res_enable
                0x000000000000391c       0x30 zephyr/subsys/bluetooth/host/libsubsys__bluetooth__host.a(hci_core.c.obj)
 .text.set_le_scan_enable
                0x000000000000394c       0x68 zephyr/subsys/bluetooth/host/libsubsys__bluetooth__host.a(hci_core.c.obj)
 .text.set_advertise_enable
                0x00000000000039b4       0x54 zephyr/subsys/bluetooth/host/libsubsys__bluetooth__host.a(hci_core.c.obj)
 .text.set_ad   0x0000000000003a08       0x98 zephyr/subsys/bluetooth/host/libsubsys__bluetooth__host.a(hci_core.c.obj)
 .text.bt_le_conn_params_valid
                0x0000000000003aa0       0x40 zephyr/subsys/bluetooth/host/libsubsys__bluetooth__host.a(hci_core.c.obj)
                0x0000000000003aa0                bt_le_conn_params_valid
 .text.bt_id_add
                0x0000000000003ae0      0x1d8 zephyr/subsys/bluetooth/host/libsubsys__bluetooth__host.a(hci_core.c.obj)
                0x0000000000003ae0                bt_id_add
 .text.bt_id_del
                0x0000000000003cb8      0x160 zephyr/subsys/bluetooth/host/libsubsys__bluetooth__host.a(hci_core.c.obj)
                0x0000000000003cb8                bt_id_del
 .text.update_pending_id
                0x0000000000003e18       0x32 zephyr/subsys/bluetooth/host/libsubsys__bluetooth__host.a(hci_core.c.obj)
 .text.bt_addr_le_create_static
                0x0000000000003e4a       0x1c zephyr/subsys/bluetooth/host/libsubsys__bluetooth__host.a(hci_core.c.obj)
                0x0000000000003e4a                bt_addr_le_create_static
 *fill*         0x0000000000003e66        0x2 
 .text.bt_send  0x0000000000003e68       0x10 zephyr/subsys/bluetooth/host/libsubsys__bluetooth__host.a(hci_core.c.obj)
                0x0000000000003e68                bt_send
 .text.bt_hci_cmd_send
                0x0000000000003e78       0x70 zephyr/subsys/bluetooth/host/libsubsys__bluetooth__host.a(hci_core.c.obj)
                0x0000000000003e78                bt_hci_cmd_send
 .text.start_le_scan
                0x0000000000003ee8       0xa0 zephyr/subsys/bluetooth/host/libsubsys__bluetooth__host.a(hci_core.c.obj)
 .text.bt_le_scan_update
                0x0000000000003f88       0x64 zephyr/subsys/bluetooth/host/libsubsys__bluetooth__host.a(hci_core.c.obj)
                0x0000000000003f88                bt_le_scan_update
 *fill*         0x0000000000003fec        0x4 
 .text.bt_init  0x0000000000003ff0      0x708 zephyr/subsys/bluetooth/host/libsubsys__bluetooth__host.a(hci_core.c.obj)
 .text.init_work
                0x00000000000046f8       0x18 zephyr/subsys/bluetooth/host/libsubsys__bluetooth__host.a(hci_core.c.obj)
 .text.check_pending_conn.part.27
                0x0000000000004710       0xf4 zephyr/subsys/bluetooth/host/libsubsys__bluetooth__host.a(hci_core.c.obj)
 .text.hci_le_set_phy.isra.29
                0x0000000000004804       0x40 zephyr/subsys/bluetooth/host/libsubsys__bluetooth__host.a(hci_core.c.obj)
 .text.hci_le_set_data_len.isra.30
                0x0000000000004844       0x54 zephyr/subsys/bluetooth/host/libsubsys__bluetooth__host.a(hci_core.c.obj)
 .text.le_enh_conn_complete
                0x0000000000004898      0x1cc zephyr/subsys/bluetooth/host/libsubsys__bluetooth__host.a(hci_core.c.obj)
 .text.le_conn_param_neg_reply
                0x0000000000004a64       0x34 zephyr/subsys/bluetooth/host/libsubsys__bluetooth__host.a(hci_core.c.obj)
 .text.hci_tx_thread
                0x0000000000004a98      0x18c zephyr/subsys/bluetooth/host/libsubsys__bluetooth__host.a(hci_core.c.obj)
 .text.bt_recv  0x0000000000004c24      0x974 zephyr/subsys/bluetooth/host/libsubsys__bluetooth__host.a(hci_core.c.obj)
                0x0000000000004c24                bt_recv
 .text.bt_recv_prio
                0x0000000000005598      0x1d8 zephyr/subsys/bluetooth/host/libsubsys__bluetooth__host.a(hci_core.c.obj)
                0x0000000000005598                bt_recv_prio
 .text.bt_hci_driver_register
                0x0000000000005770       0x28 zephyr/subsys/bluetooth/host/libsubsys__bluetooth__host.a(hci_core.c.obj)
                0x0000000000005770                bt_hci_driver_register
 .text.bt_enable
                0x0000000000005798       0xdc zephyr/subsys/bluetooth/host/libsubsys__bluetooth__host.a(hci_core.c.obj)
                0x0000000000005798                bt_enable
 .text.bt_addr_le_is_bonded
                0x0000000000005874       0x12 zephyr/subsys/bluetooth/host/libsubsys__bluetooth__host.a(hci_core.c.obj)
                0x0000000000005874                bt_addr_le_is_bonded
 *fill*         0x0000000000005886        0x2 
 .text.bt_le_adv_start
                0x0000000000005888      0x120 zephyr/subsys/bluetooth/host/libsubsys__bluetooth__host.a(hci_core.c.obj)
                0x0000000000005888                bt_le_adv_start
 .text.bt_le_adv_stop
                0x00000000000059a8       0x4c zephyr/subsys/bluetooth/host/libsubsys__bluetooth__host.a(hci_core.c.obj)
                0x00000000000059a8                bt_le_adv_stop
 .text.bt_buf_get_rx
                0x00000000000059f4       0x20 zephyr/subsys/bluetooth/host/libsubsys__bluetooth__host.a(hci_core.c.obj)
                0x00000000000059f4                bt_buf_get_rx
 .text.bt_buf_get_cmd_complete
                0x0000000000005a14       0x44 zephyr/subsys/bluetooth/host/libsubsys__bluetooth__host.a(hci_core.c.obj)
                0x0000000000005a14                bt_buf_get_cmd_complete
 .text.bt_pub_key_gen
                0x0000000000005a58       0xc8 zephyr/subsys/bluetooth/host/libsubsys__bluetooth__host.a(hci_core.c.obj)
                0x0000000000005a58                bt_pub_key_gen
 .text.bt_dh_key_gen
                0x0000000000005b20       0x74 zephyr/subsys/bluetooth/host/libsubsys__bluetooth__host.a(hci_core.c.obj)
                0x0000000000005b20                bt_dh_key_gen
 .text.notify_connected
                0x0000000000005b94       0x20 zephyr/subsys/bluetooth/host/libsubsys__bluetooth__host.a(conn.c.obj)
 .text.atomic_get
                0x0000000000005bb4        0xc zephyr/subsys/bluetooth/host/libsubsys__bluetooth__host.a(conn.c.obj)
 .text.bt_conn_reset_rx_state
                0x0000000000005bc0       0x16 zephyr/subsys/bluetooth/host/libsubsys__bluetooth__host.a(conn.c.obj)
 .text.atomic_dec
                0x0000000000005bd6       0x1a zephyr/subsys/bluetooth/host/libsubsys__bluetooth__host.a(conn.c.obj)
 .text.atomic_inc
                0x0000000000005bf0       0x1a zephyr/subsys/bluetooth/host/libsubsys__bluetooth__host.a(conn.c.obj)
 *fill*         0x0000000000005c0a        0x2 
 .text.bt_conn_get_pkts
                0x0000000000005c0c        0x8 zephyr/subsys/bluetooth/host/libsubsys__bluetooth__host.a(conn.c.obj)
                0x0000000000005c0c                bt_conn_get_pkts
 .text.notify_le_param_updated
                0x0000000000005c14       0x28 zephyr/subsys/bluetooth/host/libsubsys__bluetooth__host.a(conn.c.obj)
                0x0000000000005c14                notify_le_param_updated
 .text.le_param_req
                0x0000000000005c3c       0x40 zephyr/subsys/bluetooth/host/libsubsys__bluetooth__host.a(conn.c.obj)
                0x0000000000005c3c                le_param_req
 .text.bt_conn_identity_resolved
                0x0000000000005c7c       0x34 zephyr/subsys/bluetooth/host/libsubsys__bluetooth__host.a(conn.c.obj)
                0x0000000000005c7c                bt_conn_identity_resolved
 .text.bt_conn_le_start_encryption
                0x0000000000005cb0       0x72 zephyr/subsys/bluetooth/host/libsubsys__bluetooth__host.a(conn.c.obj)
                0x0000000000005cb0                bt_conn_le_start_encryption
 *fill*         0x0000000000005d22        0x2 
 .text.bt_conn_security_changed
                0x0000000000005d24       0x20 zephyr/subsys/bluetooth/host/libsubsys__bluetooth__host.a(conn.c.obj)
                0x0000000000005d24                bt_conn_security_changed
 .text.bt_conn_security
                0x0000000000005d44       0xc4 zephyr/subsys/bluetooth/host/libsubsys__bluetooth__host.a(conn.c.obj)
                0x0000000000005d44                bt_conn_security
 .text.bt_conn_cb_register
                0x0000000000005e08       0x10 zephyr/subsys/bluetooth/host/libsubsys__bluetooth__host.a(conn.c.obj)
                0x0000000000005e08                bt_conn_cb_register
 .text.bt_conn_recv
                0x0000000000005e18      0x134 zephyr/subsys/bluetooth/host/libsubsys__bluetooth__host.a(conn.c.obj)
                0x0000000000005e18                bt_conn_recv
 .text.bt_conn_send_cb
                0x0000000000005f4c       0x4c zephyr/subsys/bluetooth/host/libsubsys__bluetooth__host.a(conn.c.obj)
                0x0000000000005f4c                bt_conn_send_cb
 .text.bt_conn_notify_tx
                0x0000000000005f98       0x40 zephyr/subsys/bluetooth/host/libsubsys__bluetooth__host.a(conn.c.obj)
                0x0000000000005f98                bt_conn_notify_tx
 .text.send_frag
                0x0000000000005fd8      0x138 zephyr/subsys/bluetooth/host/libsubsys__bluetooth__host.a(conn.c.obj)
 .text.conn_cleanup
                0x0000000000006110       0x30 zephyr/subsys/bluetooth/host/libsubsys__bluetooth__host.a(conn.c.obj)
 .text.bt_conn_prepare_events
                0x0000000000006140       0x90 zephyr/subsys/bluetooth/host/libsubsys__bluetooth__host.a(conn.c.obj)
                0x0000000000006140                bt_conn_prepare_events
 .text.bt_conn_add_le
                0x00000000000061d0       0x74 zephyr/subsys/bluetooth/host/libsubsys__bluetooth__host.a(conn.c.obj)
                0x00000000000061d0                bt_conn_add_le
 .text.bt_conn_set_state
                0x0000000000006244      0x1b8 zephyr/subsys/bluetooth/host/libsubsys__bluetooth__host.a(conn.c.obj)
                0x0000000000006244                bt_conn_set_state
 .text.bt_conn_lookup_handle
                0x00000000000063fc       0x34 zephyr/subsys/bluetooth/host/libsubsys__bluetooth__host.a(conn.c.obj)
                0x00000000000063fc                bt_conn_lookup_handle
 .text.bt_conn_addr_le_cmp
                0x0000000000006430       0x30 zephyr/subsys/bluetooth/host/libsubsys__bluetooth__host.a(conn.c.obj)
                0x0000000000006430                bt_conn_addr_le_cmp
 .text.bt_conn_lookup_addr_le
                0x0000000000006460       0x34 zephyr/subsys/bluetooth/host/libsubsys__bluetooth__host.a(conn.c.obj)
                0x0000000000006460                bt_conn_lookup_addr_le
 .text.bt_conn_lookup_state_le
                0x0000000000006494       0x44 zephyr/subsys/bluetooth/host/libsubsys__bluetooth__host.a(conn.c.obj)
                0x0000000000006494                bt_conn_lookup_state_le
 .text.bt_conn_unref
                0x00000000000064d8        0x6 zephyr/subsys/bluetooth/host/libsubsys__bluetooth__host.a(conn.c.obj)
                0x00000000000064d8                bt_conn_unref
 .text.bt_conn_get_info
                0x00000000000064de       0x3c zephyr/subsys/bluetooth/host/libsubsys__bluetooth__host.a(conn.c.obj)
                0x00000000000064de                bt_conn_get_info
 *fill*         0x000000000000651a        0x2 
 .text.bt_le_set_auto_conn
                0x000000000000651c       0xd4 zephyr/subsys/bluetooth/host/libsubsys__bluetooth__host.a(conn.c.obj)
                0x000000000000651c                bt_le_set_auto_conn
 .text.bt_conn_disconnect
                0x00000000000065f0       0x8e zephyr/subsys/bluetooth/host/libsubsys__bluetooth__host.a(conn.c.obj)
                0x00000000000065f0                bt_conn_disconnect
 .text.bt_conn_le_conn_update
                0x000000000000667e       0x4e zephyr/subsys/bluetooth/host/libsubsys__bluetooth__host.a(conn.c.obj)
                0x000000000000667e                bt_conn_le_conn_update
 .text.bt_conn_le_param_update
                0x00000000000066cc       0x6c zephyr/subsys/bluetooth/host/libsubsys__bluetooth__host.a(conn.c.obj)
                0x00000000000066cc                bt_conn_le_param_update
 .text.le_conn_update
                0x0000000000006738       0x44 zephyr/subsys/bluetooth/host/libsubsys__bluetooth__host.a(conn.c.obj)
 .text.bt_conn_create_pdu
                0x000000000000677c       0x28 zephyr/subsys/bluetooth/host/libsubsys__bluetooth__host.a(conn.c.obj)
                0x000000000000677c                bt_conn_create_pdu
 .text.create_frag.isra.6
                0x00000000000067a4       0x6c zephyr/subsys/bluetooth/host/libsubsys__bluetooth__host.a(conn.c.obj)
 .text.bt_conn_process_tx
                0x0000000000006810       0xe0 zephyr/subsys/bluetooth/host/libsubsys__bluetooth__host.a(conn.c.obj)
                0x0000000000006810                bt_conn_process_tx
 .text.bt_conn_get_id
                0x00000000000068f0       0x18 zephyr/subsys/bluetooth/host/libsubsys__bluetooth__host.a(conn.c.obj)
                0x00000000000068f0                bt_conn_get_id
 .text.bt_conn_init
                0x0000000000006908       0x64 zephyr/subsys/bluetooth/host/libsubsys__bluetooth__host.a(conn.c.obj)
                0x0000000000006908                bt_conn_init
 .text.sys_slist_append
                0x000000000000696c       0x14 zephyr/subsys/bluetooth/host/libsubsys__bluetooth__host.a(l2cap.c.obj)
 .text.sys_slist_remove
                0x0000000000006980       0x20 zephyr/subsys/bluetooth/host/libsubsys__bluetooth__host.a(l2cap.c.obj)
 .text.net_buf_frags_len
                0x00000000000069a0       0x10 zephyr/subsys/bluetooth/host/libsubsys__bluetooth__host.a(l2cap.c.obj)
 .text.get_ident
                0x00000000000069b0       0x18 zephyr/subsys/bluetooth/host/libsubsys__bluetooth__host.a(l2cap.c.obj)
 .text.__l2cap_lookup_ident
                0x00000000000069c8       0x38 zephyr/subsys/bluetooth/host/libsubsys__bluetooth__host.a(l2cap.c.obj)
 .text.l2cap_server_lookup_psm
                0x0000000000006a00       0x28 zephyr/subsys/bluetooth/host/libsubsys__bluetooth__host.a(l2cap.c.obj)
 .text.l2cap_remove_tx_cid
                0x0000000000006a28       0x3c zephyr/subsys/bluetooth/host/libsubsys__bluetooth__host.a(l2cap.c.obj)
 .text.l2cap_disconnected
                0x0000000000006a64        0x2 zephyr/subsys/bluetooth/host/libsubsys__bluetooth__host.a(l2cap.c.obj)
 *fill*         0x0000000000006a66        0x2 
 .text.l2cap_accept
                0x0000000000006a68       0x4c zephyr/subsys/bluetooth/host/libsubsys__bluetooth__host.a(l2cap.c.obj)
 .text.l2cap_chan_destroy
                0x0000000000006ab4       0x34 zephyr/subsys/bluetooth/host/libsubsys__bluetooth__host.a(l2cap.c.obj)
 .text.l2cap_chan_tx_init
                0x0000000000006ae8       0x28 zephyr/subsys/bluetooth/host/libsubsys__bluetooth__host.a(l2cap.c.obj)
 .text.l2cap_chan_rx_init
                0x0000000000006b10       0x46 zephyr/subsys/bluetooth/host/libsubsys__bluetooth__host.a(l2cap.c.obj)
 .text.l2cap_create_le_sig_pdu.isra.6
                0x0000000000006b56       0x24 zephyr/subsys/bluetooth/host/libsubsys__bluetooth__host.a(l2cap.c.obj)
 .text.l2cap_connected
                0x0000000000006b7a        0x2 zephyr/subsys/bluetooth/host/libsubsys__bluetooth__host.a(l2cap.c.obj)
 .text.bt_l2cap_le_fixed_chan_register
                0x0000000000006b7c       0x10 zephyr/subsys/bluetooth/host/libsubsys__bluetooth__host.a(l2cap.c.obj)
                0x0000000000006b7c                bt_l2cap_le_fixed_chan_register
 .text.bt_l2cap_chan_remove
                0x0000000000006b8c       0x32 zephyr/subsys/bluetooth/host/libsubsys__bluetooth__host.a(l2cap.c.obj)
                0x0000000000006b8c                bt_l2cap_chan_remove
 .text.bt_l2cap_chan_del
                0x0000000000006bbe       0x2a zephyr/subsys/bluetooth/host/libsubsys__bluetooth__host.a(l2cap.c.obj)
                0x0000000000006bbe                bt_l2cap_chan_del
 .text.l2cap_rtx_timeout
                0x0000000000006be8       0x48 zephyr/subsys/bluetooth/host/libsubsys__bluetooth__host.a(l2cap.c.obj)
 .text.bt_l2cap_disconnected
                0x0000000000006c30       0x32 zephyr/subsys/bluetooth/host/libsubsys__bluetooth__host.a(l2cap.c.obj)
                0x0000000000006c30                bt_l2cap_disconnected
 .text.bt_l2cap_create_pdu
                0x0000000000006c62        0x6 zephyr/subsys/bluetooth/host/libsubsys__bluetooth__host.a(l2cap.c.obj)
                0x0000000000006c62                bt_l2cap_create_pdu
 .text.bt_l2cap_send_cb
                0x0000000000006c68       0x2a zephyr/subsys/bluetooth/host/libsubsys__bluetooth__host.a(l2cap.c.obj)
                0x0000000000006c68                bt_l2cap_send_cb
 *fill*         0x0000000000006c92        0x2 
 .text.l2cap_le_conn_req
                0x0000000000006c94       0x60 zephyr/subsys/bluetooth/host/libsubsys__bluetooth__host.a(l2cap.c.obj)
 .text.bt_l2cap_encrypt_change
                0x0000000000006cf4       0x44 zephyr/subsys/bluetooth/host/libsubsys__bluetooth__host.a(l2cap.c.obj)
                0x0000000000006cf4                bt_l2cap_encrypt_change
 .text.l2cap_send_reject
                0x0000000000006d38       0x44 zephyr/subsys/bluetooth/host/libsubsys__bluetooth__host.a(l2cap.c.obj)
 .text.l2cap_chan_le_send
                0x0000000000006d7c       0xf0 zephyr/subsys/bluetooth/host/libsubsys__bluetooth__host.a(l2cap.c.obj)
 .text.l2cap_chan_le_send_sdu
                0x0000000000006e6c       0x94 zephyr/subsys/bluetooth/host/libsubsys__bluetooth__host.a(l2cap.c.obj)
 .text.l2cap_chan_update_credits.isra.9
                0x0000000000006f00       0x5e zephyr/subsys/bluetooth/host/libsubsys__bluetooth__host.a(l2cap.c.obj)
 .text.bt_l2cap_le_lookup_tx_cid
                0x0000000000006f5e       0x20 zephyr/subsys/bluetooth/host/libsubsys__bluetooth__host.a(l2cap.c.obj)
                0x0000000000006f5e                bt_l2cap_le_lookup_tx_cid
 .text.bt_l2cap_le_lookup_rx_cid
                0x0000000000006f7e       0x20 zephyr/subsys/bluetooth/host/libsubsys__bluetooth__host.a(l2cap.c.obj)
                0x0000000000006f7e                bt_l2cap_le_lookup_rx_cid
 *fill*         0x0000000000006f9e        0x2 
 .text.l2cap_chan_add
                0x0000000000006fa0       0x8c zephyr/subsys/bluetooth/host/libsubsys__bluetooth__host.a(l2cap.c.obj)
 .text.bt_l2cap_connected
                0x000000000000702c       0x48 zephyr/subsys/bluetooth/host/libsubsys__bluetooth__host.a(l2cap.c.obj)
                0x000000000000702c                bt_l2cap_connected
 .text.bt_l2cap_server_register
                0x0000000000007074       0x40 zephyr/subsys/bluetooth/host/libsubsys__bluetooth__host.a(l2cap.c.obj)
                0x0000000000007074                bt_l2cap_server_register
 .text.bt_l2cap_update_conn_param
                0x00000000000070b4       0x3e zephyr/subsys/bluetooth/host/libsubsys__bluetooth__host.a(l2cap.c.obj)
                0x00000000000070b4                bt_l2cap_update_conn_param
 *fill*         0x00000000000070f2        0x2 
 .text.bt_l2cap_init
                0x00000000000070f4        0xc zephyr/subsys/bluetooth/host/libsubsys__bluetooth__host.a(l2cap.c.obj)
                0x00000000000070f4                bt_l2cap_init
 .text.bt_l2cap_chan_connect
                0x0000000000007100       0x64 zephyr/subsys/bluetooth/host/libsubsys__bluetooth__host.a(l2cap.c.obj)
                0x0000000000007100                bt_l2cap_chan_connect
 .text.bt_l2cap_chan_disconnect
                0x0000000000007164       0x60 zephyr/subsys/bluetooth/host/libsubsys__bluetooth__host.a(l2cap.c.obj)
                0x0000000000007164                bt_l2cap_chan_disconnect
 .text.l2cap_chan_le_recv_sdu
                0x00000000000071c4       0xf8 zephyr/subsys/bluetooth/host/libsubsys__bluetooth__host.a(l2cap.c.obj)
 .text.bt_l2cap_recv
                0x00000000000072bc      0x12c zephyr/subsys/bluetooth/host/libsubsys__bluetooth__host.a(l2cap.c.obj)
                0x00000000000072bc                bt_l2cap_recv
 .text.l2cap_recv
                0x00000000000073e8      0x588 zephyr/subsys/bluetooth/host/libsubsys__bluetooth__host.a(l2cap.c.obj)
 .text.bt_l2cap_chan_send
                0x0000000000007970       0x70 zephyr/subsys/bluetooth/host/libsubsys__bluetooth__host.a(l2cap.c.obj)
                0x0000000000007970                bt_l2cap_chan_send
 .text.att_exec_write_req
                0x00000000000079e0        0x4 zephyr/subsys/bluetooth/host/libsubsys__bluetooth__host.a(att.c.obj)
 .text.att_op_get_type
                0x00000000000079e4       0x30 zephyr/subsys/bluetooth/host/libsubsys__bluetooth__host.a(att.c.obj)
 .text.att_req_destroy
                0x0000000000007a14       0x22 zephyr/subsys/bluetooth/host/libsubsys__bluetooth__host.a(att.c.obj)
 .text.att_notify
                0x0000000000007a36        0xe zephyr/subsys/bluetooth/host/libsubsys__bluetooth__host.a(att.c.obj)
 .text.read_group_cb
                0x0000000000007a44       0xce zephyr/subsys/bluetooth/host/libsubsys__bluetooth__host.a(att.c.obj)
 .text.find_info_cb
                0x0000000000007b12       0x9a zephyr/subsys/bluetooth/host/libsubsys__bluetooth__host.a(att.c.obj)
 .text.find_type_cb
                0x0000000000007bac       0xa6 zephyr/subsys/bluetooth/host/libsubsys__bluetooth__host.a(att.c.obj)
 *fill*         0x0000000000007c52        0x2 
 .text.bt_att_connected
                0x0000000000007c54       0x30 zephyr/subsys/bluetooth/host/libsubsys__bluetooth__host.a(att.c.obj)
 .text.check_perm
                0x0000000000007c84       0x52 zephyr/subsys/bluetooth/host/libsubsys__bluetooth__host.a(att.c.obj)
 .text.read_type_cb
                0x0000000000007cd6       0xbe zephyr/subsys/bluetooth/host/libsubsys__bluetooth__host.a(att.c.obj)
 .text.att_cb.isra.4
                0x0000000000007d94       0x24 zephyr/subsys/bluetooth/host/libsubsys__bluetooth__host.a(att.c.obj)
 .text.uuid_create
                0x0000000000007db8       0x32 zephyr/subsys/bluetooth/host/libsubsys__bluetooth__host.a(att.c.obj)
 *fill*         0x0000000000007dea        0x2 
 .text.att_req_sent
                0x0000000000007dec       0x30 zephyr/subsys/bluetooth/host/libsubsys__bluetooth__host.a(att.c.obj)
 .text.bt_att_accept
                0x0000000000007e1c       0x70 zephyr/subsys/bluetooth/host/libsubsys__bluetooth__host.a(att.c.obj)
 .text.att_is_connected
                0x0000000000007e8c       0x22 zephyr/subsys/bluetooth/host/libsubsys__bluetooth__host.a(att.c.obj)
 .text.att_prepare_write_req
                0x0000000000007eae        0x4 zephyr/subsys/bluetooth/host/libsubsys__bluetooth__host.a(att.c.obj)
 *fill*         0x0000000000007eb2        0x2 
 .text.att_send_req
                0x0000000000007eb4       0x88 zephyr/subsys/bluetooth/host/libsubsys__bluetooth__host.a(att.c.obj)
 .text.att_handle_rsp
                0x0000000000007f3c       0xa0 zephyr/subsys/bluetooth/host/libsubsys__bluetooth__host.a(att.c.obj)
 .text.att_confirm
                0x0000000000007fdc        0xa zephyr/subsys/bluetooth/host/libsubsys__bluetooth__host.a(att.c.obj)
 .text.att_handle_exec_write_rsp
                0x0000000000007fe6        0x4 zephyr/subsys/bluetooth/host/libsubsys__bluetooth__host.a(att.c.obj)
 .text.att_handle_prepare_write_rsp
                0x0000000000007fea        0x4 zephyr/subsys/bluetooth/host/libsubsys__bluetooth__host.a(att.c.obj)
 .text.att_handle_write_rsp
                0x0000000000007fee        0x4 zephyr/subsys/bluetooth/host/libsubsys__bluetooth__host.a(att.c.obj)
 .text.att_handle_read_mult_rsp
                0x0000000000007ff2        0x4 zephyr/subsys/bluetooth/host/libsubsys__bluetooth__host.a(att.c.obj)
 .text.att_handle_read_blob_rsp
                0x0000000000007ff6        0x4 zephyr/subsys/bluetooth/host/libsubsys__bluetooth__host.a(att.c.obj)
 .text.att_handle_read_rsp
                0x0000000000007ffa        0x4 zephyr/subsys/bluetooth/host/libsubsys__bluetooth__host.a(att.c.obj)
 .text.att_handle_read_type_rsp
                0x0000000000007ffe        0x4 zephyr/subsys/bluetooth/host/libsubsys__bluetooth__host.a(att.c.obj)
 .text.att_handle_find_type_rsp
                0x0000000000008002        0x4 zephyr/subsys/bluetooth/host/libsubsys__bluetooth__host.a(att.c.obj)
 .text.att_handle_find_info_rsp
                0x0000000000008006        0x4 zephyr/subsys/bluetooth/host/libsubsys__bluetooth__host.a(att.c.obj)
 .text.att_mtu_rsp
                0x000000000000800a       0x32 zephyr/subsys/bluetooth/host/libsubsys__bluetooth__host.a(att.c.obj)
 .text.bt_att_encrypt_change
                0x000000000000803c       0x94 zephyr/subsys/bluetooth/host/libsubsys__bluetooth__host.a(att.c.obj)
 .text.att_error_rsp
                0x00000000000080d0       0x6c zephyr/subsys/bluetooth/host/libsubsys__bluetooth__host.a(att.c.obj)
 .text.att_reset
                0x000000000000813c       0x7c zephyr/subsys/bluetooth/host/libsubsys__bluetooth__host.a(att.c.obj)
 .text.bt_att_disconnected
                0x00000000000081b8       0x1c zephyr/subsys/bluetooth/host/libsubsys__bluetooth__host.a(att.c.obj)
 .text.att_timeout
                0x00000000000081d4       0x44 zephyr/subsys/bluetooth/host/libsubsys__bluetooth__host.a(att.c.obj)
 .text.att_pdu_sent
                0x0000000000008218       0x12 zephyr/subsys/bluetooth/host/libsubsys__bluetooth__host.a(att.c.obj)
 .text.att_cfm_sent
                0x000000000000822a       0x2e zephyr/subsys/bluetooth/host/libsubsys__bluetooth__host.a(att.c.obj)
 .text.att_rsp_sent
                0x0000000000008258       0x2e zephyr/subsys/bluetooth/host/libsubsys__bluetooth__host.a(att.c.obj)
 *fill*         0x0000000000008286        0x2 
 .text.att_chan_get
                0x0000000000008288       0x80 zephyr/subsys/bluetooth/host/libsubsys__bluetooth__host.a(att.c.obj)
 .text.write_cb
                0x0000000000008308       0x5a zephyr/subsys/bluetooth/host/libsubsys__bluetooth__host.a(att.c.obj)
 .text.read_cb  0x0000000000008362       0x78 zephyr/subsys/bluetooth/host/libsubsys__bluetooth__host.a(att.c.obj)
 *fill*         0x00000000000083da        0x2 
 .text.bt_att_create_pdu
                0x00000000000083dc       0x64 zephyr/subsys/bluetooth/host/libsubsys__bluetooth__host.a(att.c.obj)
                0x00000000000083dc                bt_att_create_pdu
 .text.att_indicate
                0x0000000000008440       0x2c zephyr/subsys/bluetooth/host/libsubsys__bluetooth__host.a(att.c.obj)
 .text.att_mtu_req
                0x000000000000846c       0x60 zephyr/subsys/bluetooth/host/libsubsys__bluetooth__host.a(att.c.obj)
 .text.send_err_rsp.part.8
                0x00000000000084cc       0x44 zephyr/subsys/bluetooth/host/libsubsys__bluetooth__host.a(att.c.obj)
 .text.bt_att_recv
                0x0000000000008510      0x168 zephyr/subsys/bluetooth/host/libsubsys__bluetooth__host.a(att.c.obj)
 .text.att_read_group_req
                0x0000000000008678      0x108 zephyr/subsys/bluetooth/host/libsubsys__bluetooth__host.a(att.c.obj)
 .text.att_read_mult_req
                0x0000000000008780       0x8c zephyr/subsys/bluetooth/host/libsubsys__bluetooth__host.a(att.c.obj)
 .text.att_read_rsp
                0x000000000000880c       0x8c zephyr/subsys/bluetooth/host/libsubsys__bluetooth__host.a(att.c.obj)
 .text.att_read_blob_req
                0x0000000000008898       0x18 zephyr/subsys/bluetooth/host/libsubsys__bluetooth__host.a(att.c.obj)
 .text.att_read_req
                0x00000000000088b0       0x18 zephyr/subsys/bluetooth/host/libsubsys__bluetooth__host.a(att.c.obj)
 .text.att_read_type_req
                0x00000000000088c8       0xd4 zephyr/subsys/bluetooth/host/libsubsys__bluetooth__host.a(att.c.obj)
 .text.att_find_type_req
                0x000000000000899c       0xe4 zephyr/subsys/bluetooth/host/libsubsys__bluetooth__host.a(att.c.obj)
 .text.att_find_info_req
                0x0000000000008a80       0x78 zephyr/subsys/bluetooth/host/libsubsys__bluetooth__host.a(att.c.obj)
 .text.att_write_rsp.part.9.constprop.14
                0x0000000000008af8       0xac zephyr/subsys/bluetooth/host/libsubsys__bluetooth__host.a(att.c.obj)
 .text.att_signed_write_cmd
                0x0000000000008ba4       0x88 zephyr/subsys/bluetooth/host/libsubsys__bluetooth__host.a(att.c.obj)
 .text.att_write_cmd
                0x0000000000008c2c       0x2c zephyr/subsys/bluetooth/host/libsubsys__bluetooth__host.a(att.c.obj)
 .text.att_write_req
                0x0000000000008c58       0x2c zephyr/subsys/bluetooth/host/libsubsys__bluetooth__host.a(att.c.obj)
 .text.bt_att_init
                0x0000000000008c84       0x14 zephyr/subsys/bluetooth/host/libsubsys__bluetooth__host.a(att.c.obj)
                0x0000000000008c84                bt_att_init
 .text.bt_att_req_send
                0x0000000000008c98       0x4a zephyr/subsys/bluetooth/host/libsubsys__bluetooth__host.a(att.c.obj)
                0x0000000000008c98                bt_att_req_send
 .text.sc_ccc_cfg_changed
                0x0000000000008ce2        0x2 zephyr/subsys/bluetooth/host/libsubsys__bluetooth__host.a(gatt.c.obj)
 .text.find_next
                0x0000000000008ce4        0x6 zephyr/subsys/bluetooth/host/libsubsys__bluetooth__host.a(gatt.c.obj)
 .text.gatt_ccc_changed
                0x0000000000008cea       0x32 zephyr/subsys/bluetooth/host/libsubsys__bluetooth__host.a(gatt.c.obj)
 .text.gatt_indicate_rsp
                0x0000000000008d1c       0x10 zephyr/subsys/bluetooth/host/libsubsys__bluetooth__host.a(gatt.c.obj)
 .text.bt_gatt_attr_write_ccc
                0x0000000000008d2c       0xe4 zephyr/subsys/bluetooth/host/libsubsys__bluetooth__host.a(gatt.c.obj)
                0x0000000000008d2c                bt_gatt_attr_write_ccc
 .text.gatt_register
                0x0000000000008e10       0x98 zephyr/subsys/bluetooth/host/libsubsys__bluetooth__host.a(gatt.c.obj)
 .text.gatt_notify
                0x0000000000008ea8       0x7c zephyr/subsys/bluetooth/host/libsubsys__bluetooth__host.a(gatt.c.obj)
 .text.gatt_indicate
                0x0000000000008f24       0xb4 zephyr/subsys/bluetooth/host/libsubsys__bluetooth__host.a(gatt.c.obj)
 .text.sc_indicate.constprop.17
                0x0000000000008fd8       0x6c zephyr/subsys/bluetooth/host/libsubsys__bluetooth__host.a(gatt.c.obj)
 .text.connected_cb
                0x0000000000009044       0x70 zephyr/subsys/bluetooth/host/libsubsys__bluetooth__host.a(gatt.c.obj)
 .text.sc_indicate_rsp
                0x00000000000090b4       0x40 zephyr/subsys/bluetooth/host/libsubsys__bluetooth__host.a(gatt.c.obj)
 .text.read_appearance
                0x00000000000090f4       0x36 zephyr/subsys/bluetooth/host/libsubsys__bluetooth__host.a(gatt.c.obj)
 *fill*         0x000000000000912a        0x2 
 .text.disconnected_cb
                0x000000000000912c       0x9c zephyr/subsys/bluetooth/host/libsubsys__bluetooth__host.a(gatt.c.obj)
 .text.read_name
                0x00000000000091c8       0x40 zephyr/subsys/bluetooth/host/libsubsys__bluetooth__host.a(gatt.c.obj)
 .text.bt_gatt_attr_read_ccc
                0x0000000000009208       0x6e zephyr/subsys/bluetooth/host/libsubsys__bluetooth__host.a(gatt.c.obj)
                0x0000000000009208                bt_gatt_attr_read_ccc
 .text.bt_gatt_attr_read_service
                0x0000000000009276       0x52 zephyr/subsys/bluetooth/host/libsubsys__bluetooth__host.a(gatt.c.obj)
                0x0000000000009276                bt_gatt_attr_read_service
 .text.notify_cb
                0x00000000000092c8       0xfc zephyr/subsys/bluetooth/host/libsubsys__bluetooth__host.a(gatt.c.obj)
 .text.bt_gatt_init
                0x00000000000093c4       0x2c zephyr/subsys/bluetooth/host/libsubsys__bluetooth__host.a(gatt.c.obj)
                0x00000000000093c4                bt_gatt_init
 .text.bt_gatt_service_register
                0x00000000000093f0       0x62 zephyr/subsys/bluetooth/host/libsubsys__bluetooth__host.a(gatt.c.obj)
                0x00000000000093f0                bt_gatt_service_register
 *fill*         0x0000000000009452        0x2 
 .text.bt_gatt_foreach_attr
                0x0000000000009454       0x54 zephyr/subsys/bluetooth/host/libsubsys__bluetooth__host.a(gatt.c.obj)
                0x0000000000009454                bt_gatt_foreach_attr
 .text.bt_gatt_indicate.part.10
                0x00000000000094a8       0x2c zephyr/subsys/bluetooth/host/libsubsys__bluetooth__host.a(gatt.c.obj)
 .text.sc_process
                0x00000000000094d4       0x80 zephyr/subsys/bluetooth/host/libsubsys__bluetooth__host.a(gatt.c.obj)
 .text.bt_gatt_attr_next
                0x0000000000009554       0x24 zephyr/subsys/bluetooth/host/libsubsys__bluetooth__host.a(gatt.c.obj)
                0x0000000000009554                bt_gatt_attr_next
 .text.bt_gatt_attr_read_chrc
                0x0000000000009578       0xac zephyr/subsys/bluetooth/host/libsubsys__bluetooth__host.a(gatt.c.obj)
                0x0000000000009578                bt_gatt_attr_read_chrc
 .text.bt_gatt_connected
                0x0000000000009624       0x14 zephyr/subsys/bluetooth/host/libsubsys__bluetooth__host.a(gatt.c.obj)
                0x0000000000009624                bt_gatt_connected
 .text.bt_gatt_disconnected
                0x0000000000009638       0x14 zephyr/subsys/bluetooth/host/libsubsys__bluetooth__host.a(gatt.c.obj)
                0x0000000000009638                bt_gatt_disconnected
 .text.sys_memcpy_swap
                0x000000000000964c       0x18 zephyr/subsys/bluetooth/host/libsubsys__bluetooth__host.a(smp.c.obj)
 .text.get_io_capa
                0x0000000000009664       0x4c zephyr/subsys/bluetooth/host/libsubsys__bluetooth__host.a(smp.c.obj)
 .text.get_auth
                0x00000000000096b0       0x28 zephyr/subsys/bluetooth/host/libsubsys__bluetooth__host.a(smp.c.obj)
 .text.smp_signing_info
                0x00000000000096d8        0x4 zephyr/subsys/bluetooth/host/libsubsys__bluetooth__host.a(smp.c.obj)
 .text.bt_smp_accept
                0x00000000000096dc       0x4c zephyr/subsys/bluetooth/host/libsubsys__bluetooth__host.a(smp.c.obj)
 .text.atomic_test_bit
                0x0000000000009728       0x1a zephyr/subsys/bluetooth/host/libsubsys__bluetooth__host.a(smp.c.obj)
 .text.atomic_set_bit
                0x0000000000009742       0x28 zephyr/subsys/bluetooth/host/libsubsys__bluetooth__host.a(smp.c.obj)
 .text.smp_init
                0x000000000000976a       0x30 zephyr/subsys/bluetooth/host/libsubsys__bluetooth__host.a(smp.c.obj)
 .text.bt_smp_aes_cmac
                0x000000000000979a       0x3c zephyr/subsys/bluetooth/host/libsubsys__bluetooth__host.a(smp.c.obj)
 *fill*         0x00000000000097d6        0x2 
 .text.smp_g2   0x00000000000097d8       0x68 zephyr/subsys/bluetooth/host/libsubsys__bluetooth__host.a(smp.c.obj)
 .text.bt_smp_disconnected
                0x0000000000009840       0x3c zephyr/subsys/bluetooth/host/libsubsys__bluetooth__host.a(smp.c.obj)
 .text.smp_ident_info
                0x000000000000987c       0x6c zephyr/subsys/bluetooth/host/libsubsys__bluetooth__host.a(smp.c.obj)
 .text.smp_encrypt_info
                0x00000000000098e8       0x6c zephyr/subsys/bluetooth/host/libsubsys__bluetooth__host.a(smp.c.obj)
 .text.legacy_request_tk
                0x0000000000009954       0xc8 zephyr/subsys/bluetooth/host/libsubsys__bluetooth__host.a(smp.c.obj)
 .text.legacy_get_pair_method
                0x0000000000009a1c       0x44 zephyr/subsys/bluetooth/host/libsubsys__bluetooth__host.a(smp.c.obj)
 .text.sec_level_reachable.isra.2
                0x0000000000009a60       0x3c zephyr/subsys/bluetooth/host/libsubsys__bluetooth__host.a(smp.c.obj)
 .text.smp_chan_get
                0x0000000000009a9c       0x38 zephyr/subsys/bluetooth/host/libsubsys__bluetooth__host.a(smp.c.obj)
 .text.smp_create_pdu.isra.5
                0x0000000000009ad4       0x1c zephyr/subsys/bluetooth/host/libsubsys__bluetooth__host.a(smp.c.obj)
 .text.display_passkey
                0x0000000000009af0       0x44 zephyr/subsys/bluetooth/host/libsubsys__bluetooth__host.a(smp.c.obj)
 .text.sys_mem_swap.constprop.15
                0x0000000000009b34       0x1e zephyr/subsys/bluetooth/host/libsubsys__bluetooth__host.a(smp.c.obj)
 .text.smp_f6   0x0000000000009b52       0x96 zephyr/subsys/bluetooth/host/libsubsys__bluetooth__host.a(smp.c.obj)
 .text.smp_f5   0x0000000000009be8       0xcc zephyr/subsys/bluetooth/host/libsubsys__bluetooth__host.a(smp.c.obj)
 .text.smp_f4   0x0000000000009cb4       0x48 zephyr/subsys/bluetooth/host/libsubsys__bluetooth__host.a(smp.c.obj)
 .text.sc_smp_check_confirm
                0x0000000000009cfc       0x64 zephyr/subsys/bluetooth/host/libsubsys__bluetooth__host.a(smp.c.obj)
 .text.smp_send
                0x0000000000009d60       0x28 zephyr/subsys/bluetooth/host/libsubsys__bluetooth__host.a(smp.c.obj)
 .text.sc_smp_send_dhkey_check
                0x0000000000009d88       0x32 zephyr/subsys/bluetooth/host/libsubsys__bluetooth__host.a(smp.c.obj)
 .text.compute_and_send_master_dhcheck
                0x0000000000009dba       0xa0 zephyr/subsys/bluetooth/host/libsubsys__bluetooth__host.a(smp.c.obj)
 .text.compute_and_check_and_send_slave_dhcheck
                0x0000000000009e5a       0xdc zephyr/subsys/bluetooth/host/libsubsys__bluetooth__host.a(smp.c.obj)
 .text.smp_dhkey_check
                0x0000000000009f36      0x108 zephyr/subsys/bluetooth/host/libsubsys__bluetooth__host.a(smp.c.obj)
 *fill*         0x000000000000a03e        0x2 
 .text.sc_send_public_key
                0x000000000000a040       0x44 zephyr/subsys/bluetooth/host/libsubsys__bluetooth__host.a(smp.c.obj)
 .text.send_pairing_rsp
                0x000000000000a084       0x32 zephyr/subsys/bluetooth/host/libsubsys__bluetooth__host.a(smp.c.obj)
 *fill*         0x000000000000a0b6        0x2 
 .text.smp_pairing_req
                0x000000000000a0b8      0x19c zephyr/subsys/bluetooth/host/libsubsys__bluetooth__host.a(smp.c.obj)
 .text.smp_send_pairing_random
                0x000000000000a254       0x32 zephyr/subsys/bluetooth/host/libsubsys__bluetooth__host.a(smp.c.obj)
 *fill*         0x000000000000a286        0x2 
 .text.bt_smp_distribute_keys
                0x000000000000a288      0x148 zephyr/subsys/bluetooth/host/libsubsys__bluetooth__host.a(smp.c.obj)
 .text.atomic_test_and_clear_bit
                0x000000000000a3d0       0x36 zephyr/subsys/bluetooth/host/libsubsys__bluetooth__host.a(smp.c.obj)
 .text.smp_reset
                0x000000000000a406       0x5e zephyr/subsys/bluetooth/host/libsubsys__bluetooth__host.a(smp.c.obj)
 .text.smp_error
                0x000000000000a464       0x34 zephyr/subsys/bluetooth/host/libsubsys__bluetooth__host.a(smp.c.obj)
 .text.bt_smp_dhkey_ready
                0x000000000000a498       0x80 zephyr/subsys/bluetooth/host/libsubsys__bluetooth__host.a(smp.c.obj)
 .text.bt_smp_recv
                0x000000000000a518      0x114 zephyr/subsys/bluetooth/host/libsubsys__bluetooth__host.a(smp.c.obj)
 .text.smp_pairing_failed
                0x000000000000a62c       0x70 zephyr/subsys/bluetooth/host/libsubsys__bluetooth__host.a(smp.c.obj)
 .text.smp_timeout
                0x000000000000a69c       0x58 zephyr/subsys/bluetooth/host/libsubsys__bluetooth__host.a(smp.c.obj)
 .text.bt_smp_encrypt_change
                0x000000000000a6f4       0xc6 zephyr/subsys/bluetooth/host/libsubsys__bluetooth__host.a(smp.c.obj)
 *fill*         0x000000000000a7ba        0x2 
 .text.smp_master_ident
                0x000000000000a7bc       0xbc zephyr/subsys/bluetooth/host/libsubsys__bluetooth__host.a(smp.c.obj)
 .text.bt_smp_connected
                0x000000000000a878       0x1c zephyr/subsys/bluetooth/host/libsubsys__bluetooth__host.a(smp.c.obj)
 .text.ident_sent
                0x000000000000a894       0x30 zephyr/subsys/bluetooth/host/libsubsys__bluetooth__host.a(smp.c.obj)
 .text.smp_send_pairing_confirm
                0x000000000000a8c4       0x8c zephyr/subsys/bluetooth/host/libsubsys__bluetooth__host.a(smp.c.obj)
 .text.smp_c1   0x000000000000a950       0xac zephyr/subsys/bluetooth/host/libsubsys__bluetooth__host.a(smp.c.obj)
 .text.legacy_send_pairing_confirm
                0x000000000000a9fc       0x70 zephyr/subsys/bluetooth/host/libsubsys__bluetooth__host.a(smp.c.obj)
 .text.legacy_pairing_confirm
                0x000000000000aa6c       0x3c zephyr/subsys/bluetooth/host/libsubsys__bluetooth__host.a(smp.c.obj)
 .text.smp_pairing_confirm
                0x000000000000aaa8       0x7c zephyr/subsys/bluetooth/host/libsubsys__bluetooth__host.a(smp.c.obj)
 .text.smp_public_key_slave.part.11
                0x000000000000ab24       0x7c zephyr/subsys/bluetooth/host/libsubsys__bluetooth__host.a(smp.c.obj)
 .text.smp_public_key
                0x000000000000aba0      0x104 zephyr/subsys/bluetooth/host/libsubsys__bluetooth__host.a(smp.c.obj)
 .text.bt_smp_pkey_ready
                0x000000000000aca4       0xa4 zephyr/subsys/bluetooth/host/libsubsys__bluetooth__host.a(smp.c.obj)
 .text.smp_ident_addr_info
                0x000000000000ad48      0x13c zephyr/subsys/bluetooth/host/libsubsys__bluetooth__host.a(smp.c.obj)
 .text.smp_pairing_rsp
                0x000000000000ae84      0x17c zephyr/subsys/bluetooth/host/libsubsys__bluetooth__host.a(smp.c.obj)
 .text.smp_pairing_random
                0x000000000000b000      0x280 zephyr/subsys/bluetooth/host/libsubsys__bluetooth__host.a(smp.c.obj)
 .text.bt_smp_send_security_req
                0x000000000000b280       0x88 zephyr/subsys/bluetooth/host/libsubsys__bluetooth__host.a(smp.c.obj)
                0x000000000000b280                bt_smp_send_security_req
 .text.bt_smp_send_pairing_req
                0x000000000000b308       0xce zephyr/subsys/bluetooth/host/libsubsys__bluetooth__host.a(smp.c.obj)
                0x000000000000b308                bt_smp_send_pairing_req
 *fill*         0x000000000000b3d6        0x2 
 .text.smp_security_request
                0x000000000000b3d8       0xf4 zephyr/subsys/bluetooth/host/libsubsys__bluetooth__host.a(smp.c.obj)
 .text.bt_smp_sign_verify
                0x000000000000b4cc        0x6 zephyr/subsys/bluetooth/host/libsubsys__bluetooth__host.a(smp.c.obj)
                0x000000000000b4cc                bt_smp_sign_verify
 *fill*         0x000000000000b4d2        0x2 
 .text.bt_smp_update_keys
                0x000000000000b4d4      0x104 zephyr/subsys/bluetooth/host/libsubsys__bluetooth__host.a(smp.c.obj)
                0x000000000000b4d4                bt_smp_update_keys
 .text.bt_smp_get_tk
                0x000000000000b5d8       0x4a zephyr/subsys/bluetooth/host/libsubsys__bluetooth__host.a(smp.c.obj)
                0x000000000000b5d8                bt_smp_get_tk
 *fill*         0x000000000000b622        0x2 
 .text.bt_smp_init
                0x000000000000b624       0x38 zephyr/subsys/bluetooth/host/libsubsys__bluetooth__host.a(smp.c.obj)
                0x000000000000b624                bt_smp_init
 .text.bt_keys_clear
                0x000000000000b65c       0x1c zephyr/subsys/bluetooth/host/libsubsys__bluetooth__host.a(keys.c.obj)
                0x000000000000b65c                bt_keys_clear
 .text.bt_keys_get_addr
                0x000000000000b678       0x3c zephyr/subsys/bluetooth/host/libsubsys__bluetooth__host.a(keys.c.obj)
                0x000000000000b678                bt_keys_get_addr
 .text.bt_keys_foreach
                0x000000000000b6b4       0x14 zephyr/subsys/bluetooth/host/libsubsys__bluetooth__host.a(keys.c.obj)
                0x000000000000b6b4                bt_keys_foreach
 .text.bt_keys_find
                0x000000000000b6c8       0x20 zephyr/subsys/bluetooth/host/libsubsys__bluetooth__host.a(keys.c.obj)
                0x000000000000b6c8                bt_keys_find
 .text.bt_keys_get_type
                0x000000000000b6e8       0x1c zephyr/subsys/bluetooth/host/libsubsys__bluetooth__host.a(keys.c.obj)
                0x000000000000b6e8                bt_keys_get_type
 .text.bt_keys_find_irk
                0x000000000000b704       0x68 zephyr/subsys/bluetooth/host/libsubsys__bluetooth__host.a(keys.c.obj)
                0x000000000000b704                bt_keys_find_irk
 .text.bt_keys_find_addr
                0x000000000000b76c       0x1c zephyr/subsys/bluetooth/host/libsubsys__bluetooth__host.a(keys.c.obj)
                0x000000000000b76c                bt_keys_find_addr
 .text.bt_keys_add_type
                0x000000000000b788        0x8 zephyr/subsys/bluetooth/host/libsubsys__bluetooth__host.a(keys.c.obj)
                0x000000000000b788                bt_keys_add_type
 .text.mem_init
                0x000000000000b790       0x4e zephyr/subsys/bluetooth/controller/libsubsys__bluetooth__controller.a(mem.c.obj)
                0x000000000000b790                mem_init
 .text.mem_acquire
                0x000000000000b7de       0x34 zephyr/subsys/bluetooth/controller/libsubsys__bluetooth__controller.a(mem.c.obj)
                0x000000000000b7de                mem_acquire
 .text.mem_release
                0x000000000000b812       0x2a zephyr/subsys/bluetooth/controller/libsubsys__bluetooth__controller.a(mem.c.obj)
                0x000000000000b812                mem_release
 .text.mem_free_count_get
                0x000000000000b83c        0xc zephyr/subsys/bluetooth/controller/libsubsys__bluetooth__controller.a(mem.c.obj)
                0x000000000000b83c                mem_free_count_get
 .text.mem_get  0x000000000000b848        0x6 zephyr/subsys/bluetooth/controller/libsubsys__bluetooth__controller.a(mem.c.obj)
                0x000000000000b848                mem_get
 .text.mem_index_get
                0x000000000000b84e        0xa zephyr/subsys/bluetooth/controller/libsubsys__bluetooth__controller.a(mem.c.obj)
                0x000000000000b84e                mem_index_get
 .text.mem_rcopy
                0x000000000000b858       0x1e zephyr/subsys/bluetooth/controller/libsubsys__bluetooth__controller.a(mem.c.obj)
                0x000000000000b858                mem_rcopy
 .text.mem_nz   0x000000000000b876       0x16 zephyr/subsys/bluetooth/controller/libsubsys__bluetooth__controller.a(mem.c.obj)
                0x000000000000b876                mem_nz
 .text.memq_init
                0x000000000000b88c        0x6 zephyr/subsys/bluetooth/controller/libsubsys__bluetooth__controller.a(memq.c.obj)
                0x000000000000b88c                memq_init
 .text.memq_enqueue
                0x000000000000b892        0xe zephyr/subsys/bluetooth/controller/libsubsys__bluetooth__controller.a(memq.c.obj)
                0x000000000000b892                memq_enqueue
 .text.memq_peek
                0x000000000000b8a0       0x10 zephyr/subsys/bluetooth/controller/libsubsys__bluetooth__controller.a(memq.c.obj)
                0x000000000000b8a0                memq_peek
 .text.memq_dequeue
                0x000000000000b8b0       0x1e zephyr/subsys/bluetooth/controller/libsubsys__bluetooth__controller.a(memq.c.obj)
                0x000000000000b8b0                memq_dequeue
 *fill*         0x000000000000b8ce        0x2 
 .text.mayfly_init
                0x000000000000b8d0       0x54 zephyr/subsys/bluetooth/controller/libsubsys__bluetooth__controller.a(mayfly.c.obj)
                0x000000000000b8d0                mayfly_init
 .text.mayfly_enable
                0x000000000000b924       0x50 zephyr/subsys/bluetooth/controller/libsubsys__bluetooth__controller.a(mayfly.c.obj)
                0x000000000000b924                mayfly_enable
 .text.mayfly_enqueue
                0x000000000000b974       0x9c zephyr/subsys/bluetooth/controller/libsubsys__bluetooth__controller.a(mayfly.c.obj)
                0x000000000000b974                mayfly_enqueue
 .text.mayfly_run
                0x000000000000ba10      0x124 zephyr/subsys/bluetooth/controller/libsubsys__bluetooth__controller.a(mayfly.c.obj)
                0x000000000000ba10                mayfly_run
 .text.util_ones_count_get
                0x000000000000bb34       0x22 zephyr/subsys/bluetooth/controller/libsubsys__bluetooth__controller.a(util.c.obj)
                0x000000000000bb34                util_ones_count_get
 .text.ticker_dequeue
                0x000000000000bb56       0x58 zephyr/subsys/bluetooth/controller/libsubsys__bluetooth__controller.a(ticker.c.obj)
 .text.ticks_to_expire_prep
                0x000000000000bbae       0x3c zephyr/subsys/bluetooth/controller/libsubsys__bluetooth__controller.a(ticker.c.obj)
 .text.ticker_job_op_cb
                0x000000000000bbea       0x14 zephyr/subsys/bluetooth/controller/libsubsys__bluetooth__controller.a(ticker.c.obj)
 .text.ticker_worker
                0x000000000000bbfe       0xae zephyr/subsys/bluetooth/controller/libsubsys__bluetooth__controller.a(ticker.c.obj)
                0x000000000000bbfe                ticker_worker
 .text.ticker_job
                0x000000000000bcac      0x7b0 zephyr/subsys/bluetooth/controller/libsubsys__bluetooth__controller.a(ticker.c.obj)
                0x000000000000bcac                ticker_job
 .text.ticker_init
                0x000000000000c45c       0x70 zephyr/subsys/bluetooth/controller/libsubsys__bluetooth__controller.a(ticker.c.obj)
                0x000000000000c45c                ticker_init
 .text.ticker_trigger
                0x000000000000c4cc       0x24 zephyr/subsys/bluetooth/controller/libsubsys__bluetooth__controller.a(ticker.c.obj)
                0x000000000000c4cc                ticker_trigger
 .text.ticker_start
                0x000000000000c4f0       0xa0 zephyr/subsys/bluetooth/controller/libsubsys__bluetooth__controller.a(ticker.c.obj)
                0x000000000000c4f0                ticker_start
 .text.ticker_update
                0x000000000000c590       0x9c zephyr/subsys/bluetooth/controller/libsubsys__bluetooth__controller.a(ticker.c.obj)
                0x000000000000c590                ticker_update
 .text.ticker_stop
                0x000000000000c62c       0x78 zephyr/subsys/bluetooth/controller/libsubsys__bluetooth__controller.a(ticker.c.obj)
                0x000000000000c62c                ticker_stop
 .text.ticker_next_slot_get
                0x000000000000c6a4       0x84 zephyr/subsys/bluetooth/controller/libsubsys__bluetooth__controller.a(ticker.c.obj)
                0x000000000000c6a4                ticker_next_slot_get
 .text.ticker_job_idle_get
                0x000000000000c728       0x78 zephyr/subsys/bluetooth/controller/libsubsys__bluetooth__controller.a(ticker.c.obj)
                0x000000000000c728                ticker_job_idle_get
 .text.ticker_job_sched
                0x000000000000c7a0       0x2c zephyr/subsys/bluetooth/controller/libsubsys__bluetooth__controller.a(ticker.c.obj)
                0x000000000000c7a0                ticker_job_sched
 .text.ticker_ticks_now_get
                0x000000000000c7cc        0x4 zephyr/subsys/bluetooth/controller/libsubsys__bluetooth__controller.a(ticker.c.obj)
                0x000000000000c7cc                ticker_ticks_now_get
 .text.ticker_ticks_diff_get
                0x000000000000c7d0        0x8 zephyr/subsys/bluetooth/controller/libsubsys__bluetooth__controller.a(ticker.c.obj)
                0x000000000000c7d0                ticker_ticks_diff_get
 .text.ll_addr_get
                0x000000000000c7d8       0x34 zephyr/subsys/bluetooth/controller/libsubsys__bluetooth__controller.a(ll_addr.c.obj)
                0x000000000000c7d8                ll_addr_get
 .text.ll_addr_set
                0x000000000000c80c       0x38 zephyr/subsys/bluetooth/controller/libsubsys__bluetooth__controller.a(ll_addr.c.obj)
                0x000000000000c80c                ll_addr_set
 .text.ll_tx_pwr_get
                0x000000000000c844        0x8 zephyr/subsys/bluetooth/controller/libsubsys__bluetooth__controller.a(ll_tx_pwr.c.obj)
                0x000000000000c844                ll_tx_pwr_get
 .text.bt_rand  0x000000000000c84c       0x38 zephyr/subsys/bluetooth/controller/libsubsys__bluetooth__controller.a(crypto.c.obj)
                0x000000000000c84c                bt_rand
 .text.bt_encrypt_le
                0x000000000000c884        0xc zephyr/subsys/bluetooth/controller/libsubsys__bluetooth__controller.a(crypto.c.obj)
                0x000000000000c884                bt_encrypt_le
 .text._hci_driver_init
                0x000000000000c890       0x10 zephyr/subsys/bluetooth/controller/libsubsys__bluetooth__controller.a(hci_driver.c.obj)
 .text.stack_analyze
                0x000000000000c8a0       0x34 zephyr/subsys/bluetooth/controller/libsubsys__bluetooth__controller.a(hci_driver.c.obj)
 .text.recv_thread
                0x000000000000c8d4       0xec zephyr/subsys/bluetooth/controller/libsubsys__bluetooth__controller.a(hci_driver.c.obj)
 .text.hci_driver_send
                0x000000000000c9c0       0x88 zephyr/subsys/bluetooth/controller/libsubsys__bluetooth__controller.a(hci_driver.c.obj)
 .text.prio_recv_thread
                0x000000000000ca48       0x90 zephyr/subsys/bluetooth/controller/libsubsys__bluetooth__controller.a(hci_driver.c.obj)
 .text.hci_driver_open
                0x000000000000cad8       0x9c zephyr/subsys/bluetooth/controller/libsubsys__bluetooth__controller.a(hci_driver.c.obj)
 .text.sys_put_le32
                0x000000000000cb74       0x12 zephyr/subsys/bluetooth/controller/libsubsys__bluetooth__controller.a(hci.c.obj)
 .text.evt_create
                0x000000000000cb86       0x14 zephyr/subsys/bluetooth/controller/libsubsys__bluetooth__controller.a(hci.c.obj)
 *fill*         0x000000000000cb9a        0x2 
 .text.cmd_status
                0x000000000000cb9c       0x34 zephyr/subsys/bluetooth/controller/libsubsys__bluetooth__controller.a(hci.c.obj)
 .text.meta_evt
                0x000000000000cbd0       0x2a zephyr/subsys/bluetooth/controller/libsubsys__bluetooth__controller.a(hci.c.obj)
 *fill*         0x000000000000cbfa        0x2 
 .text.cmd_complete
                0x000000000000cbfc       0x44 zephyr/subsys/bluetooth/controller/libsubsys__bluetooth__controller.a(hci.c.obj)
 .text.le_advertising_report
                0x000000000000cc40      0x26c zephyr/subsys/bluetooth/controller/libsubsys__bluetooth__controller.a(hci.c.obj)
 .text.encrypt_change
                0x000000000000ceac       0x40 zephyr/subsys/bluetooth/controller/libsubsys__bluetooth__controller.a(hci.c.obj)
 .text.le_remote_feat_complete
                0x000000000000ceec       0x5c zephyr/subsys/bluetooth/controller/libsubsys__bluetooth__controller.a(hci.c.obj)
 .text.le_set_adv_param.isra.37
                0x000000000000cf48       0x50 zephyr/subsys/bluetooth/controller/libsubsys__bluetooth__controller.a(hci.c.obj)
 .text.le_set_adv_enable.isra.40
                0x000000000000cf98       0x20 zephyr/subsys/bluetooth/controller/libsubsys__bluetooth__controller.a(hci.c.obj)
 .text.le_conn_complete.part.44
                0x000000000000cfb8      0x12c zephyr/subsys/bluetooth/controller/libsubsys__bluetooth__controller.a(hci.c.obj)
 .text.bt_addr_le_to_str.constprop.73
                0x000000000000d0e4       0x78 zephyr/subsys/bluetooth/controller/libsubsys__bluetooth__controller.a(hci.c.obj)
 .text.le_adv_ext_report
                0x000000000000d15c      0x170 zephyr/subsys/bluetooth/controller/libsubsys__bluetooth__controller.a(hci.c.obj)
 .text.sys_get_le64
                0x000000000000d2cc        0x8 zephyr/subsys/bluetooth/controller/libsubsys__bluetooth__controller.a(hci.c.obj)
 .text.hci_cmd_handle
                0x000000000000d2d4      0xb38 zephyr/subsys/bluetooth/controller/libsubsys__bluetooth__controller.a(hci.c.obj)
                0x000000000000d2d4                hci_cmd_handle
 .text.hci_acl_handle
                0x000000000000de0c      0x120 zephyr/subsys/bluetooth/controller/libsubsys__bluetooth__controller.a(hci.c.obj)
                0x000000000000de0c                hci_acl_handle
 .text.hci_acl_encode
                0x000000000000df2c       0x80 zephyr/subsys/bluetooth/controller/libsubsys__bluetooth__controller.a(hci.c.obj)
                0x000000000000df2c                hci_acl_encode
 .text.hci_evt_encode
                0x000000000000dfac      0x4e8 zephyr/subsys/bluetooth/controller/libsubsys__bluetooth__controller.a(hci.c.obj)
                0x000000000000dfac                hci_evt_encode
 .text.hci_num_cmplt_encode
                0x000000000000e494       0x28 zephyr/subsys/bluetooth/controller/libsubsys__bluetooth__controller.a(hci.c.obj)
                0x000000000000e494                hci_num_cmplt_encode
 .text.hci_get_class
                0x000000000000e4bc       0x30 zephyr/subsys/bluetooth/controller/libsubsys__bluetooth__controller.a(hci.c.obj)
                0x000000000000e4bc                hci_get_class
 .text.hci_init
                0x000000000000e4ec       0x3c zephyr/subsys/bluetooth/controller/libsubsys__bluetooth__controller.a(hci.c.obj)
                0x000000000000e4ec                hci_init
 .text.cpu_sleep
                0x000000000000e528        0x8 zephyr/subsys/bluetooth/controller/libsubsys__bluetooth__controller.a(ctrl.c.obj)
 .text.pdu_len_cmp
                0x000000000000e530       0x3c zephyr/subsys/bluetooth/controller/libsubsys__bluetooth__controller.a(ctrl.c.obj)
 .text.ticker_if_done
                0x000000000000e56c        0x4 zephyr/subsys/bluetooth/controller/libsubsys__bluetooth__controller.a(ctrl.c.obj)
 .text.prepare_reduced
                0x000000000000e570        0xc zephyr/subsys/bluetooth/controller/libsubsys__bluetooth__controller.a(ctrl.c.obj)
 .text.prepare_normal
                0x000000000000e57c        0xc zephyr/subsys/bluetooth/controller/libsubsys__bluetooth__controller.a(ctrl.c.obj)
 .text.chan_sel_remap
                0x000000000000e588       0x36 zephyr/subsys/bluetooth/controller/libsubsys__bluetooth__controller.a(ctrl.c.obj)
 *fill*         0x000000000000e5be        0x2 
 .text.packet_rx_acquired_count_get
                0x000000000000e5c0       0x2c zephyr/subsys/bluetooth/controller/libsubsys__bluetooth__controller.a(ctrl.c.obj)
 .text.packet_rx_reserve_get
                0x000000000000e5ec       0x24 zephyr/subsys/bluetooth/controller/libsubsys__bluetooth__controller.a(ctrl.c.obj)
 .text.conn_update_req
                0x000000000000e610       0xcc zephyr/subsys/bluetooth/controller/libsubsys__bluetooth__controller.a(ctrl.c.obj)
 .text.packet_rx_allocate
                0x000000000000e6dc       0x98 zephyr/subsys/bluetooth/controller/libsubsys__bluetooth__controller.a(ctrl.c.obj)
 .text.common_init
                0x000000000000e774      0x114 zephyr/subsys/bluetooth/controller/libsubsys__bluetooth__controller.a(ctrl.c.obj)
 .text.tx_cmplt_get
                0x000000000000e888       0x94 zephyr/subsys/bluetooth/controller/libsubsys__bluetooth__controller.a(ctrl.c.obj)
 .text.connection_get
                0x000000000000e91c       0x2c zephyr/subsys/bluetooth/controller/libsubsys__bluetooth__controller.a(ctrl.c.obj)
 .text.role_disable
                0x000000000000e948      0x2bc zephyr/subsys/bluetooth/controller/libsubsys__bluetooth__controller.a(ctrl.c.obj)
 .text.mayfly_xtal_retain
                0x000000000000ec04       0xa4 zephyr/subsys/bluetooth/controller/libsubsys__bluetooth__controller.a(ctrl.c.obj)
 .text.rx_packet_set
                0x000000000000eca8       0x58 zephyr/subsys/bluetooth/controller/libsubsys__bluetooth__controller.a(ctrl.c.obj)
 .text.tx_packet_set
                0x000000000000ed00       0x56 zephyr/subsys/bluetooth/controller/libsubsys__bluetooth__controller.a(ctrl.c.obj)
 *fill*         0x000000000000ed56        0x2 
 .text.chan_set
                0x000000000000ed58      0x290 zephyr/subsys/bluetooth/controller/libsubsys__bluetooth__controller.a(ctrl.c.obj)
 .text.adv_setup
                0x000000000000efe8      0x250 zephyr/subsys/bluetooth/controller/libsubsys__bluetooth__controller.a(ctrl.c.obj)
 .text.sched_free_win_offset_calc
                0x000000000000f238      0x27c zephyr/subsys/bluetooth/controller/libsubsys__bluetooth__controller.a(ctrl.c.obj)
 .text.mayfly_sched_free_win_offset_calc
                0x000000000000f4b4       0x3c zephyr/subsys/bluetooth/controller/libsubsys__bluetooth__controller.a(ctrl.c.obj)
 .text.mayfly_sched_win_offset_select
                0x000000000000f4f0      0x118 zephyr/subsys/bluetooth/controller/libsubsys__bluetooth__controller.a(ctrl.c.obj)
 .text.sched_after_mstr_free_slot_get
                0x000000000000f608      0x150 zephyr/subsys/bluetooth/controller/libsubsys__bluetooth__controller.a(ctrl.c.obj)
 .text.isr_adv_ci_adva_check
                0x000000000000f758       0x48 zephyr/subsys/bluetooth/controller/libsubsys__bluetooth__controller.a(ctrl.c.obj)
 .text.packet_rx_enqueue
                0x000000000000f7a0       0x98 zephyr/subsys/bluetooth/controller/libsubsys__bluetooth__controller.a(ctrl.c.obj)
 .text.isr_scan_tgta_check
                0x000000000000f838       0x98 zephyr/subsys/bluetooth/controller/libsubsys__bluetooth__controller.a(ctrl.c.obj)
 .text.isr_rx_scan_report
                0x000000000000f8d0       0xb0 zephyr/subsys/bluetooth/controller/libsubsys__bluetooth__controller.a(ctrl.c.obj)
 .text.rx_fc_lock
                0x000000000000f980       0x34 zephyr/subsys/bluetooth/controller/libsubsys__bluetooth__controller.a(ctrl.c.obj)
 .text.ticker_success_assert
                0x000000000000f9b4       0x3c zephyr/subsys/bluetooth/controller/libsubsys__bluetooth__controller.a(ctrl.c.obj)
 .text.ticker_stop_adv_assert
                0x000000000000f9f0       0x68 zephyr/subsys/bluetooth/controller/libsubsys__bluetooth__controller.a(ctrl.c.obj)
 .text.ticker_stop_scan_assert
                0x000000000000fa58       0x68 zephyr/subsys/bluetooth/controller/libsubsys__bluetooth__controller.a(ctrl.c.obj)
 .text.ticker_update_adv_assert
                0x000000000000fac0       0x48 zephyr/subsys/bluetooth/controller/libsubsys__bluetooth__controller.a(ctrl.c.obj)
 .text.ticker_update_slave_assert
                0x000000000000fb08       0x4c zephyr/subsys/bluetooth/controller/libsubsys__bluetooth__controller.a(ctrl.c.obj)
 .text.ticker_op_latency_cancelled
                0x000000000000fb54       0x48 zephyr/subsys/bluetooth/controller/libsubsys__bluetooth__controller.a(ctrl.c.obj)
 .text.ticker_job_disable
                0x000000000000fb9c       0x18 zephyr/subsys/bluetooth/controller/libsubsys__bluetooth__controller.a(ctrl.c.obj)
 .text.hdr_conn_get
                0x000000000000fbb4       0x3c zephyr/subsys/bluetooth/controller/libsubsys__bluetooth__controller.a(ctrl.c.obj)
 .text.event_stop.part.11
                0x000000000000fbf0       0x34 zephyr/subsys/bluetooth/controller/libsubsys__bluetooth__controller.a(ctrl.c.obj)
 .text.event_stop
                0x000000000000fc24       0x20 zephyr/subsys/bluetooth/controller/libsubsys__bluetooth__controller.a(ctrl.c.obj)
 .text.event_active
                0x000000000000fc44       0x4c zephyr/subsys/bluetooth/controller/libsubsys__bluetooth__controller.a(ctrl.c.obj)
 .text.event_xtal
                0x000000000000fc90       0x4c zephyr/subsys/bluetooth/controller/libsubsys__bluetooth__controller.a(ctrl.c.obj)
 .text.mayfly_radio_active
                0x000000000000fcdc       0x64 zephyr/subsys/bluetooth/controller/libsubsys__bluetooth__controller.a(ctrl.c.obj)
 .text.mayfly_radio_inactive
                0x000000000000fd40        0x6 zephyr/subsys/bluetooth/controller/libsubsys__bluetooth__controller.a(ctrl.c.obj)
 *fill*         0x000000000000fd46        0x2 
 .text.mayfly_radio_stop
                0x000000000000fd48       0x68 zephyr/subsys/bluetooth/controller/libsubsys__bluetooth__controller.a(ctrl.c.obj)
 .text.pdu_node_tx_release
                0x000000000000fdb0       0x78 zephyr/subsys/bluetooth/controller/libsubsys__bluetooth__controller.a(ctrl.c.obj)
 .text.packet_tx_enqueue
                0x000000000000fe28       0x9c zephyr/subsys/bluetooth/controller/libsubsys__bluetooth__controller.a(ctrl.c.obj)
 .text.connection_release
                0x000000000000fec4      0x138 zephyr/subsys/bluetooth/controller/libsubsys__bluetooth__controller.a(ctrl.c.obj)
 .text.ticker_stop_adv_stop
                0x000000000000fffc      0x18c zephyr/subsys/bluetooth/controller/libsubsys__bluetooth__controller.a(ctrl.c.obj)
 .text.sched_after_mstr_free_offset_get
                0x0000000000010188       0xa0 zephyr/subsys/bluetooth/controller/libsubsys__bluetooth__controller.a(ctrl.c.obj)
 .text.mayfly_sched_win_offset_use
                0x0000000000010228       0x34 zephyr/subsys/bluetooth/controller/libsubsys__bluetooth__controller.a(ctrl.c.obj)
 .text.mayfly_sched_after_mstr_free_offset_get
                0x000000000001025c       0x1c zephyr/subsys/bluetooth/controller/libsubsys__bluetooth__controller.a(ctrl.c.obj)
 .text.mayfly_adv_stop
                0x0000000000010278       0x60 zephyr/subsys/bluetooth/controller/libsubsys__bluetooth__controller.a(ctrl.c.obj)
 .text.terminate_ind_rx_enqueue
                0x00000000000102d8       0x88 zephyr/subsys/bluetooth/controller/libsubsys__bluetooth__controller.a(ctrl.c.obj)
 .text.scan_ticker_enable
                0x0000000000010360      0x104 zephyr/subsys/bluetooth/controller/libsubsys__bluetooth__controller.a(ctrl.c.obj)
 .text.aux_packet_function
                0x0000000000010464        0x4 zephyr/subsys/bluetooth/controller/libsubsys__bluetooth__controller.a(ctrl.c.obj)
 .text.prepare_normal_set
                0x0000000000010468       0x74 zephyr/subsys/bluetooth/controller/libsubsys__bluetooth__controller.a(ctrl.c.obj)
 .text.preempt_calc
                0x00000000000104dc       0x3c zephyr/subsys/bluetooth/controller/libsubsys__bluetooth__controller.a(ctrl.c.obj)
 .text.event_ext_adv
                0x0000000000010518      0x1ac zephyr/subsys/bluetooth/controller/libsubsys__bluetooth__controller.a(ctrl.c.obj)
 *fill*         0x00000000000106c4        0x4 
 .text.mayfly_xtal_stop_calc
                0x00000000000106c8      0x238 zephyr/subsys/bluetooth/controller/libsubsys__bluetooth__controller.a(ctrl.c.obj)
 .text.adv_scan_configure.constprop.32
                0x0000000000010900       0x54 zephyr/subsys/bluetooth/controller/libsubsys__bluetooth__controller.a(ctrl.c.obj)
 .text.event_scan
                0x0000000000010954      0x2c8 zephyr/subsys/bluetooth/controller/libsubsys__bluetooth__controller.a(ctrl.c.obj)
 .text.event_adv
                0x0000000000010c1c      0x114 zephyr/subsys/bluetooth/controller/libsubsys__bluetooth__controller.a(ctrl.c.obj)
 .text.event_stop.constprop.33
                0x0000000000010d30       0x1c zephyr/subsys/bluetooth/controller/libsubsys__bluetooth__controller.a(ctrl.c.obj)
 .text.event_common_prepare
                0x0000000000010d4c      0x1ac zephyr/subsys/bluetooth/controller/libsubsys__bluetooth__controller.a(ctrl.c.obj)
 .text.radio_event_adv_prepare
                0x0000000000010ef8       0x64 zephyr/subsys/bluetooth/controller/libsubsys__bluetooth__controller.a(ctrl.c.obj)
                0x0000000000010ef8                radio_event_adv_prepare
 .text.event_scan_prepare
                0x0000000000010f5c       0xbc zephyr/subsys/bluetooth/controller/libsubsys__bluetooth__controller.a(ctrl.c.obj)
 .text.radio_event_ext_adv_prepare
                0x0000000000011018       0x64 zephyr/subsys/bluetooth/controller/libsubsys__bluetooth__controller.a(ctrl.c.obj)
                0x0000000000011018                radio_event_ext_adv_prepare
 .text.event_adv_stop
                0x000000000001107c       0x5c zephyr/subsys/bluetooth/controller/libsubsys__bluetooth__controller.a(ctrl.c.obj)
                0x000000000001107c                event_adv_stop
 .text.mayfly_xtal_start
                0x00000000000110d8       0x10 zephyr/subsys/bluetooth/controller/libsubsys__bluetooth__controller.a(ctrl.c.obj)
 .text.mayfly_xtal_stop
                0x00000000000110e8       0x10 zephyr/subsys/bluetooth/controller/libsubsys__bluetooth__controller.a(ctrl.c.obj)
 .text.chan_sel_2
                0x00000000000110f8       0x88 zephyr/subsys/bluetooth/controller/libsubsys__bluetooth__controller.a(ctrl.c.obj)
 .text.ctrl_tx_enqueue
                0x0000000000011180       0x5c zephyr/subsys/bluetooth/controller/libsubsys__bluetooth__controller.a(ctrl.c.obj)
 .text.ctrl_tx_sec_enqueue
                0x00000000000111dc       0x32 zephyr/subsys/bluetooth/controller/libsubsys__bluetooth__controller.a(ctrl.c.obj)
 *fill*         0x000000000001120e        0x2 
 .text.feature_rsp_send
                0x0000000000011210       0x8c zephyr/subsys/bluetooth/controller/libsubsys__bluetooth__controller.a(ctrl.c.obj)
 .text.start_enc_rsp_send
                0x000000000001129c       0x48 zephyr/subsys/bluetooth/controller/libsubsys__bluetooth__controller.a(ctrl.c.obj)
 .text.reject_ext_ind_send
                0x00000000000112e4       0x38 zephyr/subsys/bluetooth/controller/libsubsys__bluetooth__controller.a(ctrl.c.obj)
 *fill*         0x000000000001131c        0x4 
 .text.event_connection_prepare
                0x0000000000011320     0x11e8 zephyr/subsys/bluetooth/controller/libsubsys__bluetooth__controller.a(ctrl.c.obj)
 .text.event_master_prepare
                0x0000000000012508        0x4 zephyr/subsys/bluetooth/controller/libsubsys__bluetooth__controller.a(ctrl.c.obj)
 .text.event_slave_prepare
                0x000000000001250c        0x4 zephyr/subsys/bluetooth/controller/libsubsys__bluetooth__controller.a(ctrl.c.obj)
 .text.connection_configure
                0x0000000000012510       0x3c zephyr/subsys/bluetooth/controller/libsubsys__bluetooth__controller.a(ctrl.c.obj)
 .text.event_slave
                0x000000000001254c      0x1f0 zephyr/subsys/bluetooth/controller/libsubsys__bluetooth__controller.a(ctrl.c.obj)
 .text.prepare_pdu_data_tx
                0x000000000001273c      0x120 zephyr/subsys/bluetooth/controller/libsubsys__bluetooth__controller.a(ctrl.c.obj)
 .text.event_master
                0x000000000001285c      0x184 zephyr/subsys/bluetooth/controller/libsubsys__bluetooth__controller.a(ctrl.c.obj)
 .text.isr_rx_conn_pkt_ctrl
                0x00000000000129e0     0x1248 zephyr/subsys/bluetooth/controller/libsubsys__bluetooth__controller.a(ctrl.c.obj)
 .text.isr      0x0000000000013c28     0x19b0 zephyr/subsys/bluetooth/controller/libsubsys__bluetooth__controller.a(ctrl.c.obj)
 .text.radio_init
                0x00000000000155d8      0x104 zephyr/subsys/bluetooth/controller/libsubsys__bluetooth__controller.a(ctrl.c.obj)
                0x00000000000155d8                radio_init
 .text.ll_reset
                0x00000000000156dc       0xa0 zephyr/subsys/bluetooth/controller/libsubsys__bluetooth__controller.a(ctrl.c.obj)
                0x00000000000156dc                ll_reset
 .text.radio_adv_data_get
                0x000000000001577c        0x8 zephyr/subsys/bluetooth/controller/libsubsys__bluetooth__controller.a(ctrl.c.obj)
                0x000000000001577c                radio_adv_data_get