Archive member included to satisfy reference by file (symbol)

libapp.a(atoi.c.obj)          (--whole-archive)
libapp.a(strtol.c.obj)        (--whole-archive)
libapp.a(strtoul.c.obj)       (--whole-archive)
libapp.a(strncasecmp.c.obj)   (--whole-archive)
libapp.a(strstr.c.obj)        (--whole-archive)
libapp.a(string.c.obj)        (--whole-archive)
libapp.a(prf.c.obj)           (--whole-archive)
libapp.a(stdout_console.c.obj)
                              (--whole-archive)
libapp.a(sprintf.c.obj)       (--whole-archive)
libapp.a(fprintf.c.obj)       (--whole-archive)
libapp.a(main.c.obj)          (--whole-archive)
zephyr/libzephyr.a(isr_tables.c.obj)
                              (--whole-archive)
zephyr/libzephyr.a(mpu_regions.c.obj)
                              (--whole-archive)
zephyr/libzephyr.a(power.c.obj)
                              (--whole-archive)
zephyr/libzephyr.a(soc.c.obj)
                              (--whole-archive)
zephyr/libzephyr.a(exc_exit.S.obj)
                              (--whole-archive)
zephyr/libzephyr.a(irq_init.c.obj)
                              (--whole-archive)
zephyr/libzephyr.a(swap.c.obj)
                              (--whole-archive)
zephyr/libzephyr.a(swap_helper.S.obj)
                              (--whole-archive)
zephyr/libzephyr.a(fault.c.obj)
                              (--whole-archive)
zephyr/libzephyr.a(irq_manage.c.obj)
                              (--whole-archive)
zephyr/libzephyr.a(thread.c.obj)
                              (--whole-archive)
zephyr/libzephyr.a(cpu_idle.S.obj)
                              (--whole-archive)
zephyr/libzephyr.a(fault_s.S.obj)
                              (--whole-archive)
zephyr/libzephyr.a(fatal.c.obj)
                              (--whole-archive)
zephyr/libzephyr.a(sys_fatal_error_handler.c.obj)
                              (--whole-archive)
zephyr/libzephyr.a(thread_abort.c.obj)
                              (--whole-archive)
zephyr/libzephyr.a(isr_wrapper.S.obj)
                              (--whole-archive)
zephyr/libzephyr.a(vector_table.S.obj)
                              (--whole-archive)
zephyr/libzephyr.a(reset.S.obj)
                              (--whole-archive)
zephyr/libzephyr.a(nmi_on_reset.S.obj)
                              (--whole-archive)
zephyr/libzephyr.a(prep_c.c.obj)
                              (--whole-archive)
zephyr/libzephyr.a(scb.c.obj)
                              (--whole-archive)
zephyr/libzephyr.a(nmi.c.obj)
                              (--whole-archive)
zephyr/libzephyr.a(exc_manage.c.obj)
                              (--whole-archive)
zephyr/libzephyr.a(arm_core_mpu.c.obj)
                              (--whole-archive)
zephyr/libzephyr.a(arm_mpu.c.obj)
                              (--whole-archive)
zephyr/libzephyr.a(crc16_sw.c.obj)
                              (--whole-archive)
zephyr/libzephyr.a(crc8_sw.c.obj)
                              (--whole-archive)
zephyr/libzephyr.a(printk.c.obj)
                              (--whole-archive)
zephyr/libzephyr.a(configs.c.obj)
                              (--whole-archive)
zephyr/libzephyr.a(sys_log.c.obj)
                              (--whole-archive)
zephyr/libzephyr.a(rand32_entropy_device.c.obj)
                              (--whole-archive)
zephyr/libzephyr.a(uart_console.c.obj)
                              (--whole-archive)
zephyr/libzephyr.a(nrf5_power_clock.c.obj)
                              (--whole-archive)
zephyr/libzephyr.a(gpio_nrf5.c.obj)
                              (--whole-archive)
zephyr/libzephyr.a(uart_nrf5.c.obj)
                              (--whole-archive)
zephyr/libzephyr.a(entropy_nrf5.c.obj)
                              (--whole-archive)
zephyr/libzephyr.a(sys_clock_init.c.obj)
                              (--whole-archive)
zephyr/libzephyr.a(nrf_rtc_timer.c.obj)
                              (--whole-archive)
zephyr/subsys/bluetooth/common/libsubsys__bluetooth__common.a(dummy.c.obj)
                              (--whole-archive)
zephyr/subsys/bluetooth/common/libsubsys__bluetooth__common.a(log.c.obj)
                              (--whole-archive)
zephyr/subsys/bluetooth/host/libsubsys__bluetooth__host.a(uuid.c.obj)
                              (--whole-archive)
zephyr/subsys/bluetooth/host/libsubsys__bluetooth__host.a(hci_core.c.obj)
                              (--whole-archive)
zephyr/subsys/bluetooth/controller/libsubsys__bluetooth__controller.a(mem.c.obj)
                              (--whole-archive)
zephyr/subsys/bluetooth/controller/libsubsys__bluetooth__controller.a(memq.c.obj)
                              (--whole-archive)
zephyr/subsys/bluetooth/controller/libsubsys__bluetooth__controller.a(mayfly.c.obj)
                              (--whole-archive)
zephyr/subsys/bluetooth/controller/libsubsys__bluetooth__controller.a(util.c.obj)
                              (--whole-archive)
zephyr/subsys/bluetooth/controller/libsubsys__bluetooth__controller.a(ticker.c.obj)
[...]
Memory Configuration

Name             Origin             Length             Attributes
FLASH            0x0000000000000000 0x0000000000100000 xr
SRAM             0x0000000020000000 0x0000000000040000 xw
IDT_LIST         0x0000000020040000 0x0000000000000800 xw
*default*        0x0000000000000000 0xffffffffffffffff

Linker script and memory map

LOAD zephyr/CMakeFiles/kernel_elf.dir/misc/empty_file.c.obj
LOAD zephyr/CMakeFiles/kernel_elf.dir/isr_tables.c.obj
START GROUP
LOAD libapp.a
LOAD zephyr/libzephyr.a
LOAD zephyr/subsys/bluetooth/common/libsubsys__bluetooth__common.a
LOAD zephyr/subsys/bluetooth/host/libsubsys__bluetooth__host.a
LOAD zephyr/subsys/bluetooth/controller/libsubsys__bluetooth__controller.a
LOAD zephyr/subsys/net/libsubsys__net.a
LOAD zephyr/kernel/libkernel.a
LOAD zephyr/CMakeFiles/offsets.dir/arch/arm/core/offsets/offsets.c.obj
END GROUP
LOAD /home/swap/directory/sysroots/armv5-zephyr-eabi/usr/lib/arm-zephyr-eabi/6.2.0/armv7e-m/libgcc.a
                0x0000000000000000                _image_rom_start = 0x0

text            0x0000000000000000     0xcc82
                0x0000000000000000                . = 0x0
                0x0000000000000000                _vector_start = .
 *(.exc_vector_table)
 *(.exc_vector_table.*)
 .exc_vector_table._vector_table_section
                0x0000000000000000       0x40 zephyr/libzephyr.a(vector_table.S.obj)
                0x0000000000000000                _vector_table
 *(.gnu.linkonce.irq_vector_table)
 .gnu.linkonce.irq_vector_table
                0x0000000000000040       0xb8 zephyr/CMakeFiles/kernel_elf.dir/isr_tables.c.obj
                0x0000000000000040                _irq_vector_table
 *(.openocd_dbg)
 *(.openocd_dbg.*)
 *(.kinetis_flash_config)
 *(.kinetis_flash_config.*)
 *(.gnu.linkonce.sw_isr_table)
 .gnu.linkonce.sw_isr_table
                0x00000000000000f8      0x170 zephyr/CMakeFiles/kernel_elf.dir/isr_tables.c.obj
                0x00000000000000f8                _sw_isr_table
                0x0000000000000268                _vector_end = .
                0x0000000000000268                _image_text_start = .
 *(.text)
 .text          0x0000000000000268       0x30 /home/swap/directory/sysroots/armv5-zephyr-eabi/usr/lib/arm-zephyr-eabi/6.2.0/armv7e-m/libgcc.a(_aeabi_uldivmod.o)
                0x0000000000000268                __aeabi_uldivmod
 .text          0x0000000000000298       0x28 /home/swap/directory/sysroots/armv5-zephyr-eabi/usr/lib/arm-zephyr-eabi/6.2.0/armv7e-m/libgcc.a(_popcountsi2.o)
                0x0000000000000298                __popcountsi2
 .text          0x00000000000002c0      0x2dc /home/swap/directory/sysroots/armv5-zephyr-eabi/usr/lib/arm-zephyr-eabi/6.2.0/armv7e-m/libgcc.a(_udivmoddi4.o)
                0x00000000000002c0                __udivmoddi4
 .text          0x000000000000059c        0x4 /home/swap/directory/sysroots/armv5-zephyr-eabi/usr/lib/arm-zephyr-eabi/6.2.0/armv7e-m/libgcc.a(_dvmd_tls.o)
                0x000000000000059c                __aeabi_ldiv0
                0x000000000000059c                __aeabi_idiv0
 *(.text.*)
 .text.strcpy   0x00000000000005a0       0x14 libapp.a(string.c.obj)
                0x00000000000005a0                strcpy
 .text.strcmp   0x00000000000005b4       0x1a libapp.a(string.c.obj)
                0x00000000000005b4                strcmp
 .text.memcmp   0x00000000000005ce       0x2a libapp.a(string.c.obj)
                0x00000000000005ce                memcmp
 .text.memcpy   0x00000000000005f8       0x58 libapp.a(string.c.obj)
                0x00000000000005f8                memcpy
 .text.memset   0x0000000000000650       0x46 libapp.a(string.c.obj)
                0x0000000000000650                memset
 *fill*         0x0000000000000696        0x2 
 .text.scan_cb  0x0000000000000698      0x108 libapp.a(main.c.obj)
 .text.main     0x00000000000007a0       0xac libapp.a(main.c.obj)
                0x00000000000007a0                main
 .text.errata_136_nrf52840
                0x000000000000084c       0x20 zephyr/libzephyr.a(soc.c.obj)
 .text.nordicsemi_nrf52_init
                0x000000000000086c      0x13c zephyr/libzephyr.a(soc.c.obj)
 .text._HandlerModeExit
                0x00000000000009a8       0x2c zephyr/libzephyr.a(exc_exit.S.obj)
                0x00000000000009a8                _ExcExit
                0x00000000000009a8                _IntExit
 .text._IntLibInit
                0x00000000000009d4       0x18 zephyr/libzephyr.a(irq_init.c.obj)
                0x00000000000009d4                _IntLibInit
 .text.__swap   0x00000000000009ec       0x30 zephyr/libzephyr.a(swap.c.obj)
                0x00000000000009ec                __swap
 .text.__pendsv
                0x0000000000000a1c       0x44 zephyr/libzephyr.a(swap_helper.S.obj)
                0x0000000000000a1c                __pendsv
 .text.__svc    0x0000000000000a60       0x3c zephyr/libzephyr.a(swap_helper.S.obj)
                0x0000000000000a60                __svc
 .text._FaultThreadShow.isra.2
                0x0000000000000a9c       0x1c zephyr/libzephyr.a(fault.c.obj)
 .text._UsageFault
                0x0000000000000ab8       0x90 zephyr/libzephyr.a(fault.c.obj)
 .text._MpuFault
                0x0000000000000b48       0x8c zephyr/libzephyr.a(fault.c.obj)
 .text._BusFault
                0x0000000000000bd4       0xa0 zephyr/libzephyr.a(fault.c.obj)
 .text._Fault   0x0000000000000c74       0xcc zephyr/libzephyr.a(fault.c.obj)
                0x0000000000000c74                _Fault
 .text._FaultInit
                0x0000000000000d40       0x10 zephyr/libzephyr.a(fault.c.obj)
                0x0000000000000d40                _FaultInit
 .text._arch_irq_enable
                0x0000000000000d50       0x20 zephyr/libzephyr.a(irq_manage.c.obj)
                0x0000000000000d50                _arch_irq_enable
 .text._arch_irq_disable
                0x0000000000000d70       0x28 zephyr/libzephyr.a(irq_manage.c.obj)
                0x0000000000000d70                _arch_irq_disable
 .text._arch_irq_is_enabled
                0x0000000000000d98       0x1c zephyr/libzephyr.a(irq_manage.c.obj)
                0x0000000000000d98                _arch_irq_is_enabled
 .text._irq_priority_set
                0x0000000000000db4       0x30 zephyr/libzephyr.a(irq_manage.c.obj)
                0x0000000000000db4                _irq_priority_set
 .text._irq_spurious
                0x0000000000000de4        0x4 zephyr/libzephyr.a(irq_manage.c.obj)
                0x0000000000000de4                _irq_spurious
 .text._arch_isr_direct_pm
                0x0000000000000de8       0x1c zephyr/libzephyr.a(irq_manage.c.obj)
                0x0000000000000de8                _arch_isr_direct_pm
 .text._new_thread
                0x0000000000000e04       0x50 zephyr/libzephyr.a(thread.c.obj)
                0x0000000000000e04                _new_thread
 .text._CpuIdleInit
                0x0000000000000e54        0xc zephyr/libzephyr.a(cpu_idle.S.obj)
                0x0000000000000e54                _CpuIdleInit
 .text.k_cpu_idle
                0x0000000000000e60        0xc zephyr/libzephyr.a(cpu_idle.S.obj)
                0x0000000000000e60                k_cpu_idle
 .text.__fault  0x0000000000000e6c       0x28 zephyr/libzephyr.a(fault_s.S.obj)
                0x0000000000000e6c                __usage_fault
                0x0000000000000e6c                __reserved
                0x0000000000000e6c                __bus_fault
                0x0000000000000e6c                __debug_monitor
                0x0000000000000e6c                __mpu_fault
                0x0000000000000e6c                __hard_fault
 .text._NanoFatalErrorHandler
                0x0000000000000e94       0x58 zephyr/libzephyr.a(fatal.c.obj)
                0x0000000000000e94                _NanoFatalErrorHandler
 .text._do_kernel_oops
                0x0000000000000eec        0x8 zephyr/libzephyr.a(fatal.c.obj)
                0x0000000000000eec                _do_kernel_oops
 .text._SysFatalErrorHandler
                0x0000000000000ef4       0x58 zephyr/libzephyr.a(sys_fatal_error_handler.c.obj)
                0x0000000000000ef4                _SysFatalErrorHandler
 .text._impl_k_thread_abort
                0x0000000000000f4c       0x4c zephyr/libzephyr.a(thread_abort.c.obj)
                0x0000000000000f4c                _impl_k_thread_abort
 .text._isr_wrapper
                0x0000000000000f98       0x3c zephyr/libzephyr.a(isr_wrapper.S.obj)
                0x0000000000000f98                _isr_wrapper
 .text._reset_section
                0x0000000000000fd4       0x20 zephyr/libzephyr.a(reset.S.obj)
                0x0000000000000fd4                __reset
                0x0000000000000fd4                __start
 .text._SysNmiOnReset
                0x0000000000000ff4        0x8 zephyr/libzephyr.a(nmi_on_reset.S.obj)
                0x0000000000000ff4                _SysNmiOnReset
 .text._PrepC   0x0000000000000ffc       0x28 zephyr/libzephyr.a(prep_c.c.obj)
                0x0000000000000ffc                _PrepC
 .text.__nmi    0x0000000000001024        0xe zephyr/libzephyr.a(nmi.c.obj)
                0x0000000000001024                __nmi
 *fill*         0x0000000000001032        0x2 
 .text.arm_mpu_init
                0x0000000000001034       0x64 zephyr/libzephyr.a(arm_mpu.c.obj)
 .text._nop_char_out
                0x0000000000001098        0x4 zephyr/libzephyr.a(printk.c.obj)
 .text.char_out
                0x000000000000109c       0x10 zephyr/libzephyr.a(printk.c.obj)
 .text._printk_dec_ulong
                0x00000000000010ac       0xa0 zephyr/libzephyr.a(printk.c.obj)
 .text.str_out  0x000000000000114c       0x2a zephyr/libzephyr.a(printk.c.obj)
 *fill*         0x0000000000001176        0x2 
 .text.__printk_hook_install
                0x0000000000001178        0xc zephyr/libzephyr.a(printk.c.obj)
                0x0000000000001178                __printk_hook_install
 .text._vprintk
                0x0000000000001184      0x25e zephyr/libzephyr.a(printk.c.obj)
                0x0000000000001184                _vprintk
 *fill*         0x00000000000013e2        0x2 
 .text.vprintk  0x00000000000013e4       0x20 zephyr/libzephyr.a(printk.c.obj)
                0x00000000000013e4                vprintk
 .text.printk   0x0000000000001404       0x1a zephyr/libzephyr.a(printk.c.obj)
                0x0000000000001404                printk
 *fill*         0x000000000000141e        0x2 
 .text.snprintk
                0x0000000000001420       0x38 zephyr/libzephyr.a(printk.c.obj)
                0x0000000000001420                snprintk
 .text._ConfigAbsSyms
                0x0000000000001458        0x2 zephyr/libzephyr.a(configs.c.obj)
                0x0000000000001458                _ConfigAbsSyms
 *fill*         0x000000000000145a        0x2 
 .text.sys_rand32_get
                0x000000000000145c       0x50 zephyr/libzephyr.a(rand32_entropy_device.c.obj)
                0x000000000000145c                sys_rand32_get
 .text.console_out
                0x00000000000014ac       0x28 zephyr/libzephyr.a(uart_console.c.obj)
 .text.uart_console_hook_install
                0x00000000000014d4        0xc zephyr/libzephyr.a(uart_console.c.obj)
                0x00000000000014d4                uart_console_hook_install
 .text.uart_console_init
                0x00000000000014e0       0x1c zephyr/libzephyr.a(uart_console.c.obj)
 .text._m16src_stop
                0x00000000000014fc       0x5c zephyr/libzephyr.a(nrf5_power_clock.c.obj)
 .text._clock_control_init
                0x0000000000001558       0x16 zephyr/libzephyr.a(nrf5_power_clock.c.obj)
 *fill*         0x000000000000156e        0x2 
 .text._m16src_start
                0x0000000000001570       0xb0 zephyr/libzephyr.a(nrf5_power_clock.c.obj)
 .text._k32src_start
                0x0000000000001620       0xcc zephyr/libzephyr.a(nrf5_power_clock.c.obj)
 .text._power_clock_isr
                0x00000000000016ec       0x9c zephyr/libzephyr.a(nrf5_power_clock.c.obj)
 .text.gpiote_find_channel
                0x0000000000001788       0x32 zephyr/libzephyr.a(gpio_nrf5.c.obj)
 .text.gpio_nrf5_read
                0x00000000000017ba       0x20 zephyr/libzephyr.a(gpio_nrf5.c.obj)
 .text.gpio_nrf5_write
                0x00000000000017da       0x22 zephyr/libzephyr.a(gpio_nrf5.c.obj)
 .text.gpio_nrf5_manage_callback
                0x00000000000017fc       0x44 zephyr/libzephyr.a(gpio_nrf5.c.obj)
 .text.gpio_nrf5_enable_callback
                0x0000000000001840       0x40 zephyr/libzephyr.a(gpio_nrf5.c.obj)
 .text.gpio_nrf5_disable_callback
                0x0000000000001880       0x3a zephyr/libzephyr.a(gpio_nrf5.c.obj)
 .text.gpio_nrf5_P0_init
                0x00000000000018ba       0x16 zephyr/libzephyr.a(gpio_nrf5.c.obj)
 .text.gpio_nrf5_port_isr
                0x00000000000018d0       0x64 zephyr/libzephyr.a(gpio_nrf5.c.obj)
 .text.gpio_nrf5_config
                0x0000000000001934      0x118 zephyr/libzephyr.a(gpio_nrf5.c.obj)
 .text.uart_nrf5_poll_in
                0x0000000000001a4c       0x20 zephyr/libzephyr.a(uart_nrf5.c.obj)
 .text.uart_nrf5_poll_out
                0x0000000000001a6c       0x1c zephyr/libzephyr.a(uart_nrf5.c.obj)
 .text.uart_nrf5_err_check
                0x0000000000001a88       0x1a zephyr/libzephyr.a(uart_nrf5.c.obj)
 *fill*         0x0000000000001aa2        0x2 
 .text.uart_nrf5_init
                0x0000000000001aa4       0x74 zephyr/libzephyr.a(uart_nrf5.c.obj)
 .text.get      0x0000000000001b18       0xc4 zephyr/libzephyr.a(entropy_nrf5.c.obj)
 .text.isr      0x0000000000001bdc       0x48 zephyr/libzephyr.a(entropy_nrf5.c.obj)
 .text.entropy_nrf5_init
                0x0000000000001c24       0x74 zephyr/libzephyr.a(entropy_nrf5.c.obj)
 .text.isr_rand
                0x0000000000001c98       0x50 zephyr/libzephyr.a(entropy_nrf5.c.obj)
 .text.entropy_nrf5_get_entropy
                0x0000000000001ce8       0x54 zephyr/libzephyr.a(entropy_nrf5.c.obj)
 .text.entropy_get_entropy_isr
                0x0000000000001d3c       0x10 zephyr/libzephyr.a(entropy_nrf5.c.obj)
                0x0000000000001d3c                entropy_get_entropy_isr
 .text.rtc_compare_set
                0x0000000000001d4c       0x30 zephyr/libzephyr.a(nrf_rtc_timer.c.obj)
 .text.rtc_announce_set_next
                0x0000000000001d7c       0x5c zephyr/libzephyr.a(nrf_rtc_timer.c.obj)
 .text.rtc1_nrf5_isr
                0x0000000000001dd8       0x10 zephyr/libzephyr.a(nrf_rtc_timer.c.obj)
 .text._timer_idle_enter
                0x0000000000001de8       0x28 zephyr/libzephyr.a(nrf_rtc_timer.c.obj)
                0x0000000000001de8                _timer_idle_enter
 .text._timer_idle_exit
                0x0000000000001e10       0x2c zephyr/libzephyr.a(nrf_rtc_timer.c.obj)
                0x0000000000001e10                _timer_idle_exit
 .text._sys_clock_driver_init
                0x0000000000001e3c       0x78 zephyr/libzephyr.a(nrf_rtc_timer.c.obj)
                0x0000000000001e3c                _sys_clock_driver_init
 .text._timer_cycle_get_32
                0x0000000000001eb4       0x3c zephyr/libzephyr.a(nrf_rtc_timer.c.obj)
                0x0000000000001eb4                _timer_cycle_get_32
 .text.bt_hex   0x0000000000001ef0       0x6c zephyr/subsys/bluetooth/common/libsubsys__bluetooth__common.a(log.c.obj)
                0x0000000000001ef0                bt_hex
 .text.bt_addr_le_str
                0x0000000000001f5c       0x98 zephyr/subsys/bluetooth/common/libsubsys__bluetooth__common.a(log.c.obj)
                0x0000000000001f5c                bt_addr_le_str
 .text.ver_str  0x0000000000001ff4       0x38 zephyr/subsys/bluetooth/host/libsubsys__bluetooth__host.a(hci_core.c.obj)
 .text.valid_adv_param
                0x000000000000202c       0x34 zephyr/subsys/bluetooth/host/libsubsys__bluetooth__host.a(hci_core.c.obj)
 .text.atomic_or
                0x0000000000002060       0x22 zephyr/subsys/bluetooth/host/libsubsys__bluetooth__host.a(hci_core.c.obj)
 .text.atomic_and
                0x0000000000002082       0x22 zephyr/subsys/bluetooth/host/libsubsys__bluetooth__host.a(hci_core.c.obj)
 .text.hci_cmd_done
                0x00000000000020a4       0xc4 zephyr/subsys/bluetooth/host/libsubsys__bluetooth__host.a(hci_core.c.obj)
 .text.atomic_test_bit.constprop.24
                0x0000000000002168       0x24 zephyr/subsys/bluetooth/host/libsubsys__bluetooth__host.a(hci_core.c.obj)
 .text.bt_hci_cmd_create
                0x000000000000218c       0x60 zephyr/subsys/bluetooth/host/libsubsys__bluetooth__host.a(hci_core.c.obj)
                0x000000000000218c                bt_hci_cmd_create
 .text.bt_hci_cmd_send_sync
                0x00000000000021ec       0x7c zephyr/subsys/bluetooth/host/libsubsys__bluetooth__host.a(hci_core.c.obj)
                0x00000000000021ec                bt_hci_cmd_send_sync
 .text.set_random_address
                0x0000000000002268       0x5c zephyr/subsys/bluetooth/host/libsubsys__bluetooth__host.a(hci_core.c.obj)
 .text.le_set_private_addr
                0x00000000000022c4       0x24 zephyr/subsys/bluetooth/host/libsubsys__bluetooth__host.a(hci_core.c.obj)
 .text.set_le_scan_enable
                0x00000000000022e8       0x68 zephyr/subsys/bluetooth/host/libsubsys__bluetooth__host.a(hci_core.c.obj)
 .text.set_ad   0x0000000000002350       0x98 zephyr/subsys/bluetooth/host/libsubsys__bluetooth__host.a(hci_core.c.obj)
 .text.bt_le_scan_update
                0x00000000000023e8       0x22 zephyr/subsys/bluetooth/host/libsubsys__bluetooth__host.a(hci_core.c.obj)
                0x00000000000023e8                bt_le_scan_update
 .text.bt_addr_le_create_static
                0x000000000000240a       0x1c zephyr/subsys/bluetooth/host/libsubsys__bluetooth__host.a(hci_core.c.obj)
                0x000000000000240a                bt_addr_le_create_static
 *fill*         0x0000000000002426        0x2 
 .text.hci_init
                0x0000000000002428      0x5cc zephyr/subsys/bluetooth/host/libsubsys__bluetooth__host.a(hci_core.c.obj)
 .text.init_work
                0x00000000000029f4       0x30 zephyr/subsys/bluetooth/host/libsubsys__bluetooth__host.a(hci_core.c.obj)
 .text.bt_send  0x0000000000002a24       0x10 zephyr/subsys/bluetooth/host/libsubsys__bluetooth__host.a(hci_core.c.obj)
                0x0000000000002a24                bt_send
 .text.bt_hci_cmd_send
                0x0000000000002a34       0x70 zephyr/subsys/bluetooth/host/libsubsys__bluetooth__host.a(hci_core.c.obj)
                0x0000000000002a34                bt_hci_cmd_send
 .text.hci_tx_thread
                0x0000000000002aa4      0x158 zephyr/subsys/bluetooth/host/libsubsys__bluetooth__host.a(hci_core.c.obj)
 .text.bt_recv  0x0000000000002bfc      0x1fc zephyr/subsys/bluetooth/host/libsubsys__bluetooth__host.a(hci_core.c.obj)
                0x0000000000002bfc                bt_recv
 .text.bt_recv_prio
                0x0000000000002df8       0xfc zephyr/subsys/bluetooth/host/libsubsys__bluetooth__host.a(hci_core.c.obj)
                0x0000000000002df8                bt_recv_prio
 .text.bt_hci_driver_register
                0x0000000000002ef4       0x28 zephyr/subsys/bluetooth/host/libsubsys__bluetooth__host.a(hci_core.c.obj)
                0x0000000000002ef4                bt_hci_driver_register
 .text.bt_enable
                0x0000000000002f1c       0xec zephyr/subsys/bluetooth/host/libsubsys__bluetooth__host.a(hci_core.c.obj)
                0x0000000000002f1c                bt_enable
 .text.bt_le_adv_start
                0x0000000000003008      0x148 zephyr/subsys/bluetooth/host/libsubsys__bluetooth__host.a(hci_core.c.obj)
                0x0000000000003008                bt_le_adv_start
 .text.bt_le_adv_stop
                0x0000000000003150       0x70 zephyr/subsys/bluetooth/host/libsubsys__bluetooth__host.a(hci_core.c.obj)
                0x0000000000003150                bt_le_adv_stop
 .text.bt_le_scan_start
                0x00000000000031c0      0x134 zephyr/subsys/bluetooth/host/libsubsys__bluetooth__host.a(hci_core.c.obj)
                0x00000000000031c0                bt_le_scan_start
 .text.bt_buf_get_rx
                0x00000000000032f4       0x20 zephyr/subsys/bluetooth/host/libsubsys__bluetooth__host.a(hci_core.c.obj)
                0x00000000000032f4                bt_buf_get_rx
 .text.bt_buf_get_cmd_complete
                0x0000000000003314       0x44 zephyr/subsys/bluetooth/host/libsubsys__bluetooth__host.a(hci_core.c.obj)
                0x0000000000003314                bt_buf_get_cmd_complete
 .text.mem_init
                0x0000000000003358       0x4e zephyr/subsys/bluetooth/controller/libsubsys__bluetooth__controller.a(mem.c.obj)
                0x0000000000003358                mem_init
 .text.mem_acquire
                0x00000000000033a6       0x34 zephyr/subsys/bluetooth/controller/libsubsys__bluetooth__controller.a(mem.c.obj)
                0x00000000000033a6                mem_acquire
 .text.mem_release
                0x00000000000033da       0x2a zephyr/subsys/bluetooth/controller/libsubsys__bluetooth__controller.a(mem.c.obj)
                0x00000000000033da                mem_release
 .text.mem_get  0x0000000000003404        0x6 zephyr/subsys/bluetooth/controller/libsubsys__bluetooth__controller.a(mem.c.obj)
                0x0000000000003404                mem_get
 .text.mem_index_get
                0x000000000000340a        0xa zephyr/subsys/bluetooth/controller/libsubsys__bluetooth__controller.a(mem.c.obj)
                0x000000000000340a                mem_index_get
 .text.mem_rcopy
                0x0000000000003414       0x1e zephyr/subsys/bluetooth/controller/libsubsys__bluetooth__controller.a(mem.c.obj)
                0x0000000000003414                mem_rcopy
 .text.memq_init
                0x0000000000003432        0x6 zephyr/subsys/bluetooth/controller/libsubsys__bluetooth__controller.a(memq.c.obj)
                0x0000000000003432                memq_init
 .text.memq_enqueue
                0x0000000000003438        0xe zephyr/subsys/bluetooth/controller/libsubsys__bluetooth__controller.a(memq.c.obj)
                0x0000000000003438                memq_enqueue
 .text.memq_peek
                0x0000000000003446       0x10 zephyr/subsys/bluetooth/controller/libsubsys__bluetooth__controller.a(memq.c.obj)
                0x0000000000003446                memq_peek
 .text.memq_dequeue
                0x0000000000003456       0x1e zephyr/subsys/bluetooth/controller/libsubsys__bluetooth__controller.a(memq.c.obj)
                0x0000000000003456                memq_dequeue
 .text.mayfly_init
                0x0000000000003474       0x54 zephyr/subsys/bluetooth/controller/libsubsys__bluetooth__controller.a(mayfly.c.obj)
                0x0000000000003474                mayfly_init
 .text.mayfly_enable
                0x00000000000034c8       0x50 zephyr/subsys/bluetooth/controller/libsubsys__bluetooth__controller.a(mayfly.c.obj)
                0x00000000000034c8                mayfly_enable
 .text.mayfly_enqueue
                0x0000000000003518       0x9c zephyr/subsys/bluetooth/controller/libsubsys__bluetooth__controller.a(mayfly.c.obj)
                0x0000000000003518                mayfly_enqueue
 .text.mayfly_run
                0x00000000000035b4      0x124 zephyr/subsys/bluetooth/controller/libsubsys__bluetooth__controller.a(mayfly.c.obj)
                0x00000000000035b4                mayfly_run
 .text.util_ones_count_get
                0x00000000000036d8       0x22 zephyr/subsys/bluetooth/controller/libsubsys__bluetooth__controller.a(util.c.obj)
                0x00000000000036d8                util_ones_count_get
 .text.ticker_dequeue
                0x00000000000036fa       0x58 zephyr/subsys/bluetooth/controller/libsubsys__bluetooth__controller.a(ticker.c.obj)
 .text.ticks_to_expire_prep
                0x0000000000003752       0x3c zephyr/subsys/bluetooth/controller/libsubsys__bluetooth__controller.a(ticker.c.obj)
 .text.ticker_job_op_cb
                0x000000000000378e       0x14 zephyr/subsys/bluetooth/controller/libsubsys__bluetooth__controller.a(ticker.c.obj)
 .text.ticker_worker
                0x00000000000037a2       0xae zephyr/subsys/bluetooth/controller/libsubsys__bluetooth__controller.a(ticker.c.obj)
                0x00000000000037a2                ticker_worker
 .text.ticker_job
                0x0000000000003850      0x7b0 zephyr/subsys/bluetooth/controller/libsubsys__bluetooth__controller.a(ticker.c.obj)
                0x0000000000003850                ticker_job
 .text.ticker_init
                0x0000000000004000       0x70 zephyr/subsys/bluetooth/controller/libsubsys__bluetooth__controller.a(ticker.c.obj)
                0x0000000000004000                ticker_init
 .text.ticker_trigger
                0x0000000000004070       0x24 zephyr/subsys/bluetooth/controller/libsubsys__bluetooth__controller.a(ticker.c.obj)
                0x0000000000004070                ticker_trigger
 .text.ticker_start
                0x0000000000004094       0xa0 zephyr/subsys/bluetooth/controller/libsubsys__bluetooth__controller.a(ticker.c.obj)
                0x0000000000004094                ticker_start
 .text.ticker_update
                0x0000000000004134       0x9c zephyr/subsys/bluetooth/controller/libsubsys__bluetooth__controller.a(ticker.c.obj)
                0x0000000000004134                ticker_update
 .text.ticker_stop
                0x00000000000041d0       0x78 zephyr/subsys/bluetooth/controller/libsubsys__bluetooth__controller.a(ticker.c.obj)
                0x00000000000041d0                ticker_stop
 .text.ticker_next_slot_get
                0x0000000000004248       0x84 zephyr/subsys/bluetooth/controller/libsubsys__bluetooth__controller.a(ticker.c.obj)
                0x0000000000004248                ticker_next_slot_get
 .text.ticker_job_idle_get
                0x00000000000042cc       0x78 zephyr/subsys/bluetooth/controller/libsubsys__bluetooth__controller.a(ticker.c.obj)
                0x00000000000042cc                ticker_job_idle_get
 .text.ticker_job_sched
                0x0000000000004344       0x2c zephyr/subsys/bluetooth/controller/libsubsys__bluetooth__controller.a(ticker.c.obj)
                0x0000000000004344                ticker_job_sched
 .text.ticker_ticks_now_get
                0x0000000000004370        0x4 zephyr/subsys/bluetooth/controller/libsubsys__bluetooth__controller.a(ticker.c.obj)
                0x0000000000004370                ticker_ticks_now_get
 .text.ticker_ticks_diff_get
                0x0000000000004374        0x8 zephyr/subsys/bluetooth/controller/libsubsys__bluetooth__controller.a(ticker.c.obj)
                0x0000000000004374                ticker_ticks_diff_get
 .text.ll_addr_get
                0x000000000000437c       0x34 zephyr/subsys/bluetooth/controller/libsubsys__bluetooth__controller.a(ll_addr.c.obj)
                0x000000000000437c                ll_addr_get
 .text.ll_addr_set
                0x00000000000043b0       0x38 zephyr/subsys/bluetooth/controller/libsubsys__bluetooth__controller.a(ll_addr.c.obj)
                0x00000000000043b0                ll_addr_set
 .text.ll_tx_pwr_get
                0x00000000000043e8        0x8 zephyr/subsys/bluetooth/controller/libsubsys__bluetooth__controller.a(ll_tx_pwr.c.obj)
                0x00000000000043e8                ll_tx_pwr_get
 .text.bt_rand  0x00000000000043f0       0x38 zephyr/subsys/bluetooth/controller/libsubsys__bluetooth__controller.a(crypto.c.obj)
                0x00000000000043f0                bt_rand
 .text._hci_driver_init
                0x0000000000004428       0x10 zephyr/subsys/bluetooth/controller/libsubsys__bluetooth__controller.a(hci_driver.c.obj)
 .text.recv_thread
                0x0000000000004438       0xa0 zephyr/subsys/bluetooth/controller/libsubsys__bluetooth__controller.a(hci_driver.c.obj)
 .text.hci_driver_send
                0x00000000000044d8       0x68 zephyr/subsys/bluetooth/controller/libsubsys__bluetooth__controller.a(hci_driver.c.obj)
 .text.prio_recv_thread
                0x0000000000004540       0x3c zephyr/subsys/bluetooth/controller/libsubsys__bluetooth__controller.a(hci_driver.c.obj)
 .text.hci_driver_open
                0x000000000000457c       0x9c zephyr/subsys/bluetooth/controller/libsubsys__bluetooth__controller.a(hci_driver.c.obj)
 .text.sys_put_le32
                0x0000000000004618       0x12 zephyr/subsys/bluetooth/controller/libsubsys__bluetooth__controller.a(hci.c.obj)
 .text.evt_create
                0x000000000000462a       0x14 zephyr/subsys/bluetooth/controller/libsubsys__bluetooth__controller.a(hci.c.obj)
 *fill*         0x000000000000463e        0x2 
 .text.cmd_complete
                0x0000000000004640       0x44 zephyr/subsys/bluetooth/controller/libsubsys__bluetooth__controller.a(hci.c.obj)
 .text.meta_evt
                0x0000000000004684       0x2a zephyr/subsys/bluetooth/controller/libsubsys__bluetooth__controller.a(hci.c.obj)
 .text.le_set_adv_param.isra.21
                0x00000000000046ae       0x4e zephyr/subsys/bluetooth/controller/libsubsys__bluetooth__controller.a(hci.c.obj)
 .text.le_set_adv_enable.isra.25
                0x00000000000046fc       0x20 zephyr/subsys/bluetooth/controller/libsubsys__bluetooth__controller.a(hci.c.obj)
 .text.le_remote_feat_complete
                0x000000000000471c       0x5c zephyr/subsys/bluetooth/controller/libsubsys__bluetooth__controller.a(hci.c.obj)
 .text.bt_addr_le_to_str.constprop.43
                0x0000000000004778       0x78 zephyr/subsys/bluetooth/controller/libsubsys__bluetooth__controller.a(hci.c.obj)
 .text.le_adv_ext_report.isra.39
                0x00000000000047f0       0xf4 zephyr/subsys/bluetooth/controller/libsubsys__bluetooth__controller.a(hci.c.obj)
 .text.sys_get_le64
                0x00000000000048e4        0x8 zephyr/subsys/bluetooth/controller/libsubsys__bluetooth__controller.a(hci.c.obj)
 .text.hci_cmd_handle
                0x00000000000048ec      0x6a4 zephyr/subsys/bluetooth/controller/libsubsys__bluetooth__controller.a(hci.c.obj)
                0x00000000000048ec                hci_cmd_handle
 .text.hci_evt_encode
                0x0000000000004f90      0x31c zephyr/subsys/bluetooth/controller/libsubsys__bluetooth__controller.a(hci.c.obj)
                0x0000000000004f90                hci_evt_encode
 .text.hci_get_class
                0x00000000000052ac       0x40 zephyr/subsys/bluetooth/controller/libsubsys__bluetooth__controller.a(hci.c.obj)
                0x00000000000052ac                hci_get_class
 .text.hci_init
                0x00000000000052ec       0x30 zephyr/subsys/bluetooth/controller/libsubsys__bluetooth__controller.a(hci.c.obj)
                0x00000000000052ec                hci_init
 .text.cpu_sleep
                0x000000000000531c        0x8 zephyr/subsys/bluetooth/controller/libsubsys__bluetooth__controller.a(ctrl.c.obj)
 .text.pdu_len_cmp
                0x0000000000005324       0x3c zephyr/subsys/bluetooth/controller/libsubsys__bluetooth__controller.a(ctrl.c.obj)
 .text.ticker_if_done
                0x0000000000005360        0x4 zephyr/subsys/bluetooth/controller/libsubsys__bluetooth__controller.a(ctrl.c.obj)
 .text.prepare_reduced
                0x0000000000005364        0xc zephyr/subsys/bluetooth/controller/libsubsys__bluetooth__controller.a(ctrl.c.obj)
 .text.prepare_normal
                0x0000000000005370        0xc zephyr/subsys/bluetooth/controller/libsubsys__bluetooth__controller.a(ctrl.c.obj)
 .text.chan_sel_remap
                0x000000000000537c       0x36 zephyr/subsys/bluetooth/controller/libsubsys__bluetooth__controller.a(ctrl.c.obj)
 *fill*         0x00000000000053b2        0x2 
 .text.packet_rx_reserve_get
                0x00000000000053b4       0x38 zephyr/subsys/bluetooth/controller/libsubsys__bluetooth__controller.a(ctrl.c.obj)
 .text.conn_update_req
                0x00000000000053ec       0x68 zephyr/subsys/bluetooth/controller/libsubsys__bluetooth__controller.a(ctrl.c.obj)
 .text.tx_cmplt_get
                0x0000000000005454       0x94 zephyr/subsys/bluetooth/controller/libsubsys__bluetooth__controller.a(ctrl.c.obj)
 .text.connection_get
                0x00000000000054e8       0x2c zephyr/subsys/bluetooth/controller/libsubsys__bluetooth__controller.a(ctrl.c.obj)
 .text.role_disable
                0x0000000000005514      0x2bc zephyr/subsys/bluetooth/controller/libsubsys__bluetooth__controller.a(ctrl.c.obj)
 .text.mayfly_xtal_retain
                0x00000000000057d0       0xa4 zephyr/subsys/bluetooth/controller/libsubsys__bluetooth__controller.a(ctrl.c.obj)
 .text.chan_set
                0x0000000000005874      0x1a4 zephyr/subsys/bluetooth/controller/libsubsys__bluetooth__controller.a(ctrl.c.obj)
 .text.adv_setup
                0x0000000000005a18      0x1c4 zephyr/subsys/bluetooth/controller/libsubsys__bluetooth__controller.a(ctrl.c.obj)
 *fill*         0x0000000000005bdc        0x4 
 .text.sched_after_mstr_free_slot_get
                0x0000000000005be0      0x150 zephyr/subsys/bluetooth/controller/libsubsys__bluetooth__controller.a(ctrl.c.obj)
 .text.isr_adv_ci_adva_check
                0x0000000000005d30       0x48 zephyr/subsys/bluetooth/controller/libsubsys__bluetooth__controller.a(ctrl.c.obj)
 .text.packet_rx_enqueue
                0x0000000000005d78       0x98 zephyr/subsys/bluetooth/controller/libsubsys__bluetooth__controller.a(ctrl.c.obj)
 .text.rx_fc_lock
                0x0000000000005e10       0x34 zephyr/subsys/bluetooth/controller/libsubsys__bluetooth__controller.a(ctrl.c.obj)
 .text.ticker_success_assert
                0x0000000000005e44       0x3c zephyr/subsys/bluetooth/controller/libsubsys__bluetooth__controller.a(ctrl.c.obj)
 .text.ticker_stop_adv_assert
                0x0000000000005e80       0x68 zephyr/subsys/bluetooth/controller/libsubsys__bluetooth__controller.a(ctrl.c.obj)
 .text.ticker_stop_scan_assert
                0x0000000000005ee8       0x68 zephyr/subsys/bluetooth/controller/libsubsys__bluetooth__controller.a(ctrl.c.obj)
 .text.ticker_update_adv_assert
                0x0000000000005f50       0x48 zephyr/subsys/bluetooth/controller/libsubsys__bluetooth__controller.a(ctrl.c.obj)
 .text.ticker_update_slave_assert
                0x0000000000005f98       0x4c zephyr/subsys/bluetooth/controller/libsubsys__bluetooth__controller.a(ctrl.c.obj)
 .text.ticker_job_disable
                0x0000000000005fe4       0x18 zephyr/subsys/bluetooth/controller/libsubsys__bluetooth__controller.a(ctrl.c.obj)
 .text.hdr_conn_get
                0x0000000000005ffc       0x3c zephyr/subsys/bluetooth/controller/libsubsys__bluetooth__controller.a(ctrl.c.obj)
 .text.event_stop.part.12
                0x0000000000006038       0x34 zephyr/subsys/bluetooth/controller/libsubsys__bluetooth__controller.a(ctrl.c.obj)
 .text.event_stop
                0x000000000000606c       0x20 zephyr/subsys/bluetooth/controller/libsubsys__bluetooth__controller.a(ctrl.c.obj)
 .text.event_active
                0x000000000000608c       0x4c zephyr/subsys/bluetooth/controller/libsubsys__bluetooth__controller.a(ctrl.c.obj)
 .text.event_xtal
                0x00000000000060d8       0x4c zephyr/subsys/bluetooth/controller/libsubsys__bluetooth__controller.a(ctrl.c.obj)
 .text.mayfly_radio_active
                0x0000000000006124       0x64 zephyr/subsys/bluetooth/controller/libsubsys__bluetooth__controller.a(ctrl.c.obj)
 .text.mayfly_radio_inactive
                0x0000000000006188        0x6 zephyr/subsys/bluetooth/controller/libsubsys__bluetooth__controller.a(ctrl.c.obj)
 *fill*         0x000000000000618e        0x2 
 .text.mayfly_radio_stop
                0x0000000000006190       0x68 zephyr/subsys/bluetooth/controller/libsubsys__bluetooth__controller.a(ctrl.c.obj)
 .text.rx_packet_set
                0x00000000000061f8       0x42 zephyr/subsys/bluetooth/controller/libsubsys__bluetooth__controller.a(ctrl.c.obj)
 *fill*         0x000000000000623a        0x2 
 .text.pdu_node_tx_release
                0x000000000000623c       0x78 zephyr/subsys/bluetooth/controller/libsubsys__bluetooth__controller.a(ctrl.c.obj)
 .text.packet_tx_enqueue
                0x00000000000062b4       0x9c zephyr/subsys/bluetooth/controller/libsubsys__bluetooth__controller.a(ctrl.c.obj)
 .text.connection_release
                0x0000000000006350      0x138 zephyr/subsys/bluetooth/controller/libsubsys__bluetooth__controller.a(ctrl.c.obj)
 .text.tx_packet_set
                0x0000000000006488       0x40 zephyr/subsys/bluetooth/controller/libsubsys__bluetooth__controller.a(ctrl.c.obj)
 .text.sched_after_mstr_free_offset_get
                0x00000000000064c8       0xa0 zephyr/subsys/bluetooth/controller/libsubsys__bluetooth__controller.a(ctrl.c.obj)
 .text.mayfly_sched_win_offset_use
                0x0000000000006568       0x2e zephyr/subsys/bluetooth/controller/libsubsys__bluetooth__controller.a(ctrl.c.obj)
 *fill*         0x0000000000006596        0x2 
 .text.mayfly_sched_after_mstr_free_offset_get
                0x0000000000006598       0x1c zephyr/subsys/bluetooth/controller/libsubsys__bluetooth__controller.a(ctrl.c.obj)
 .text.ticker_stop_adv_stop
                0x00000000000065b4      0x18c zephyr/subsys/bluetooth/controller/libsubsys__bluetooth__controller.a(ctrl.c.obj)
 .text.isr_scan_tgta_check.isra.28
                0x0000000000006740       0x60 zephyr/subsys/bluetooth/controller/libsubsys__bluetooth__controller.a(ctrl.c.obj)
 .text.mayfly_adv_stop
                0x00000000000067a0       0x60 zephyr/subsys/bluetooth/controller/libsubsys__bluetooth__controller.a(ctrl.c.obj)
 .text.terminate_ind_rx_enqueue
                0x0000000000006800       0x88 zephyr/subsys/bluetooth/controller/libsubsys__bluetooth__controller.a(ctrl.c.obj)
 .text.isr_rx_scan_report.isra.34
                0x0000000000006888       0x90 zephyr/subsys/bluetooth/controller/libsubsys__bluetooth__controller.a(ctrl.c.obj)
 .text.prepare_normal_set
                0x0000000000006918       0x74 zephyr/subsys/bluetooth/controller/libsubsys__bluetooth__controller.a(ctrl.c.obj)
 *fill*         0x000000000000698c        0x4 
 .text.mayfly_xtal_stop_calc
                0x0000000000006990      0x238 zephyr/subsys/bluetooth/controller/libsubsys__bluetooth__controller.a(ctrl.c.obj)
 .text.preempt_calc
                0x0000000000006bc8       0x3c zephyr/subsys/bluetooth/controller/libsubsys__bluetooth__controller.a(ctrl.c.obj)
 .text.adv_scan_configure.constprop.44
                0x0000000000006c04       0x54 zephyr/subsys/bluetooth/controller/libsubsys__bluetooth__controller.a(ctrl.c.obj)
 .text.event_scan
                0x0000000000006c58      0x194 zephyr/subsys/bluetooth/controller/libsubsys__bluetooth__controller.a(ctrl.c.obj)
 .text.event_adv
                0x0000000000006dec      0x104 zephyr/subsys/bluetooth/controller/libsubsys__bluetooth__controller.a(ctrl.c.obj)
 .text.event_stop.constprop.45
                0x0000000000006ef0       0x1c zephyr/subsys/bluetooth/controller/libsubsys__bluetooth__controller.a(ctrl.c.obj)
 .text.event_common_prepare
                0x0000000000006f0c      0x1ac zephyr/subsys/bluetooth/controller/libsubsys__bluetooth__controller.a(ctrl.c.obj)
 .text.radio_event_adv_prepare
                0x00000000000070b8       0x64 zephyr/subsys/bluetooth/controller/libsubsys__bluetooth__controller.a(ctrl.c.obj)
                0x00000000000070b8                radio_event_adv_prepare
 .text.event_scan_prepare
                0x000000000000711c       0xbc zephyr/subsys/bluetooth/controller/libsubsys__bluetooth__controller.a(ctrl.c.obj)
 .text.event_adv_stop
                0x00000000000071d8       0x5c zephyr/subsys/bluetooth/controller/libsubsys__bluetooth__controller.a(ctrl.c.obj)
                0x00000000000071d8                event_adv_stop
 .text.packet_rx_allocate.constprop.46
                0x0000000000007234       0x94 zephyr/subsys/bluetooth/controller/libsubsys__bluetooth__controller.a(ctrl.c.obj)
 .text.common_init
                0x00000000000072c8       0xfc zephyr/subsys/bluetooth/controller/libsubsys__bluetooth__controller.a(ctrl.c.obj)
 .text.mayfly_xtal_start
                0x00000000000073c4       0x10 zephyr/subsys/bluetooth/controller/libsubsys__bluetooth__controller.a(ctrl.c.obj)
 .text.mayfly_xtal_stop
                0x00000000000073d4       0x10 zephyr/subsys/bluetooth/controller/libsubsys__bluetooth__controller.a(ctrl.c.obj)
 .text.chan_sel_2
                0x00000000000073e4       0x88 zephyr/subsys/bluetooth/controller/libsubsys__bluetooth__controller.a(ctrl.c.obj)
 .text.ctrl_tx_enqueue
                0x000000000000746c       0x5c zephyr/subsys/bluetooth/controller/libsubsys__bluetooth__controller.a(ctrl.c.obj)
 .text.ctrl_tx_sec_enqueue
                0x00000000000074c8       0x32 zephyr/subsys/bluetooth/controller/libsubsys__bluetooth__controller.a(ctrl.c.obj)
 *fill*         0x00000000000074fa        0x2 
 .text.feature_rsp_send
                0x00000000000074fc       0x8c zephyr/subsys/bluetooth/controller/libsubsys__bluetooth__controller.a(ctrl.c.obj)
 .text.event_connection_prepare
                0x0000000000007588      0x724 zephyr/subsys/bluetooth/controller/libsubsys__bluetooth__controller.a(ctrl.c.obj)
 .text.event_master_prepare
                0x0000000000007cac        0x4 zephyr/subsys/bluetooth/controller/libsubsys__bluetooth__controller.a(ctrl.c.obj)
 .text.event_slave_prepare
                0x0000000000007cb0        0x4 zephyr/subsys/bluetooth/controller/libsubsys__bluetooth__controller.a(ctrl.c.obj)
 .text.connection_configure
                0x0000000000007cb4       0x3c zephyr/subsys/bluetooth/controller/libsubsys__bluetooth__controller.a(ctrl.c.obj)
 .text.event_slave
                0x0000000000007cf0      0x1c4 zephyr/subsys/bluetooth/controller/libsubsys__bluetooth__controller.a(ctrl.c.obj)
 .text.prepare_pdu_data_tx
                0x0000000000007eb4       0xca zephyr/subsys/bluetooth/controller/libsubsys__bluetooth__controller.a(ctrl.c.obj)
 *fill*         0x0000000000007f7e        0x2 
 .text.isr      0x0000000000007f80     0x173c zephyr/subsys/bluetooth/controller/libsubsys__bluetooth__controller.a(ctrl.c.obj)
 .text.event_master
                0x00000000000096bc      0x180 zephyr/subsys/bluetooth/controller/libsubsys__bluetooth__controller.a(ctrl.c.obj)
 .text.radio_init
                0x000000000000983c      0x104 zephyr/subsys/bluetooth/controller/libsubsys__bluetooth__controller.a(ctrl.c.obj)
                0x000000000000983c                radio_init
 .text.ll_reset
                0x0000000000009940       0xa0 zephyr/subsys/bluetooth/controller/libsubsys__bluetooth__controller.a(ctrl.c.obj)
                0x0000000000009940                ll_reset
 .text.radio_adv_data_get
                0x00000000000099e0        0x8 zephyr/subsys/bluetooth/controller/libsubsys__bluetooth__controller.a(ctrl.c.obj)
                0x00000000000099e0                radio_adv_data_get
 .text.radio_aux_adv_data_get
                0x00000000000099e8        0x8 zephyr/subsys/bluetooth/controller/libsubsys__bluetooth__controller.a(ctrl.c.obj)
                0x00000000000099e8                radio_aux_adv_data_get
 .text.radio_scan_data_get
                0x00000000000099f0        0x8 zephyr/subsys/bluetooth/controller/libsubsys__bluetooth__controller.a(ctrl.c.obj)
                0x00000000000099f0                radio_scan_data_get
 .text.ll_adv_is_enabled
                0x00000000000099f8       0x10 zephyr/subsys/bluetooth/controller/libsubsys__bluetooth__controller.a(ctrl.c.obj)
                0x00000000000099f8                ll_adv_is_enabled
 .text.radio_adv_filter_pol_get
                0x0000000000009a08       0x18 zephyr/subsys/bluetooth/controller/libsubsys__bluetooth__controller.a(ctrl.c.obj)
                0x0000000000009a08                radio_adv_filter_pol_get
 .text.ll_scan_is_enabled
                0x0000000000009a20       0x2c zephyr/subsys/bluetooth/controller/libsubsys__bluetooth__controller.a(ctrl.c.obj)
                0x0000000000009a20                ll_scan_is_enabled
 .text.radio_scan_filter_pol_get
                0x0000000000009a4c       0x1c zephyr/subsys/bluetooth/controller/libsubsys__bluetooth__controller.a(ctrl.c.obj)
                0x0000000000009a4c                radio_scan_filter_pol_get
 .text.ll_tx_pwr_lvl_get
                0x0000000000009a68       0x14 zephyr/subsys/bluetooth/controller/libsubsys__bluetooth__controller.a(ctrl.c.obj)
                0x0000000000009a68                ll_tx_pwr_lvl_get
 .text.ll_rx_get
                0x0000000000009a7c       0x70 zephyr/subsys/bluetooth/controller/libsubsys__bluetooth__controller.a(ctrl.c.obj)
                0x0000000000009a7c                ll_rx_get
 .text.ll_rx_mem_release
                0x0000000000009aec       0x8c zephyr/subsys/bluetooth/controller/libsubsys__bluetooth__controller.a(ctrl.c.obj)
                0x0000000000009aec                ll_rx_mem_release
 .text.do_radio_rx_fc_set
                0x0000000000009b78       0x5c zephyr/subsys/bluetooth/controller/libsubsys__bluetooth__controller.a(ctrl.c.obj)
                0x0000000000009b78                do_radio_rx_fc_set
 .text.radio_rx_fc_set
                0x0000000000009bd4       0x58 zephyr/subsys/bluetooth/controller/libsubsys__bluetooth__controller.a(ctrl.c.obj)
                0x0000000000009bd4                radio_rx_fc_set
 .text.ll_adv_scan_state_cb
                0x0000000000009c2c        0x2 zephyr/subsys/bluetooth/controller/libsubsys__bluetooth__controller.a(ctrl.c.obj)
                0x0000000000009c2c                ll_adv_scan_state_cb
 *fill*         0x0000000000009c2e        0x2 
 .text.radio_adv_enable
                0x0000000000009c30      0x304 zephyr/subsys/bluetooth/controller/libsubsys__bluetooth__controller.a(ctrl.c.obj)
                0x0000000000009c30                radio_adv_enable
 .text.radio_adv_disable
                0x0000000000009f34       0x5c zephyr/subsys/bluetooth/controller/libsubsys__bluetooth__controller.a(ctrl.c.obj)
                0x0000000000009f34                radio_adv_disable
 .text.radio_scan_enable
                0x0000000000009f90      0x1a4 zephyr/subsys/bluetooth/controller/libsubsys__bluetooth__controller.a(ctrl.c.obj)
                0x0000000000009f90                radio_scan_enable
 .text.radio_scan_disable
                0x000000000000a134       0x5c zephyr/subsys/bluetooth/controller/libsubsys__bluetooth__controller.a(ctrl.c.obj)
                0x000000000000a134                radio_scan_disable
 .text.ll_rx_dequeue
                0x000000000000a190      0x154 zephyr/subsys/bluetooth/controller/libsubsys__bluetooth__controller.a(ctrl.c.obj)
                0x000000000000a190                ll_rx_dequeue
 .text.rtc0_nrf5_isr
                0x000000000000a2e4       0x34 zephyr/subsys/bluetooth/controller/libsubsys__bluetooth__controller.a(ll.c.obj)
 .text.swi4_nrf5_isr
                0x000000000000a318        0x6 zephyr/subsys/bluetooth/controller/libsubsys__bluetooth__controller.a(ll.c.obj)
 .text.radio_nrf5_isr
                0x000000000000a31e       0x1e zephyr/subsys/bluetooth/controller/libsubsys__bluetooth__controller.a(ll.c.obj)
                0x000000000000a31e                radio_nrf5_isr
 .text.radio_active_callback
                0x000000000000a33c        0x2 zephyr/subsys/bluetooth/controller/libsubsys__bluetooth__controller.a(ll.c.obj)
                0x000000000000a33c                radio_active_callback
 *fill*         0x000000000000a33e        0x2 
 .text.radio_event_callback
                0x000000000000a340        0xc zephyr/subsys/bluetooth/controller/libsubsys__bluetooth__controller.a(ll.c.obj)
                0x000000000000a340                radio_event_callback
 .text.ll_init  0x000000000000a34c      0x150 zephyr/subsys/bluetooth/controller/libsubsys__bluetooth__controller.a(ll.c.obj)
                0x000000000000a34c                ll_init
 .text.ll_adv_params_set
                0x000000000000a49c      0x38c zephyr/subsys/bluetooth/controller/libsubsys__bluetooth__controller.a(ll_adv.c.obj)
                0x000000000000a49c                ll_adv_params_set
 .text.ll_adv_data_set
                0x000000000000a828       0xcc zephyr/subsys/bluetooth/controller/libsubsys__bluetooth__controller.a(ll_adv.c.obj)
                0x000000000000a828                ll_adv_data_set
 .text.ll_scan_data_set
                0x000000000000a8f4       0x82 zephyr/subsys/bluetooth/controller/libsubsys__bluetooth__controller.a(ll_adv.c.obj)
                0x000000000000a8f4                ll_scan_data_set
 *fill*         0x000000000000a976        0x2 
 .text.ll_adv_enable
                0x000000000000a978       0xb8 zephyr/subsys/bluetooth/controller/libsubsys__bluetooth__controller.a(ll_adv.c.obj)
                0x000000000000a978                ll_adv_enable
 .text.ll_scan_params_set
                0x000000000000aa30       0x40 zephyr/subsys/bluetooth/controller/libsubsys__bluetooth__controller.a(ll_scan.c.obj)
                0x000000000000aa30                ll_scan_params_set
 .text.ll_scan_enable
                0x000000000000aa70       0x54 zephyr/subsys/bluetooth/controller/libsubsys__bluetooth__controller.a(ll_scan.c.obj)
                0x000000000000aa70                ll_scan_enable
 .text.ctrl_filter_get
                0x000000000000aac4       0x44 zephyr/subsys/bluetooth/controller/libsubsys__bluetooth__controller.a(ll_filter.c.obj)
                0x000000000000aac4                ctrl_filter_get
 .text.ll_wl_size_get
                0x000000000000ab08        0x4 zephyr/subsys/bluetooth/controller/libsubsys__bluetooth__controller.a(ll_filter.c.obj)
                0x000000000000ab08                ll_wl_size_get
 .text.ll_wl_clear
                0x000000000000ab0c       0x2c zephyr/subsys/bluetooth/controller/libsubsys__bluetooth__controller.a(ll_filter.c.obj)
                0x000000000000ab0c                ll_wl_clear
 .text.ll_wl_add
                0x000000000000ab38       0x70 zephyr/subsys/bluetooth/controller/libsubsys__bluetooth__controller.a(ll_filter.c.obj)
                0x000000000000ab38                ll_wl_add
 .text.ll_wl_remove
                0x000000000000aba8       0x8c zephyr/subsys/bluetooth/controller/libsubsys__bluetooth__controller.a(ll_filter.c.obj)
                0x000000000000aba8                ll_wl_remove
 .text.ll_filter_reset
                0x000000000000ac34       0x18 zephyr/subsys/bluetooth/controller/libsubsys__bluetooth__controller.a(ll_filter.c.obj)
                0x000000000000ac34                ll_filter_reset
 .text.cntr_init
                0x000000000000ac4c       0x1c zephyr/subsys/bluetooth/controller/libsubsys__bluetooth__controller.a(cntr.c.obj)
                0x000000000000ac4c                cntr_init
 .text.cntr_start
                0x000000000000ac68       0x1c zephyr/subsys/bluetooth/controller/libsubsys__bluetooth__controller.a(cntr.c.obj)
                0x000000000000ac68                cntr_start
 .text.cntr_stop
                0x000000000000ac84       0x5c zephyr/subsys/bluetooth/controller/libsubsys__bluetooth__controller.a(cntr.c.obj)
                0x000000000000ac84                cntr_stop
 .text.cntr_cnt_get
                0x000000000000ace0        0xc zephyr/subsys/bluetooth/controller/libsubsys__bluetooth__controller.a(cntr.c.obj)
                0x000000000000ace0                cntr_cnt_get
 .text.cntr_cmp_set
                0x000000000000acec       0x10 zephyr/subsys/bluetooth/controller/libsubsys__bluetooth__controller.a(cntr.c.obj)
                0x000000000000acec                cntr_cmp_set
 .text.do_ecb   0x000000000000acfc       0x4c zephyr/subsys/bluetooth/controller/libsubsys__bluetooth__controller.a(ecb.c.obj)
 .text.ecb_encrypt
                0x000000000000ad48       0x42 zephyr/subsys/bluetooth/controller/libsubsys__bluetooth__controller.a(ecb.c.obj)
                0x000000000000ad48                ecb_encrypt
 *fill*         0x000000000000ad8a        0x2 
 .text.hal_radio_enable_on_tick_ppi_config_and_enable
                0x000000000000ad8c       0x30 zephyr/subsys/bluetooth/controller/libsubsys__bluetooth__controller.a(radio.c.obj)
 .text.sw_switch.isra.9
                0x000000000000adbc       0xc8 zephyr/subsys/bluetooth/controller/libsubsys__bluetooth__controller.a(radio.c.obj)
 .text.isr_radio
                0x000000000000ae84       0x10 zephyr/subsys/bluetooth/controller/libsubsys__bluetooth__controller.a(radio.c.obj)
                0x000000000000ae84                isr_radio
 .text.radio_isr_set
                0x000000000000ae94       0x28 zephyr/subsys/bluetooth/controller/libsubsys__bluetooth__controller.a(radio.c.obj)
                0x000000000000ae94                radio_isr_set
 .text.radio_setup
                0x000000000000aebc       0x44 zephyr/subsys/bluetooth/controller/libsubsys__bluetooth__controller.a(radio.c.obj)
                0x000000000000aebc                radio_setup
 .text.radio_reset
                0x000000000000af00       0x34 zephyr/subsys/bluetooth/controller/libsubsys__bluetooth__controller.a(radio.c.obj)
                0x000000000000af00                radio_reset
 .text.radio_phy_set
                0x000000000000af34       0x20 zephyr/subsys/bluetooth/controller/libsubsys__bluetooth__controller.a(radio.c.obj)
                0x000000000000af34                radio_phy_set
 .text.radio_tx_power_set
                0x000000000000af54        0xc zephyr/subsys/bluetooth/controller/libsubsys__bluetooth__controller.a(radio.c.obj)
                0x000000000000af54                radio_tx_power_set
 .text.radio_freq_chan_set
                0x000000000000af60        0xc zephyr/subsys/bluetooth/controller/libsubsys__bluetooth__controller.a(radio.c.obj)
                0x000000000000af60                radio_freq_chan_set
 .text.radio_whiten_iv_set
                0x000000000000af6c       0x24 zephyr/subsys/bluetooth/controller/libsubsys__bluetooth__controller.a(radio.c.obj)
                0x000000000000af6c                radio_whiten_iv_set
 .text.radio_aa_set
                0x000000000000af90       0x30 zephyr/subsys/bluetooth/controller/libsubsys__bluetooth__controller.a(radio.c.obj)
                0x000000000000af90                radio_aa_set
 .text.radio_pkt_configure
                0x000000000000afc0       0x5c zephyr/subsys/bluetooth/controller/libsubsys__bluetooth__controller.a(radio.c.obj)
                0x000000000000afc0                radio_pkt_configure
 .text.radio_pkt_rx_set
                0x000000000000b01c        0xc zephyr/subsys/bluetooth/controller/libsubsys__bluetooth__controller.a(radio.c.obj)
                0x000000000000b01c                radio_pkt_rx_set
 .text.radio_pkt_tx_set
                0x000000000000b028        0xc zephyr/subsys/bluetooth/controller/libsubsys__bluetooth__controller.a(radio.c.obj)
                0x000000000000b028                radio_pkt_tx_set
 .text.radio_tx_ready_delay_get
                0x000000000000b034        0xa zephyr/subsys/bluetooth/controller/libsubsys__bluetooth__controller.a(radio.c.obj)
                0x000000000000b034                radio_tx_ready_delay_get
 .text.radio_tx_chain_delay_get
                0x000000000000b03e        0x4 zephyr/subsys/bluetooth/controller/libsubsys__bluetooth__controller.a(radio.c.obj)
                0x000000000000b03e                radio_tx_chain_delay_get
 .text.radio_rx_ready_delay_get
                0x000000000000b042        0x4 zephyr/subsys/bluetooth/controller/libsubsys__bluetooth__controller.a(radio.c.obj)
                0x000000000000b042                radio_rx_ready_delay_get
 .text.radio_rx_chain_delay_get
                0x000000000000b046        0xa zephyr/subsys/bluetooth/controller/libsubsys__bluetooth__controller.a(radio.c.obj)
                0x000000000000b046                radio_rx_chain_delay_get
 .text.radio_rx_enable
                0x000000000000b050        0xc zephyr/subsys/bluetooth/controller/libsubsys__bluetooth__controller.a(radio.c.obj)
                0x000000000000b050                radio_rx_enable
 .text.radio_tx_enable
                0x000000000000b05c        0xc zephyr/subsys/bluetooth/controller/libsubsys__bluetooth__controller.a(radio.c.obj)
                0x000000000000b05c                radio_tx_enable
 .text.radio_disable
                0x000000000000b068       0x24 zephyr/subsys/bluetooth/controller/libsubsys__bluetooth__controller.a(radio.c.obj)
                0x000000000000b068                radio_disable
 .text.radio_status_reset
                0x000000000000b08c       0x18 zephyr/subsys/bluetooth/controller/libsubsys__bluetooth__controller.a(radio.c.obj)
                0x000000000000b08c                radio_status_reset
 .text.radio_is_ready
                0x000000000000b0a4       0x14 zephyr/subsys/bluetooth/controller/libsubsys__bluetooth__controller.a(radio.c.obj)
                0x000000000000b0a4                radio_is_ready
 .text.radio_is_done
                0x000000000000b0b8       0x14 zephyr/subsys/bluetooth/controller/libsubsys__bluetooth__controller.a(radio.c.obj)
                0x000000000000b0b8                radio_is_done
 .text.radio_is_idle
                0x000000000000b0cc       0x14 zephyr/subsys/bluetooth/controller/libsubsys__bluetooth__controller.a(radio.c.obj)
                0x000000000000b0cc                radio_is_idle
 .text.radio_crc_configure
                0x000000000000b0e0       0x18 zephyr/subsys/bluetooth/controller/libsubsys__bluetooth__controller.a(radio.c.obj)
                0x000000000000b0e0                radio_crc_configure
 .text.radio_crc_is_valid
                0x000000000000b0f8       0x14 zephyr/subsys/bluetooth/controller/libsubsys__bluetooth__controller.a(radio.c.obj)
                0x000000000000b0f8                radio_crc_is_valid
 .text.radio_pkt_empty_get
                0x000000000000b10c        0x8 zephyr/subsys/bluetooth/controller/libsubsys__bluetooth__controller.a(radio.c.obj)
                0x000000000000b10c                radio_pkt_empty_get
 .text.radio_pkt_scratch_get
                0x000000000000b114        0x8 zephyr/subsys/bluetooth/controller/libsubsys__bluetooth__controller.a(radio.c.obj)
                0x000000000000b114                radio_pkt_scratch_get
 .text.radio_switch_complete_and_rx
                0x000000000000b11c       0x18 zephyr/subsys/bluetooth/controller/libsubsys__bluetooth__controller.a(radio.c.obj)
                0x000000000000b11c                radio_switch_complete_and_rx
 .text.radio_switch_complete_and_tx
                0x000000000000b134       0x14 zephyr/subsys/bluetooth/controller/libsubsys__bluetooth__controller.a(radio.c.obj)
                0x000000000000b134                radio_switch_complete_and_tx
 .text.radio_switch_complete_and_disable
                0x000000000000b148       0x1c zephyr/subsys/bluetooth/controller/libsubsys__bluetooth__controller.a(radio.c.obj)
                0x000000000000b148                radio_switch_complete_and_disable
 .text.radio_rssi_measure
                0x000000000000b164       0x14 zephyr/subsys/bluetooth/controller/libsubsys__bluetooth__controller.a(radio.c.obj)
                0x000000000000b164                radio_rssi_measure
 .text.radio_rssi_get
                0x000000000000b178        0xc zephyr/subsys/bluetooth/controller/libsubsys__bluetooth__controller.a(radio.c.obj)
                0x000000000000b178                radio_rssi_get
 .text.radio_rssi_status_reset
                0x000000000000b184       0x10 zephyr/subsys/bluetooth/controller/libsubsys__bluetooth__controller.a(radio.c.obj)
                0x000000000000b184                radio_rssi_status_reset
 .text.radio_rssi_is_ready
                0x000000000000b194       0x14 zephyr/subsys/bluetooth/controller/libsubsys__bluetooth__controller.a(radio.c.obj)
                0x000000000000b194                radio_rssi_is_ready
 .text.radio_filter_configure
                0x000000000000b1a8       0x34 zephyr/subsys/bluetooth/controller/libsubsys__bluetooth__controller.a(radio.c.obj)
                0x000000000000b1a8                radio_filter_configure
 .text.radio_filter_disable
                0x000000000000b1dc       0x14 zephyr/subsys/bluetooth/controller/libsubsys__bluetooth__controller.a(radio.c.obj)
                0x000000000000b1dc                radio_filter_disable
 .text.radio_filter_status_reset
                0x000000000000b1f0       0x10 zephyr/subsys/bluetooth/controller/libsubsys__bluetooth__controller.a(radio.c.obj)
                0x000000000000b1f0                radio_filter_status_reset
 .text.radio_filter_has_match
                0x000000000000b200       0x14 zephyr/subsys/bluetooth/controller/libsubsys__bluetooth__controller.a(radio.c.obj)
                0x000000000000b200                radio_filter_has_match
 .text.radio_filter_match_get
                0x000000000000b214        0xc zephyr/subsys/bluetooth/controller/libsubsys__bluetooth__controller.a(radio.c.obj)
                0x000000000000b214                radio_filter_match_get
 .text.radio_tmr_status_reset
                0x000000000000b220       0x1c zephyr/subsys/bluetooth/controller/libsubsys__bluetooth__controller.a(radio.c.obj)
                0x000000000000b220                radio_tmr_status_reset
 .text.radio_tmr_tifs_set
                0x000000000000b23c       0x18 zephyr/subsys/bluetooth/controller/libsubsys__bluetooth__controller.a(radio.c.obj)
                0x000000000000b23c                radio_tmr_tifs_set
 .text.radio_tmr_start
                0x000000000000b254       0xe4 zephyr/subsys/bluetooth/controller/libsubsys__bluetooth__controller.a(radio.c.obj)
                0x000000000000b254                radio_tmr_start
 .text.radio_tmr_stop
                0x000000000000b338       0x18 zephyr/subsys/bluetooth/controller/libsubsys__bluetooth__controller.a(radio.c.obj)
                0x000000000000b338                radio_tmr_stop
 .text.radio_tmr_hcto_configure
                0x000000000000b350       0x3c zephyr/subsys/bluetooth/controller/libsubsys__bluetooth__controller.a(radio.c.obj)
                0x000000000000b350                radio_tmr_hcto_configure
 .text.radio_tmr_aa_capture
                0x000000000000b38c       0x38 zephyr/subsys/bluetooth/controller/libsubsys__bluetooth__controller.a(radio.c.obj)
                0x000000000000b38c                radio_tmr_aa_capture
 .text.radio_tmr_aa_get
                0x000000000000b3c4        0xc zephyr/subsys/bluetooth/controller/libsubsys__bluetooth__controller.a(radio.c.obj)
                0x000000000000b3c4                radio_tmr_aa_get
 .text.radio_tmr_aa_save
                0x000000000000b3d0        0xc zephyr/subsys/bluetooth/controller/libsubsys__bluetooth__controller.a(radio.c.obj)
                0x000000000000b3d0                radio_tmr_aa_save
 .text.radio_tmr_aa_restore
                0x000000000000b3dc        0xc zephyr/subsys/bluetooth/controller/libsubsys__bluetooth__controller.a(radio.c.obj)
                0x000000000000b3dc                radio_tmr_aa_restore
 .text.radio_tmr_ready_get
                0x000000000000b3e8        0xc zephyr/subsys/bluetooth/controller/libsubsys__bluetooth__controller.a(radio.c.obj)
                0x000000000000b3e8                radio_tmr_ready_get
 .text.radio_tmr_end_capture
                0x000000000000b3f4       0x24 zephyr/subsys/bluetooth/controller/libsubsys__bluetooth__controller.a(radio.c.obj)
                0x000000000000b3f4                radio_tmr_end_capture
 .text.radio_tmr_end_get
                0x000000000000b418        0xc zephyr/subsys/bluetooth/controller/libsubsys__bluetooth__controller.a(radio.c.obj)
                0x000000000000b418                radio_tmr_end_get
 .text.radio_tmr_tifs_base_get
                0x000000000000b424        0xc zephyr/subsys/bluetooth/controller/libsubsys__bluetooth__controller.a(radio.c.obj)
                0x000000000000b424                radio_tmr_tifs_base_get
 .text.radio_ccm_rx_pkt_set
                0x000000000000b430       0x78 zephyr/subsys/bluetooth/controller/libsubsys__bluetooth__controller.a(radio.c.obj)
                0x000000000000b430                radio_ccm_rx_pkt_set
 .text.radio_ccm_tx_pkt_set
                0x000000000000b4a8       0x4c zephyr/subsys/bluetooth/controller/libsubsys__bluetooth__controller.a(radio.c.obj)
                0x000000000000b4a8                radio_ccm_tx_pkt_set
 .text.radio_ccm_is_done
                0x000000000000b4f4       0x3c zephyr/subsys/bluetooth/controller/libsubsys__bluetooth__controller.a(radio.c.obj)
                0x000000000000b4f4                radio_ccm_is_done
 .text.radio_ccm_mic_is_valid
                0x000000000000b530       0x14 zephyr/subsys/bluetooth/controller/libsubsys__bluetooth__controller.a(radio.c.obj)
                0x000000000000b530                radio_ccm_mic_is_valid
 .text.radio_ar_match_get
                0x000000000000b544        0xc zephyr/subsys/bluetooth/controller/libsubsys__bluetooth__controller.a(radio.c.obj)
                0x000000000000b544                radio_ar_match_get
 .text.radio_ar_status_reset
                0x000000000000b550       0x18 zephyr/subsys/bluetooth/controller/libsubsys__bluetooth__controller.a(radio.c.obj)
                0x000000000000b550                radio_ar_status_reset
 .text.radio_ar_has_match
                0x000000000000b568       0x28 zephyr/subsys/bluetooth/controller/libsubsys__bluetooth__controller.a(radio.c.obj)
                0x000000000000b568                radio_ar_has_match
 .text.mayfly_enable_cb
                0x000000000000b590       0x50 zephyr/subsys/bluetooth/controller/libsubsys__bluetooth__controller.a(mayfly.c.obj)
                0x000000000000b590                mayfly_enable_cb
 .text.mayfly_is_enabled
                0x000000000000b5e0       0x4c zephyr/subsys/bluetooth/controller/libsubsys__bluetooth__controller.a(mayfly.c.obj)
                0x000000000000b5e0                mayfly_is_enabled
 .text.mayfly_prio_is_equal
                0x000000000000b62c       0x22 zephyr/subsys/bluetooth/controller/libsubsys__bluetooth__controller.a(mayfly.c.obj)
                0x000000000000b62c                mayfly_prio_is_equal
 *fill*         0x000000000000b64e        0x2 
 .text.mayfly_pend
                0x000000000000b650       0x54 zephyr/subsys/bluetooth/controller/libsubsys__bluetooth__controller.a(mayfly.c.obj)
                0x000000000000b650                mayfly_pend
 .text.hal_ticker_instance0_caller_id_get
                0x000000000000b6a4       0x5c zephyr/subsys/bluetooth/controller/libsubsys__bluetooth__controller.a(ticker.c.obj)
                0x000000000000b6a4                hal_ticker_instance0_caller_id_get
 .text.hal_ticker_instance0_sched
                0x000000000000b700       0xa4 zephyr/subsys/bluetooth/controller/libsubsys__bluetooth__controller.a(ticker.c.obj)
                0x000000000000b700                hal_ticker_instance0_sched
 .text.hal_ticker_instance0_trigger_set
                0x000000000000b7a4        0x8 zephyr/subsys/bluetooth/controller/libsubsys__bluetooth__controller.a(ticker.c.obj)
                0x000000000000b7a4                hal_ticker_instance0_trigger_set
 .text.fixed_data_unref
                0x000000000000b7ac        0x2 zephyr/subsys/net/libsubsys__net.a(buf.c.obj)
 *fill*         0x000000000000b7ae        0x2 
 .text.net_buf_pool_get
                0x000000000000b7b0        0xc zephyr/subsys/net/libsubsys__net.a(buf.c.obj)
                0x000000000000b7b0                net_buf_pool_get
 .text.net_buf_id
                0x000000000000b7bc       0x1c zephyr/subsys/net/libsubsys__net.a(buf.c.obj)
                0x000000000000b7bc                net_buf_id
 .text.fixed_data_alloc
                0x000000000000b7d8       0x2c zephyr/subsys/net/libsubsys__net.a(buf.c.obj)
 .text.net_buf_alloc_len
                0x000000000000b804       0xd4 zephyr/subsys/net/libsubsys__net.a(buf.c.obj)
                0x000000000000b804                net_buf_alloc_len
 .text.net_buf_alloc_fixed
                0x000000000000b8d8        0xc zephyr/subsys/net/libsubsys__net.a(buf.c.obj)
                0x000000000000b8d8                net_buf_alloc_fixed
 .text.net_buf_get
                0x000000000000b8e4       0x32 zephyr/subsys/net/libsubsys__net.a(buf.c.obj)
                0x000000000000b8e4                net_buf_get
 .text.net_buf_simple_reserve
                0x000000000000b916        0x8 zephyr/subsys/net/libsubsys__net.a(buf.c.obj)
                0x000000000000b916                net_buf_simple_reserve
 .text.net_buf_put
                0x000000000000b91e       0x1a zephyr/subsys/net/libsubsys__net.a(buf.c.obj)
                0x000000000000b91e                net_buf_put
 .text.net_buf_unref
                0x000000000000b938       0x5c zephyr/subsys/net/libsubsys__net.a(buf.c.obj)
                0x000000000000b938                net_buf_unref
 .text.net_buf_ref
                0x000000000000b994        0x8 zephyr/subsys/net/libsubsys__net.a(buf.c.obj)
                0x000000000000b994                net_buf_ref
 .text.net_buf_simple_add
                0x000000000000b99c        0xc zephyr/subsys/net/libsubsys__net.a(buf.c.obj)
                0x000000000000b99c                net_buf_simple_add
 .text.net_buf_simple_add_mem
                0x000000000000b9a8       0x12 zephyr/subsys/net/libsubsys__net.a(buf.c.obj)
                0x000000000000b9a8                net_buf_simple_add_mem
 .text.net_buf_simple_add_u8
                0x000000000000b9ba       0x10 zephyr/subsys/net/libsubsys__net.a(buf.c.obj)
                0x000000000000b9ba                net_buf_simple_add_u8
 .text.net_buf_simple_pull
                0x000000000000b9ca       0x10 zephyr/subsys/net/libsubsys__net.a(buf.c.obj)
                0x000000000000b9ca                net_buf_simple_pull
 .text.net_buf_simple_pull_u8
                0x000000000000b9da       0x10 zephyr/subsys/net/libsubsys__net.a(buf.c.obj)
                0x000000000000b9da                net_buf_simple_pull_u8
 .text.net_buf_simple_headroom
                0x000000000000b9ea        0x8 zephyr/subsys/net/libsubsys__net.a(buf.c.obj)
                0x000000000000b9ea                net_buf_simple_headroom
 *fill*         0x000000000000b9f2        0x2 
 .text._sys_device_do_config_level
                0x000000000000b9f4       0x28 zephyr/kernel/libkernel.a(device.c.obj)
                0x000000000000b9f4                _sys_device_do_config_level
 .text.device_get_binding
                0x000000000000ba1c       0x4c zephyr/kernel/libkernel.a(device.c.obj)
                0x000000000000ba1c                device_get_binding
 .text._sys_power_save_idle_exit
                0x000000000000ba68       0x18 zephyr/kernel/libkernel.a(idle.c.obj)
                0x000000000000ba68                _sys_power_save_idle_exit
 .text.idle     0x000000000000ba80       0x48 zephyr/kernel/libkernel.a(idle.c.obj)
                0x000000000000ba80                idle
 .text._bss_zero
                0x000000000000bac8       0x14 zephyr/kernel/libkernel.a(init.c.obj)
                0x000000000000bac8                _bss_zero
 .text._data_copy
                0x000000000000badc       0x18 zephyr/kernel/libkernel.a(init.c.obj)
                0x000000000000badc                _data_copy
 .text.bg_thread_main
                0x000000000000baf4       0x38 zephyr/kernel/libkernel.a(init.c.obj)
 .text._Cstart  0x000000000000bb2c      0x100 zephyr/kernel/libkernel.a(init.c.obj)
                0x000000000000bb2c                _Cstart
 .text.get_bit_ptr
                0x000000000000bc2c       0x28 zephyr/kernel/libkernel.a(mempool.c.obj)
 .text.set_free_bit
                0x000000000000bc54       0x1c zephyr/kernel/libkernel.a(mempool.c.obj)
 .text.init_static_pools
                0x000000000000bc70       0xd0 zephyr/kernel/libkernel.a(mempool.c.obj)
                0x000000000000bc70                init_static_pools
 .text.k_queue_init
                0x000000000000bd40       0x10 zephyr/kernel/libkernel.a(queue.c.obj)
                0x000000000000bd40                k_queue_init
 .text.k_queue_insert
                0x000000000000bd50       0x52 zephyr/kernel/libkernel.a(queue.c.obj)
                0x000000000000bd50                k_queue_insert
 .text.k_queue_append
                0x000000000000bda2        0x8 zephyr/kernel/libkernel.a(queue.c.obj)
                0x000000000000bda2                k_queue_append
 .text.k_queue_prepend
                0x000000000000bdaa        0x8 zephyr/kernel/libkernel.a(queue.c.obj)
                0x000000000000bdaa                k_queue_prepend
 .text.k_queue_append_list
                0x000000000000bdb2       0x38 zephyr/kernel/libkernel.a(queue.c.obj)
                0x000000000000bdb2                k_queue_append_list
 .text.k_queue_get
                0x000000000000bdea       0x8c zephyr/kernel/libkernel.a(queue.c.obj)
                0x000000000000bdea                k_queue_get
 *fill*         0x000000000000be76        0x2 
 .text._add_thread_to_ready_q
                0x000000000000be78       0x50 zephyr/kernel/libkernel.a(sched.c.obj)
                0x000000000000be78                _add_thread_to_ready_q
 .text._ready_thread
                0x000000000000bec8       0x1a zephyr/kernel/libkernel.a(sched.c.obj)
 *fill*         0x000000000000bee2        0x2 
 .text._add_timeout
                0x000000000000bee4       0x9c zephyr/kernel/libkernel.a(sched.c.obj)
 .text._remove_thread_from_ready_q
                0x000000000000bf80       0x68 zephyr/kernel/libkernel.a(sched.c.obj)
                0x000000000000bf80                _remove_thread_from_ready_q
 .text._pend_thread
                0x000000000000bfe8       0x64 zephyr/kernel/libkernel.a(sched.c.obj)
                0x000000000000bfe8                _pend_thread
 .text._pend_current_thread
                0x000000000000c04c       0x20 zephyr/kernel/libkernel.a(sched.c.obj)
                0x000000000000c04c                _pend_current_thread
 .text.__must_switch_threads
                0x000000000000c06c       0x2c zephyr/kernel/libkernel.a(sched.c.obj)
                0x000000000000c06c                __must_switch_threads
 .text._reschedule_threads
                0x000000000000c098       0x34 zephyr/kernel/libkernel.a(sched.c.obj)
                0x000000000000c098                _reschedule_threads
 .text.k_sched_unlock
                0x000000000000c0cc       0x20 zephyr/kernel/libkernel.a(sched.c.obj)
                0x000000000000c0cc                k_sched_unlock
 .text._move_thread_to_end_of_prio_q
                0x000000000000c0ec       0x54 zephyr/kernel/libkernel.a(sched.c.obj)
                0x000000000000c0ec                _move_thread_to_end_of_prio_q
 .text._impl_k_yield
                0x000000000000c140       0x3c zephyr/kernel/libkernel.a(sched.c.obj)
                0x000000000000c140                _impl_k_yield
 .text._impl_k_sleep
                0x000000000000c17c       0x50 zephyr/kernel/libkernel.a(sched.c.obj)
                0x000000000000c17c                _impl_k_sleep
 .text._impl_k_current_get
                0x000000000000c1cc        0xc zephyr/kernel/libkernel.a(sched.c.obj)
                0x000000000000c1cc                _impl_k_current_get
 .text._is_thread_time_slicing
                0x000000000000c1d8       0x48 zephyr/kernel/libkernel.a(sched.c.obj)
                0x000000000000c1d8                _is_thread_time_slicing
 .text._update_time_slice_before_swap
                0x000000000000c220        0xc zephyr/kernel/libkernel.a(sched.c.obj)
                0x000000000000c220                _update_time_slice_before_swap
 .text._unpend_first_thread
                0x000000000000c22c       0x48 zephyr/kernel/libkernel.a(sem.c.obj)
 .text._impl_k_sem_init
                0x000000000000c274       0x12 zephyr/kernel/libkernel.a(sem.c.obj)
                0x000000000000c274                _impl_k_sem_init
 *fill*         0x000000000000c286        0x2 
 .text._impl_k_sem_give
                0x000000000000c288       0xc0 zephyr/kernel/libkernel.a(sem.c.obj)
                0x000000000000c288                _impl_k_sem_give
 .text._impl_k_sem_take
                0x000000000000c348       0x3c zephyr/kernel/libkernel.a(sem.c.obj)
                0x000000000000c348                _impl_k_sem_take
 .text._impl_k_uptime_get_32
                0x000000000000c384       0x14 zephyr/kernel/libkernel.a(sys_clock.c.obj)
                0x000000000000c384                _impl_k_uptime_get_32
 .text._nano_sys_clock_tick_announce
                0x000000000000c398      0x1b4 zephyr/kernel/libkernel.a(sys_clock.c.obj)
                0x000000000000c398                _nano_sys_clock_tick_announce
 .text.k_sys_work_q_init
                0x000000000000c54c       0x20 zephyr/kernel/libkernel.a(system_work_q.c.obj)
 .text._is_thread_ready
                0x000000000000c56c       0x14 zephyr/kernel/libkernel.a(thread.c.obj)
 .text._abort_timeout
                0x000000000000c580       0x34 zephyr/kernel/libkernel.a(thread.c.obj)
 .text.schedule_new_thread.part.13
                0x000000000000c5b4       0x78 zephyr/kernel/libkernel.a(thread.c.obj)
 .text.k_is_in_isr
                0x000000000000c62c       0x20 zephyr/kernel/libkernel.a(thread.c.obj)
                0x000000000000c62c                k_is_in_isr
 .text._is_thread_essential
                0x000000000000c64c       0x10 zephyr/kernel/libkernel.a(thread.c.obj)
                0x000000000000c64c                _is_thread_essential
 .text._thread_entry
                0x000000000000c65c       0x14 zephyr/kernel/libkernel.a(thread.c.obj)
                0x000000000000c65c                _thread_entry
 .text._impl_k_thread_start
                0x000000000000c670       0x54 zephyr/kernel/libkernel.a(thread.c.obj)
                0x000000000000c670                _impl_k_thread_start
 .text._setup_new_thread
                0x000000000000c6c4        0x8 zephyr/kernel/libkernel.a(thread.c.obj)
                0x000000000000c6c4                _setup_new_thread
 .text._impl_k_thread_create
                0x000000000000c6cc       0x3c zephyr/kernel/libkernel.a(thread.c.obj)
                0x000000000000c6cc                _impl_k_thread_create
 .text._k_thread_single_abort
                0x000000000000c708       0x4a zephyr/kernel/libkernel.a(thread.c.obj)
                0x000000000000c708                _k_thread_single_abort
 *fill*         0x000000000000c752        0x2 
 .text._init_static_threads
                0x000000000000c754       0x94 zephyr/kernel/libkernel.a(thread.c.obj)
                0x000000000000c754                _init_static_threads
 .text._init_thread_base
                0x000000000000c7e8       0x18 zephyr/kernel/libkernel.a(thread.c.obj)
                0x000000000000c7e8                _init_thread_base
 .text.work_q_main
                0x000000000000c800       0x3e zephyr/kernel/libkernel.a(work_q.c.obj)
 *fill*         0x000000000000c83e        0x2 
 .text.k_work_q_start
                0x000000000000c840       0x34 zephyr/kernel/libkernel.a(work_q.c.obj)
                0x000000000000c840                k_work_q_start
 .text._ready_thread
                0x000000000000c874       0x1a zephyr/kernel/libkernel.a(timer.c.obj)
 .text._unpend_thread
                0x000000000000c88e       0x14 zephyr/kernel/libkernel.a(timer.c.obj)
 *fill*         0x000000000000c8a2        0x2 
 .text._add_timeout.constprop.9
                0x000000000000c8a4       0x78 zephyr/kernel/libkernel.a(timer.c.obj)
 .text._timer_expiration_handler
                0x000000000000c91c       0x5e zephyr/kernel/libkernel.a(timer.c.obj)
                0x000000000000c91c                _timer_expiration_handler
 .text.sys_dlist_remove
                0x000000000000c97a        0xc zephyr/kernel/libkernel.a(poll.c.obj)
 .text.clear_event_registrations
                0x000000000000c986       0x42 zephyr/kernel/libkernel.a(poll.c.obj)
 .text.signal_poll_event
                0x000000000000c9c8       0xcc zephyr/kernel/libkernel.a(poll.c.obj)
 .text.add_event
                0x000000000000ca94       0x58 zephyr/kernel/libkernel.a(poll.c.obj)
 .text.k_poll_event_init
                0x000000000000caec       0x26 zephyr/kernel/libkernel.a(poll.c.obj)
                0x000000000000caec                k_poll_event_init
 *fill*         0x000000000000cb12        0x2 
 .text.k_poll   0x000000000000cb14      0x148 zephyr/kernel/libkernel.a(poll.c.obj)
                0x000000000000cb14                k_poll
 .text._handle_obj_poll_events
                0x000000000000cc5c       0x24 zephyr/kernel/libkernel.a(poll.c.obj)
                0x000000000000cc5c                _handle_obj_poll_events
 .text._OffsetAbsSyms
                0x000000000000cc80        0x2 zephyr/CMakeFiles/offsets.dir/arch/arm/core/offsets/offsets.c.obj
                0x000000000000cc80                _OffsetAbsSyms
 *(.gnu.linkonce.t.*)
                0x000000000000cc82                _image_text_end = .

.glue_7         0x000000000000cc84        0x0
 .glue_7        0x000000000000cc84        0x0 linker stubs

.glue_7t        0x000000000000cc84        0x0
 .glue_7t       0x000000000000cc84        0x0 linker stubs

.vfp11_veneer   0x000000000000cc84        0x0
 .vfp11_veneer  0x000000000000cc84        0x0 linker stubs

.v4_bx          0x000000000000cc84        0x0
 .v4_bx         0x000000000000cc84        0x0 linker stubs

.iplt           0x000000000000cc84        0x0
 .iplt          0x000000000000cc84        0x0 zephyr/CMakeFiles/kernel_elf.dir/isr_tables.c.obj

.igot.plt       0x000000000000cc84        0x0
 .igot.plt      0x000000000000cc84        0x0 zephyr/CMakeFiles/kernel_elf.dir/isr_tables.c.obj

.ARM.exidx      0x000000000000cc84        0x8
                0x000000000000cc84                __exidx_start = .
 *(.ARM.exidx* gnu.linkonce.armexidx.*)
 .ARM.exidx     0x000000000000cc84        0x8 /home/swap/directory/sysroots/armv5-zephyr-eabi/usr/lib/arm-zephyr-eabi/6.2.0/armv7e-m/libgcc.a(_udivmoddi4.o)
                0x000000000000cc8c                __exidx_end = .
                0x000000000000cc8c                _image_rodata_start = .

devconfig       0x000000000000cc8c       0x90
                0x000000000000cc8c                __devconfig_start = .
 *(.devconfig.*)
 .devconfig.init
                0x000000000000cc8c        0xc zephyr/libzephyr.a(soc.c.obj)
 .devconfig.init
                0x000000000000cc98        0xc zephyr/libzephyr.a(arm_mpu.c.obj)
 .devconfig.init
                0x000000000000cca4        0xc zephyr/libzephyr.a(uart_console.c.obj)
 .devconfig.init
                0x000000000000ccb0       0x18 zephyr/libzephyr.a(nrf5_power_clock.c.obj)
 .devconfig.init
                0x000000000000ccc8        0xc zephyr/libzephyr.a(gpio_nrf5.c.obj)
 .devconfig.init
                0x000000000000ccd4        0xc zephyr/libzephyr.a(uart_nrf5.c.obj)
 .devconfig.init
                0x000000000000cce0        0xc zephyr/libzephyr.a(entropy_nrf5.c.obj)
 .devconfig.init
                0x000000000000ccec        0xc zephyr/libzephyr.a(sys_clock_init.c.obj)
 .devconfig.init
                0x000000000000ccf8        0xc zephyr/subsys/bluetooth/controller/libsubsys__bluetooth__controller.a(hci_driver.c.obj)
 .devconfig.init
                0x000000000000cd04        0xc zephyr/kernel/libkernel.a(mempool.c.obj)
 .devconfig.init
                0x000000000000cd10        0xc zephyr/kernel/libkernel.a(system_work_q.c.obj)
 *(SORT(.devconfig*))
                0x000000000000cd1c                __devconfig_end = .

net_l2          0x000000000000cd1c        0x0
                0x000000000000cd1c                __net_l2_start = .
 *(.net_l2.init)
 *(SORT(.net_l2.init*))
                0x000000000000cd1c                __net_l2_end = .

rodata          0x000000000000cd1c     0x23c8
 *(.rodata)
 .rodata        0x000000000000cd1c        0x6 libapp.a(main.c.obj)
 *fill*         0x000000000000cd22        0x2 
 .rodata        0x000000000000cd24       0x35 zephyr/subsys/bluetooth/host/libsubsys__bluetooth__host.a(hci_core.c.obj)
 .rodata        0x000000000000cd59       0x1a zephyr/subsys/bluetooth/controller/libsubsys__bluetooth__controller.a(ctrl.c.obj)
 *(.rodata.*)
 *fill*         0x000000000000cd73        0x1 
 .rodata.ad     0x000000000000cd74        0x8 libapp.a(main.c.obj)
 .rodata.main.str1.1
                0x000000000000cd7c       0xc7 libapp.a(main.c.obj)
 .rodata.scan_cb.str1.1
                0x000000000000ce43       0xb5 libapp.a(main.c.obj)
                                         0xb7 (size before relaxing)
 .rodata.str1.1
                0x000000000000cef8       0x2c zephyr/libzephyr.a(mpu_regions.c.obj)
 .rodata.str1.1
                0x000000000000cf24       0x2c zephyr/libzephyr.a(soc.c.obj)
                                          0x1 (size before relaxing)
 .rodata._BusFault.str1.1
                0x000000000000cf24       0x66 zephyr/libzephyr.a(fault.c.obj)
 .rodata._Fault.str1.1
                0x000000000000cf8a       0xd3 zephyr/libzephyr.a(fault.c.obj)
 .rodata._FaultThreadShow.isra.2.str1.1
                0x000000000000d05d       0x4a zephyr/libzephyr.a(fault.c.obj)
 .rodata._MpuFault.str1.1
                0x000000000000d0a7       0xb7 zephyr/libzephyr.a(fault.c.obj)
 .rodata._UsageFault.str1.1
                0x000000000000d15e       0xd4 zephyr/libzephyr.a(fault.c.obj)
 .rodata._NanoFatalErrorHandler.str1.1
                0x000000000000d232       0xba zephyr/libzephyr.a(fatal.c.obj)
 .rodata._SysFatalErrorHandler.str1.1
                0x000000000000d2ec       0x5a zephyr/libzephyr.a(sys_fatal_error_handler.c.obj)
 .rodata.str1.1
                0x000000000000d346        0x1 zephyr/libzephyr.a(arm_mpu.c.obj)
 .rodata.sys_rand32_get.str1.1
                0x000000000000d346        0xa zephyr/libzephyr.a(rand32_entropy_device.c.obj)
 .rodata.str1.1
                0x000000000000d350        0x1 zephyr/libzephyr.a(uart_console.c.obj)
 .rodata.uart_console_init.str1.1
                0x000000000000d350        0x7 zephyr/libzephyr.a(uart_console.c.obj)
 *fill*         0x000000000000d357        0x1 
 .rodata._k32src_clock_control_api
                0x000000000000d358        0xc zephyr/libzephyr.a(nrf5_power_clock.c.obj)
 .rodata._m16src_clock_control_api
                0x000000000000d364        0xc zephyr/libzephyr.a(nrf5_power_clock.c.obj)
 .rodata.str1.1
                0x000000000000d370       0x16 zephyr/libzephyr.a(nrf5_power_clock.c.obj)
 *fill*         0x000000000000d386        0x2 
 .rodata.drive_strength.8957
                0x000000000000d388       0x40 zephyr/libzephyr.a(gpio_nrf5.c.obj)
 .rodata.gpio_nrf5_P0_cfg
                0x000000000000d3c8        0xc zephyr/libzephyr.a(gpio_nrf5.c.obj)
 .rodata.gpio_nrf5_drv_api_funcs
                0x000000000000d3d4       0x1c zephyr/libzephyr.a(gpio_nrf5.c.obj)
 .rodata.str1.1
                0x000000000000d3f0        0x7 zephyr/libzephyr.a(gpio_nrf5.c.obj)
 .rodata.str1.1
                0x000000000000d3f7        0x7 zephyr/libzephyr.a(uart_nrf5.c.obj)
 *fill*         0x000000000000d3f7        0x1 
 .rodata.uart_nrf5_dev_cfg_0
                0x000000000000d3f8        0x8 zephyr/libzephyr.a(uart_nrf5.c.obj)
 .rodata.uart_nrf5_driver_api
                0x000000000000d400        0xc zephyr/libzephyr.a(uart_nrf5.c.obj)
 .rodata.uart_nrf5_init.str1.1
                0x000000000000d40c        0x7 zephyr/libzephyr.a(uart_nrf5.c.obj)
 .rodata.entropy_nrf5_api_funcs
                0x000000000000d40c        0x4 zephyr/libzephyr.a(entropy_nrf5.c.obj)
 .rodata.str1.1
                0x000000000000d410        0xa zephyr/libzephyr.a(entropy_nrf5.c.obj)
 .rodata.str1.1
                0x000000000000d410        0xa zephyr/libzephyr.a(sys_clock_init.c.obj)
 .rodata._sys_clock_driver_init.str1.1
                0x000000000000d41a        0xb zephyr/libzephyr.a(nrf_rtc_timer.c.obj)
 .rodata.bt_addr_le_str.str1.1
                0x000000000000d41a       0x4c zephyr/subsys/bluetooth/common/libsubsys__bluetooth__common.a(log.c.obj)
 .rodata.hex.7233
                0x000000000000d41a       0x11 zephyr/subsys/bluetooth/common/libsubsys__bluetooth__common.a(log.c.obj)
 .rodata.__func__.10554
                0x000000000000d42b       0x10 zephyr/subsys/bluetooth/host/libsubsys__bluetooth__host.a(hci_core.c.obj)
 .rodata.__func__.10620
                0x000000000000d43b        0xd zephyr/subsys/bluetooth/host/libsubsys__bluetooth__host.a(hci_core.c.obj)
 .rodata.__func__.10667
                0x000000000000d448       0x12 zephyr/subsys/bluetooth/host/libsubsys__bluetooth__host.a(hci_core.c.obj)
 .rodata.__func__.10677
                0x000000000000d45a        0xa zephyr/subsys/bluetooth/host/libsubsys__bluetooth__host.a(hci_core.c.obj)
 .rodata.__func__.10686
                0x000000000000d464        0x9 zephyr/subsys/bluetooth/host/libsubsys__bluetooth__host.a(hci_core.c.obj)
 .rodata.__func__.10691
                0x000000000000d46d        0xf zephyr/subsys/bluetooth/host/libsubsys__bluetooth__host.a(hci_core.c.obj)
 .rodata.__func__.10707
                0x000000000000d47c        0xe zephyr/subsys/bluetooth/host/libsubsys__bluetooth__host.a(hci_core.c.obj)
 .rodata.__func__.10759
                0x000000000000d48a        0x8 zephyr/subsys/bluetooth/host/libsubsys__bluetooth__host.a(hci_core.c.obj)
 .rodata.__func__.10792
                0x000000000000d492       0x10 zephyr/subsys/bluetooth/host/libsubsys__bluetooth__host.a(hci_core.c.obj)
 .rodata.__func__.10802
                0x000000000000d4a2        0xe zephyr/subsys/bluetooth/host/libsubsys__bluetooth__host.a(hci_core.c.obj)
 .rodata.__func__.10827
                0x000000000000d4b0        0xc zephyr/subsys/bluetooth/host/libsubsys__bluetooth__host.a(hci_core.c.obj)
 .rodata.__func__.10832
                0x000000000000d4bc        0x9 zephyr/subsys/bluetooth/host/libsubsys__bluetooth__host.a(hci_core.c.obj)
 .rodata.__func__.10842
                0x000000000000d4c5        0x8 zephyr/subsys/bluetooth/host/libsubsys__bluetooth__host.a(hci_core.c.obj)
 .rodata.__func__.10849
                0x000000000000d4cd        0xd zephyr/subsys/bluetooth/host/libsubsys__bluetooth__host.a(hci_core.c.obj)
 .rodata.__func__.10870
                0x000000000000d4da        0xa zephyr/subsys/bluetooth/host/libsubsys__bluetooth__host.a(hci_core.c.obj)
 .rodata.bt_enable.str1.1
                0x000000000000d4e4       0x55 zephyr/subsys/bluetooth/host/libsubsys__bluetooth__host.a(hci_core.c.obj)
 .rodata.bt_hci_cmd_send.str1.1
                0x000000000000d539       0x32 zephyr/subsys/bluetooth/host/libsubsys__bluetooth__host.a(hci_core.c.obj)
 .rodata.bt_recv.str1.1
                0x000000000000d56b       0xca zephyr/subsys/bluetooth/host/libsubsys__bluetooth__host.a(hci_core.c.obj)
 .rodata.bt_recv_prio.str1.1
                0x000000000000d635       0xdf zephyr/subsys/bluetooth/host/libsubsys__bluetooth__host.a(hci_core.c.obj)
 .rodata.hci_cmd_done.str1.1
                0x000000000000d714       0x92 zephyr/subsys/bluetooth/host/libsubsys__bluetooth__host.a(hci_core.c.obj)
                                         0x93 (size before relaxing)
 .rodata.hci_init.str1.1
                0x000000000000d7a6      0x392 zephyr/subsys/bluetooth/host/libsubsys__bluetooth__host.a(hci_core.c.obj)
 .rodata.hci_tx_thread.str1.1
                0x000000000000db38       0xab zephyr/subsys/bluetooth/host/libsubsys__bluetooth__host.a(hci_core.c.obj)
 *fill*         0x000000000000dbe3        0x1 
 .rodata.net_buf_fixed_alloc_hci_cmd_pool
                0x000000000000dbe4        0x8 zephyr/subsys/bluetooth/host/libsubsys__bluetooth__host.a(hci_core.c.obj)
 .rodata.net_buf_fixed_alloc_hci_rx_pool
                0x000000000000dbec        0x8 zephyr/subsys/bluetooth/host/libsubsys__bluetooth__host.a(hci_core.c.obj)
 .rodata.net_buf_fixed_hci_cmd_pool
                0x000000000000dbf4        0x8 zephyr/subsys/bluetooth/host/libsubsys__bluetooth__host.a(hci_core.c.obj)
 .rodata.net_buf_fixed_hci_rx_pool
                0x000000000000dbfc        0x8 zephyr/subsys/bluetooth/host/libsubsys__bluetooth__host.a(hci_core.c.obj)
 .rodata.nordic_str.10811
                0x000000000000dc04        0xc zephyr/subsys/bluetooth/host/libsubsys__bluetooth__host.a(hci_core.c.obj)
 .rodata.plat_str.10806
                0x000000000000dc10       0x10 zephyr/subsys/bluetooth/host/libsubsys__bluetooth__host.a(hci_core.c.obj)
 .rodata.str1.1
                0x000000000000dc20       0xd0 zephyr/subsys/bluetooth/host/libsubsys__bluetooth__host.a(hci_core.c.obj)
 .rodata.var_str.10815
                0x000000000000dcf0       0x10 zephyr/subsys/bluetooth/host/libsubsys__bluetooth__host.a(hci_core.c.obj)
 .rodata.ver_str.str1.1
                0x000000000000dd00        0x8 zephyr/subsys/bluetooth/host/libsubsys__bluetooth__host.a(hci_core.c.obj)
 .rodata.__func__.9989
                0x000000000000dd08       0x1a zephyr/subsys/bluetooth/controller/libsubsys__bluetooth__controller.a(ticker.c.obj)
 .rodata.ticker_job.str1.1
                0x000000000000dd22       0x23 zephyr/subsys/bluetooth/controller/libsubsys__bluetooth__controller.a(ticker.c.obj)
                                         0x2e (size before relaxing)
 .rodata.__func__.10511
                0x000000000000dd45        0xc zephyr/subsys/bluetooth/controller/libsubsys__bluetooth__controller.a(hci_driver.c.obj)
 .rodata.__func__.10536
                0x000000000000dd51       0x10 zephyr/subsys/bluetooth/controller/libsubsys__bluetooth__controller.a(hci_driver.c.obj)
 .rodata.__func__.10544
                0x000000000000dd61       0x10 zephyr/subsys/bluetooth/controller/libsubsys__bluetooth__controller.a(hci_driver.c.obj)
 *fill*         0x000000000000dd71        0x3 
 .rodata.drv    0x000000000000dd74       0x10 zephyr/subsys/bluetooth/controller/libsubsys__bluetooth__controller.a(hci_driver.c.obj)
 .rodata.hci_driver_open.str1.1
                0x000000000000dd84       0x2d zephyr/subsys/bluetooth/controller/libsubsys__bluetooth__controller.a(hci_driver.c.obj)
 .rodata.hci_driver_send.str1.1
                0x000000000000ddb1       0x45 zephyr/subsys/bluetooth/controller/libsubsys__bluetooth__controller.a(hci_driver.c.obj)
 .rodata.recv_thread.str1.1
                0x000000000000ddf6       0x2e zephyr/subsys/bluetooth/controller/libsubsys__bluetooth__controller.a(hci_driver.c.obj)
 .rodata.str1.1
                0x000000000000ddf6        0xb zephyr/subsys/bluetooth/controller/libsubsys__bluetooth__controller.a(hci_driver.c.obj)
 .rodata.__func__.10675