Archive member included to satisfy reference by file (symbol)

libapp.a(atoi.c.obj)          (--whole-archive)
libapp.a(strtol.c.obj)        (--whole-archive)
libapp.a(strtoul.c.obj)       (--whole-archive)
libapp.a(strncasecmp.c.obj)   (--whole-archive)
libapp.a(strstr.c.obj)        (--whole-archive)
libapp.a(string.c.obj)        (--whole-archive)
libapp.a(prf.c.obj)           (--whole-archive)
libapp.a(stdout_console.c.obj)
                              (--whole-archive)
libapp.a(sprintf.c.obj)       (--whole-archive)
libapp.a(fprintf.c.obj)       (--whole-archive)
libapp.a(main.c.obj)          (--whole-archive)
zephyr/libzephyr.a(isr_tables.c.obj)
                              (--whole-archive)
zephyr/libzephyr.a(mpu_regions.c.obj)
                              (--whole-archive)
zephyr/libzephyr.a(power.c.obj)
                              (--whole-archive)
zephyr/libzephyr.a(soc.c.obj)
                              (--whole-archive)
zephyr/libzephyr.a(exc_exit.S.obj)
                              (--whole-archive)
zephyr/libzephyr.a(irq_init.c.obj)
                              (--whole-archive)
zephyr/libzephyr.a(swap.c.obj)
                              (--whole-archive)
zephyr/libzephyr.a(swap_helper.S.obj)
                              (--whole-archive)
zephyr/libzephyr.a(fault.c.obj)
                              (--whole-archive)
zephyr/libzephyr.a(irq_manage.c.obj)
                              (--whole-archive)
zephyr/libzephyr.a(thread.c.obj)
                              (--whole-archive)
zephyr/libzephyr.a(cpu_idle.S.obj)
                              (--whole-archive)
zephyr/libzephyr.a(fault_s.S.obj)
                              (--whole-archive)
zephyr/libzephyr.a(fatal.c.obj)
                              (--whole-archive)
zephyr/libzephyr.a(sys_fatal_error_handler.c.obj)
                              (--whole-archive)
zephyr/libzephyr.a(thread_abort.c.obj)
                              (--whole-archive)
zephyr/libzephyr.a(isr_wrapper.S.obj)
                              (--whole-archive)
zephyr/libzephyr.a(vector_table.S.obj)
                              (--whole-archive)
zephyr/libzephyr.a(reset.S.obj)
                              (--whole-archive)
zephyr/libzephyr.a(nmi_on_reset.S.obj)
                              (--whole-archive)
zephyr/libzephyr.a(prep_c.c.obj)
                              (--whole-archive)
zephyr/libzephyr.a(scb.c.obj)
                              (--whole-archive)
zephyr/libzephyr.a(nmi.c.obj)
                              (--whole-archive)
zephyr/libzephyr.a(exc_manage.c.obj)
                              (--whole-archive)
zephyr/libzephyr.a(arm_core_mpu.c.obj)
                              (--whole-archive)
zephyr/libzephyr.a(arm_mpu.c.obj)
                              (--whole-archive)
zephyr/libzephyr.a(crc16_sw.c.obj)
                              (--whole-archive)
zephyr/libzephyr.a(crc8_sw.c.obj)
                              (--whole-archive)
zephyr/libzephyr.a(printk.c.obj)
                              (--whole-archive)
zephyr/libzephyr.a(configs.c.obj)
                              (--whole-archive)
zephyr/libzephyr.a(SEGGER_RTT.c.obj)
                              (--whole-archive)
zephyr/libzephyr.a(rand32_entropy_device.c.obj)
                              (--whole-archive)
zephyr/libzephyr.a(rtt_console.c.obj)
                              (--whole-archive)
zephyr/libzephyr.a(nrf5_power_clock.c.obj)
                              (--whole-archive)
zephyr/libzephyr.a(gpio_nrf5.c.obj)
                              (--whole-archive)
zephyr/libzephyr.a(uart_nrf5.c.obj)
                              (--whole-archive)
zephyr/libzephyr.a(entropy_nrf5.c.obj)
                              (--whole-archive)
zephyr/libzephyr.a(sys_clock_init.c.obj)
                              (--whole-archive)
zephyr/libzephyr.a(nrf_rtc_timer.c.obj)
                              (--whole-archive)
zephyr/subsys/bluetooth/common/libsubsys__bluetooth__common.a(dummy.c.obj)
                              (--whole-archive)
zephyr/subsys/bluetooth/common/libsubsys__bluetooth__common.a(log.c.obj)
                              (--whole-archive)
zephyr/subsys/bluetooth/host/libsubsys__bluetooth__host.a(monitor.c.obj)
                              (--whole-archive)
zephyr/subsys/bluetooth/host/libsubsys__bluetooth__host.a(uuid.c.obj)
                              (--whole-archive)
zephyr/subsys/bluetooth/host/libsubsys__bluetooth__host.a(hci_core.c.obj)
                              (--whole-archive)
zephyr/subsys/bluetooth/controller/libsubsys__bluetooth__controller.a(mem.c.obj)
                              (--whole-archive)
zephyr/subsys/bluetooth/controller/libsubsys__bluetooth__controller.a(memq.c.obj)
                              (--whole-archive)
zephyr/subsys/bluetooth/controller/libsubsys__bluetooth__controller.a(mayfly.c.obj)
                              (--whole-archive)
zephyr/subsys/bluetooth/controller/libsubsys__bluetooth__controller.a(util.c.obj)
[...]
Memory Configuration

Name             Origin             Length             Attributes
FLASH            0x0000000000000000 0x0000000000100000 xr
SRAM             0x0000000020000000 0x0000000000040000 xw
IDT_LIST         0x0000000020040000 0x0000000000000800 xw
*default*        0x0000000000000000 0xffffffffffffffff

Linker script and memory map

LOAD zephyr/CMakeFiles/kernel_elf.dir/misc/empty_file.c.obj
LOAD zephyr/CMakeFiles/kernel_elf.dir/isr_tables.c.obj
START GROUP
LOAD libapp.a
LOAD zephyr/libzephyr.a
LOAD zephyr/subsys/bluetooth/common/libsubsys__bluetooth__common.a
LOAD zephyr/subsys/bluetooth/host/libsubsys__bluetooth__host.a
LOAD zephyr/subsys/bluetooth/controller/libsubsys__bluetooth__controller.a
LOAD zephyr/subsys/net/libsubsys__net.a
LOAD zephyr/kernel/libkernel.a
LOAD zephyr/CMakeFiles/offsets.dir/arch/arm/core/offsets/offsets.c.obj
END GROUP
LOAD /home/swap/directory/sysroots/armv5-zephyr-eabi/usr/lib/arm-zephyr-eabi/6.2.0/armv7e-m/libgcc.a
                0x0000000000000000                _image_rom_start = 0x0

text            0x0000000000000000     0xcc12
                0x0000000000000000                . = 0x0
                0x0000000000000000                _vector_start = .
 *(.exc_vector_table)
 *(.exc_vector_table.*)
 .exc_vector_table._vector_table_section
                0x0000000000000000       0x40 zephyr/libzephyr.a(vector_table.S.obj)
                0x0000000000000000                _vector_table
 *(.gnu.linkonce.irq_vector_table)
 .gnu.linkonce.irq_vector_table
                0x0000000000000040       0xb8 zephyr/CMakeFiles/kernel_elf.dir/isr_tables.c.obj
                0x0000000000000040                _irq_vector_table
 *(.openocd_dbg)
 *(.openocd_dbg.*)
 *(.kinetis_flash_config)
 *(.kinetis_flash_config.*)
 *(.gnu.linkonce.sw_isr_table)
 .gnu.linkonce.sw_isr_table
                0x00000000000000f8      0x170 zephyr/CMakeFiles/kernel_elf.dir/isr_tables.c.obj
                0x00000000000000f8                _sw_isr_table
                0x0000000000000268                _vector_end = .
                0x0000000000000268                _image_text_start = .
 *(.text)
 .text          0x0000000000000268       0x30 /home/swap/directory/sysroots/armv5-zephyr-eabi/usr/lib/arm-zephyr-eabi/6.2.0/armv7e-m/libgcc.a(_aeabi_uldivmod.o)
                0x0000000000000268                __aeabi_uldivmod
 .text          0x0000000000000298       0x28 /home/swap/directory/sysroots/armv5-zephyr-eabi/usr/lib/arm-zephyr-eabi/6.2.0/armv7e-m/libgcc.a(_popcountsi2.o)
                0x0000000000000298                __popcountsi2
 .text          0x00000000000002c0      0x2dc /home/swap/directory/sysroots/armv5-zephyr-eabi/usr/lib/arm-zephyr-eabi/6.2.0/armv7e-m/libgcc.a(_udivmoddi4.o)
                0x00000000000002c0                __udivmoddi4
 .text          0x000000000000059c        0x4 /home/swap/directory/sysroots/armv5-zephyr-eabi/usr/lib/arm-zephyr-eabi/6.2.0/armv7e-m/libgcc.a(_dvmd_tls.o)
                0x000000000000059c                __aeabi_ldiv0
                0x000000000000059c                __aeabi_idiv0
 *(.text.*)
 .text.strcpy   0x00000000000005a0       0x14 libapp.a(string.c.obj)
                0x00000000000005a0                strcpy
 .text.strncpy  0x00000000000005b4       0x22 libapp.a(string.c.obj)
                0x00000000000005b4                strncpy
 .text.strcmp   0x00000000000005d6       0x1a libapp.a(string.c.obj)
                0x00000000000005d6                strcmp
 .text.memcmp   0x00000000000005f0       0x2a libapp.a(string.c.obj)
                0x00000000000005f0                memcmp
 .text.memcpy   0x000000000000061a       0x58 libapp.a(string.c.obj)
                0x000000000000061a                memcpy
 .text.memset   0x0000000000000672       0x46 libapp.a(string.c.obj)
                0x0000000000000672                memset
 .text._stdout_hook_default
                0x00000000000006b8        0x6 libapp.a(stdout_console.c.obj)
 *fill*         0x00000000000006be        0x2 
 .text.__stdout_hook_install
                0x00000000000006c0        0xc libapp.a(stdout_console.c.obj)
                0x00000000000006c0                __stdout_hook_install
 .text.bt_ext_ready
                0x00000000000006cc       0x64 libapp.a(main.c.obj)
 .text.main     0x0000000000000730       0x2c libapp.a(main.c.obj)
                0x0000000000000730                main
 .text.errata_136_nrf52840
                0x000000000000075c       0x20 zephyr/libzephyr.a(soc.c.obj)
 .text.nordicsemi_nrf52_init
                0x000000000000077c      0x13c zephyr/libzephyr.a(soc.c.obj)
 .text._HandlerModeExit
                0x00000000000008b8       0x2c zephyr/libzephyr.a(exc_exit.S.obj)
                0x00000000000008b8                _ExcExit
                0x00000000000008b8                _IntExit
 .text._IntLibInit
                0x00000000000008e4       0x18 zephyr/libzephyr.a(irq_init.c.obj)
                0x00000000000008e4                _IntLibInit
 .text.__swap   0x00000000000008fc       0x30 zephyr/libzephyr.a(swap.c.obj)
                0x00000000000008fc                __swap
 .text.__pendsv
                0x000000000000092c       0x44 zephyr/libzephyr.a(swap_helper.S.obj)
                0x000000000000092c                __pendsv
 .text.__svc    0x0000000000000970       0x3c zephyr/libzephyr.a(swap_helper.S.obj)
                0x0000000000000970                __svc
 .text._FaultThreadShow.isra.2
                0x00000000000009ac       0x1c zephyr/libzephyr.a(fault.c.obj)
 .text._UsageFault
                0x00000000000009c8       0x90 zephyr/libzephyr.a(fault.c.obj)
 .text._MpuFault
                0x0000000000000a58       0x8c zephyr/libzephyr.a(fault.c.obj)
 .text._BusFault
                0x0000000000000ae4       0xa0 zephyr/libzephyr.a(fault.c.obj)
 .text._Fault   0x0000000000000b84       0xcc zephyr/libzephyr.a(fault.c.obj)
                0x0000000000000b84                _Fault
 .text._FaultInit
                0x0000000000000c50       0x10 zephyr/libzephyr.a(fault.c.obj)
                0x0000000000000c50                _FaultInit
 .text._arch_irq_enable
                0x0000000000000c60       0x20 zephyr/libzephyr.a(irq_manage.c.obj)
                0x0000000000000c60                _arch_irq_enable
 .text._arch_irq_disable
                0x0000000000000c80       0x28 zephyr/libzephyr.a(irq_manage.c.obj)
                0x0000000000000c80                _arch_irq_disable
 .text._arch_irq_is_enabled
                0x0000000000000ca8       0x1c zephyr/libzephyr.a(irq_manage.c.obj)
                0x0000000000000ca8                _arch_irq_is_enabled
 .text._irq_priority_set
                0x0000000000000cc4       0x30 zephyr/libzephyr.a(irq_manage.c.obj)
                0x0000000000000cc4                _irq_priority_set
 .text._irq_spurious
                0x0000000000000cf4        0x4 zephyr/libzephyr.a(irq_manage.c.obj)
                0x0000000000000cf4                _irq_spurious
 .text._arch_isr_direct_pm
                0x0000000000000cf8       0x1c zephyr/libzephyr.a(irq_manage.c.obj)
                0x0000000000000cf8                _arch_isr_direct_pm
 .text._new_thread
                0x0000000000000d14       0x50 zephyr/libzephyr.a(thread.c.obj)
                0x0000000000000d14                _new_thread
 .text._CpuIdleInit
                0x0000000000000d64        0xc zephyr/libzephyr.a(cpu_idle.S.obj)
                0x0000000000000d64                _CpuIdleInit
 .text.k_cpu_idle
                0x0000000000000d70        0xc zephyr/libzephyr.a(cpu_idle.S.obj)
                0x0000000000000d70                k_cpu_idle
 .text.__fault  0x0000000000000d7c       0x28 zephyr/libzephyr.a(fault_s.S.obj)
                0x0000000000000d7c                __usage_fault
                0x0000000000000d7c                __reserved
                0x0000000000000d7c                __bus_fault
                0x0000000000000d7c                __debug_monitor
                0x0000000000000d7c                __mpu_fault
                0x0000000000000d7c                __hard_fault
 .text._NanoFatalErrorHandler
                0x0000000000000da4       0x58 zephyr/libzephyr.a(fatal.c.obj)
                0x0000000000000da4                _NanoFatalErrorHandler
 .text._do_kernel_oops
                0x0000000000000dfc        0x8 zephyr/libzephyr.a(fatal.c.obj)
                0x0000000000000dfc                _do_kernel_oops
 .text._SysFatalErrorHandler
                0x0000000000000e04       0x58 zephyr/libzephyr.a(sys_fatal_error_handler.c.obj)
                0x0000000000000e04                _SysFatalErrorHandler
 .text._impl_k_thread_abort
                0x0000000000000e5c       0x4c zephyr/libzephyr.a(thread_abort.c.obj)
                0x0000000000000e5c                _impl_k_thread_abort
 .text._isr_wrapper
                0x0000000000000ea8       0x3c zephyr/libzephyr.a(isr_wrapper.S.obj)
                0x0000000000000ea8                _isr_wrapper
 .text._reset_section
                0x0000000000000ee4       0x20 zephyr/libzephyr.a(reset.S.obj)
                0x0000000000000ee4                __reset
                0x0000000000000ee4                __start
 .text._SysNmiOnReset
                0x0000000000000f04        0x8 zephyr/libzephyr.a(nmi_on_reset.S.obj)
                0x0000000000000f04                _SysNmiOnReset
 .text._PrepC   0x0000000000000f0c       0x28 zephyr/libzephyr.a(prep_c.c.obj)
                0x0000000000000f0c                _PrepC
 .text.__nmi    0x0000000000000f34        0xe zephyr/libzephyr.a(nmi.c.obj)
                0x0000000000000f34                __nmi
 *fill*         0x0000000000000f42        0x2 
 .text.arm_mpu_init
                0x0000000000000f44       0x64 zephyr/libzephyr.a(arm_mpu.c.obj)
 .text._nop_char_out
                0x0000000000000fa8        0x4 zephyr/libzephyr.a(printk.c.obj)
 .text.char_out
                0x0000000000000fac       0x10 zephyr/libzephyr.a(printk.c.obj)
 .text._printk_dec_ulong
                0x0000000000000fbc       0xa0 zephyr/libzephyr.a(printk.c.obj)
 .text.str_out  0x000000000000105c       0x2a zephyr/libzephyr.a(printk.c.obj)
 *fill*         0x0000000000001086        0x2 
 .text.__printk_hook_install
                0x0000000000001088        0xc zephyr/libzephyr.a(printk.c.obj)
                0x0000000000001088                __printk_hook_install
 .text._vprintk
                0x0000000000001094      0x25e zephyr/libzephyr.a(printk.c.obj)
                0x0000000000001094                _vprintk
 *fill*         0x00000000000012f2        0x2 
 .text.vprintk  0x00000000000012f4       0x20 zephyr/libzephyr.a(printk.c.obj)
                0x00000000000012f4                vprintk
 .text.printk   0x0000000000001314       0x1a zephyr/libzephyr.a(printk.c.obj)
                0x0000000000001314                printk
 *fill*         0x000000000000132e        0x2 
 .text.snprintk
                0x0000000000001330       0x38 zephyr/libzephyr.a(printk.c.obj)
                0x0000000000001330                snprintk
 .text.vsnprintk
                0x0000000000001368       0x28 zephyr/libzephyr.a(printk.c.obj)
                0x0000000000001368                vsnprintk
 .text._ConfigAbsSyms
                0x0000000000001390        0x2 zephyr/libzephyr.a(configs.c.obj)
                0x0000000000001390                _ConfigAbsSyms
 .text._GetAvailWriteSpace
                0x0000000000001392       0x1c zephyr/libzephyr.a(SEGGER_RTT.c.obj)
 .text._WriteNoCheck
                0x00000000000013ae       0x3c zephyr/libzephyr.a(SEGGER_RTT.c.obj)
 .text._WriteBlocking
                0x00000000000013ea       0x52 zephyr/libzephyr.a(SEGGER_RTT.c.obj)
 .text._DoInit  0x000000000000143c       0x60 zephyr/libzephyr.a(SEGGER_RTT.c.obj)
 .text.SEGGER_RTT_WriteNoLock
                0x000000000000149c       0x68 zephyr/libzephyr.a(SEGGER_RTT.c.obj)
                0x000000000000149c                SEGGER_RTT_WriteNoLock
 .text.SEGGER_RTT_Init
                0x0000000000001504        0x4 zephyr/libzephyr.a(SEGGER_RTT.c.obj)
                0x0000000000001504                SEGGER_RTT_Init
 .text.sys_rand32_get
                0x0000000000001508       0x50 zephyr/libzephyr.a(rand32_entropy_device.c.obj)
                0x0000000000001508                sys_rand32_get
 .text.rtt_console_init
                0x0000000000001558       0x1c zephyr/libzephyr.a(rtt_console.c.obj)
 .text.rtt_console_out
                0x0000000000001574       0x28 zephyr/libzephyr.a(rtt_console.c.obj)
 .text._m16src_stop
                0x000000000000159c       0x5c zephyr/libzephyr.a(nrf5_power_clock.c.obj)
 .text._clock_control_init
                0x00000000000015f8       0x16 zephyr/libzephyr.a(nrf5_power_clock.c.obj)
 *fill*         0x000000000000160e        0x2 
 .text._m16src_start
                0x0000000000001610       0xb0 zephyr/libzephyr.a(nrf5_power_clock.c.obj)
 .text._k32src_start
                0x00000000000016c0       0xcc zephyr/libzephyr.a(nrf5_power_clock.c.obj)
 .text._power_clock_isr
                0x000000000000178c       0x9c zephyr/libzephyr.a(nrf5_power_clock.c.obj)
 .text.gpiote_find_channel
                0x0000000000001828       0x32 zephyr/libzephyr.a(gpio_nrf5.c.obj)
 .text.gpio_nrf5_read
                0x000000000000185a       0x20 zephyr/libzephyr.a(gpio_nrf5.c.obj)
 .text.gpio_nrf5_write
                0x000000000000187a       0x22 zephyr/libzephyr.a(gpio_nrf5.c.obj)
 .text.gpio_nrf5_manage_callback
                0x000000000000189c       0x44 zephyr/libzephyr.a(gpio_nrf5.c.obj)
 .text.gpio_nrf5_enable_callback
                0x00000000000018e0       0x40 zephyr/libzephyr.a(gpio_nrf5.c.obj)
 .text.gpio_nrf5_disable_callback
                0x0000000000001920       0x3a zephyr/libzephyr.a(gpio_nrf5.c.obj)
 .text.gpio_nrf5_P0_init
                0x000000000000195a       0x16 zephyr/libzephyr.a(gpio_nrf5.c.obj)
 .text.gpio_nrf5_port_isr
                0x0000000000001970       0x64 zephyr/libzephyr.a(gpio_nrf5.c.obj)
 .text.gpio_nrf5_config
                0x00000000000019d4      0x118 zephyr/libzephyr.a(gpio_nrf5.c.obj)
 .text.uart_nrf5_poll_in
                0x0000000000001aec       0x20 zephyr/libzephyr.a(uart_nrf5.c.obj)
 .text.uart_nrf5_poll_out
                0x0000000000001b0c       0x1c zephyr/libzephyr.a(uart_nrf5.c.obj)
 .text.uart_nrf5_err_check
                0x0000000000001b28       0x1a zephyr/libzephyr.a(uart_nrf5.c.obj)
 *fill*         0x0000000000001b42        0x2 
 .text.uart_nrf5_init
                0x0000000000001b44       0x74 zephyr/libzephyr.a(uart_nrf5.c.obj)
 .text.get      0x0000000000001bb8       0xc4 zephyr/libzephyr.a(entropy_nrf5.c.obj)
 .text.isr      0x0000000000001c7c       0x48 zephyr/libzephyr.a(entropy_nrf5.c.obj)
 .text.entropy_nrf5_init
                0x0000000000001cc4       0x74 zephyr/libzephyr.a(entropy_nrf5.c.obj)
 .text.isr_rand
                0x0000000000001d38       0x50 zephyr/libzephyr.a(entropy_nrf5.c.obj)
 .text.entropy_nrf5_get_entropy
                0x0000000000001d88       0x54 zephyr/libzephyr.a(entropy_nrf5.c.obj)
 .text.entropy_get_entropy_isr
                0x0000000000001ddc       0x10 zephyr/libzephyr.a(entropy_nrf5.c.obj)
                0x0000000000001ddc                entropy_get_entropy_isr
 .text.rtc_compare_set
                0x0000000000001dec       0x30 zephyr/libzephyr.a(nrf_rtc_timer.c.obj)
 .text.rtc_announce_set_next
                0x0000000000001e1c       0x5c zephyr/libzephyr.a(nrf_rtc_timer.c.obj)
 .text.rtc1_nrf5_isr
                0x0000000000001e78       0x10 zephyr/libzephyr.a(nrf_rtc_timer.c.obj)
 .text._timer_idle_enter
                0x0000000000001e88       0x28 zephyr/libzephyr.a(nrf_rtc_timer.c.obj)
                0x0000000000001e88                _timer_idle_enter
 .text._timer_idle_exit
                0x0000000000001eb0       0x2c zephyr/libzephyr.a(nrf_rtc_timer.c.obj)
                0x0000000000001eb0                _timer_idle_exit
 .text._sys_clock_driver_init
                0x0000000000001edc       0x78 zephyr/libzephyr.a(nrf_rtc_timer.c.obj)
                0x0000000000001edc                _sys_clock_driver_init
 .text._timer_cycle_get_32
                0x0000000000001f54       0x3c zephyr/libzephyr.a(nrf_rtc_timer.c.obj)
                0x0000000000001f54                _timer_cycle_get_32
 .text.bt_hex   0x0000000000001f90       0x6c zephyr/subsys/bluetooth/common/libsubsys__bluetooth__common.a(log.c.obj)
                0x0000000000001f90                bt_hex
 .text.bt_addr_str
                0x0000000000001ffc       0x4c zephyr/subsys/bluetooth/common/libsubsys__bluetooth__common.a(log.c.obj)
                0x0000000000001ffc                bt_addr_str
 .text.bt_addr_le_str
                0x0000000000002048       0x98 zephyr/subsys/bluetooth/common/libsubsys__bluetooth__common.a(log.c.obj)
                0x0000000000002048                bt_addr_le_str
 .text.bt_monitor_init
                0x00000000000020e0       0x2c zephyr/subsys/bluetooth/host/libsubsys__bluetooth__host.a(monitor.c.obj)
 .text.atomic_inc
                0x000000000000210c       0x1a zephyr/subsys/bluetooth/host/libsubsys__bluetooth__host.a(monitor.c.obj)
 .text.encode_drops
                0x0000000000002126       0x3a zephyr/subsys/bluetooth/host/libsubsys__bluetooth__host.a(monitor.c.obj)
 .text.encode_hdr
                0x0000000000002160       0x68 zephyr/subsys/bluetooth/host/libsubsys__bluetooth__host.a(monitor.c.obj)
 .text.monitor_send
                0x00000000000021c8       0x20 zephyr/subsys/bluetooth/host/libsubsys__bluetooth__host.a(monitor.c.obj)
 .text.log_out  0x00000000000021e8       0x18 zephyr/subsys/bluetooth/host/libsubsys__bluetooth__host.a(monitor.c.obj)
 .text.bt_log   0x0000000000002200       0xdc zephyr/subsys/bluetooth/host/libsubsys__bluetooth__host.a(monitor.c.obj)
                0x0000000000002200                bt_log
 .text.bt_monitor_send
                0x00000000000022dc       0xa0 zephyr/subsys/bluetooth/host/libsubsys__bluetooth__host.a(monitor.c.obj)
                0x00000000000022dc                bt_monitor_send
 .text.monitor_console_out
                0x000000000000237c       0x8c zephyr/subsys/bluetooth/host/libsubsys__bluetooth__host.a(monitor.c.obj)
 .text.bt_monitor_new_index
                0x0000000000002408       0x38 zephyr/subsys/bluetooth/host/libsubsys__bluetooth__host.a(monitor.c.obj)
                0x0000000000002408                bt_monitor_new_index
 .text.ver_str  0x0000000000002440       0x38 zephyr/subsys/bluetooth/host/libsubsys__bluetooth__host.a(hci_core.c.obj)
 .text.valid_adv_param
                0x0000000000002478       0x34 zephyr/subsys/bluetooth/host/libsubsys__bluetooth__host.a(hci_core.c.obj)
 .text.atomic_or
                0x00000000000024ac       0x22 zephyr/subsys/bluetooth/host/libsubsys__bluetooth__host.a(hci_core.c.obj)
 .text.atomic_and
                0x00000000000024ce       0x22 zephyr/subsys/bluetooth/host/libsubsys__bluetooth__host.a(hci_core.c.obj)
 .text.hci_cmd_done
                0x00000000000024f0       0xc4 zephyr/subsys/bluetooth/host/libsubsys__bluetooth__host.a(hci_core.c.obj)
 .text.atomic_test_bit.constprop.23
                0x00000000000025b4       0x24 zephyr/subsys/bluetooth/host/libsubsys__bluetooth__host.a(hci_core.c.obj)
 .text.bt_hci_cmd_create
                0x00000000000025d8       0x94 zephyr/subsys/bluetooth/host/libsubsys__bluetooth__host.a(hci_core.c.obj)
                0x00000000000025d8                bt_hci_cmd_create
 .text.bt_hci_cmd_send_sync
                0x000000000000266c       0xcc zephyr/subsys/bluetooth/host/libsubsys__bluetooth__host.a(hci_core.c.obj)
                0x000000000000266c                bt_hci_cmd_send_sync
 .text.set_random_address
                0x0000000000002738       0x80 zephyr/subsys/bluetooth/host/libsubsys__bluetooth__host.a(hci_core.c.obj)
 .text.le_set_private_addr
                0x00000000000027b8       0x24 zephyr/subsys/bluetooth/host/libsubsys__bluetooth__host.a(hci_core.c.obj)
 .text.set_le_scan_enable
                0x00000000000027dc       0x68 zephyr/subsys/bluetooth/host/libsubsys__bluetooth__host.a(hci_core.c.obj)
 .text.set_ext_ad
                0x0000000000002844       0x98 zephyr/subsys/bluetooth/host/libsubsys__bluetooth__host.a(hci_core.c.obj)
 .text.bt_le_scan_update
                0x00000000000028dc       0x22 zephyr/subsys/bluetooth/host/libsubsys__bluetooth__host.a(hci_core.c.obj)
                0x00000000000028dc                bt_le_scan_update
 *fill*         0x00000000000028fe        0x2 
 .text.bt_init.part.13
                0x0000000000002900       0x24 zephyr/subsys/bluetooth/host/libsubsys__bluetooth__host.a(hci_core.c.obj)
 .text.bt_addr_le_create_static
                0x0000000000002924       0x1c zephyr/subsys/bluetooth/host/libsubsys__bluetooth__host.a(hci_core.c.obj)
                0x0000000000002924                bt_addr_le_create_static
 .text.hci_init
                0x0000000000002940      0x604 zephyr/subsys/bluetooth/host/libsubsys__bluetooth__host.a(hci_core.c.obj)
 .text.init_work
                0x0000000000002f44       0x20 zephyr/subsys/bluetooth/host/libsubsys__bluetooth__host.a(hci_core.c.obj)
 .text.bt_send  0x0000000000002f64       0x54 zephyr/subsys/bluetooth/host/libsubsys__bluetooth__host.a(hci_core.c.obj)
                0x0000000000002f64                bt_send
 .text.hci_tx_thread
                0x0000000000002fb8      0x1c4 zephyr/subsys/bluetooth/host/libsubsys__bluetooth__host.a(hci_core.c.obj)
 .text.bt_recv  0x000000000000317c      0x3b4 zephyr/subsys/bluetooth/host/libsubsys__bluetooth__host.a(hci_core.c.obj)
                0x000000000000317c                bt_recv
 .text.bt_recv_prio
                0x0000000000003530      0x114 zephyr/subsys/bluetooth/host/libsubsys__bluetooth__host.a(hci_core.c.obj)
                0x0000000000003530                bt_recv_prio
 .text.bt_hci_driver_register
                0x0000000000003644       0x78 zephyr/subsys/bluetooth/host/libsubsys__bluetooth__host.a(hci_core.c.obj)
                0x0000000000003644                bt_hci_driver_register
 .text.bt_enable
                0x00000000000036bc       0xc8 zephyr/subsys/bluetooth/host/libsubsys__bluetooth__host.a(hci_core.c.obj)
                0x00000000000036bc                bt_enable
 .text.bt_le_ext_adv_start
                0x0000000000003784      0x18c zephyr/subsys/bluetooth/host/libsubsys__bluetooth__host.a(hci_core.c.obj)
                0x0000000000003784                bt_le_ext_adv_start
 .text.bt_buf_get_rx
                0x0000000000003910       0x20 zephyr/subsys/bluetooth/host/libsubsys__bluetooth__host.a(hci_core.c.obj)
                0x0000000000003910                bt_buf_get_rx
 .text.bt_buf_get_cmd_complete
                0x0000000000003930       0x64 zephyr/subsys/bluetooth/host/libsubsys__bluetooth__host.a(hci_core.c.obj)
                0x0000000000003930                bt_buf_get_cmd_complete
 .text.mem_init
                0x0000000000003994       0x4e zephyr/subsys/bluetooth/controller/libsubsys__bluetooth__controller.a(mem.c.obj)
                0x0000000000003994                mem_init
 .text.mem_acquire
                0x00000000000039e2       0x34 zephyr/subsys/bluetooth/controller/libsubsys__bluetooth__controller.a(mem.c.obj)
                0x00000000000039e2                mem_acquire
 .text.mem_release
                0x0000000000003a16       0x2a zephyr/subsys/bluetooth/controller/libsubsys__bluetooth__controller.a(mem.c.obj)
                0x0000000000003a16                mem_release
 .text.mem_get  0x0000000000003a40        0x6 zephyr/subsys/bluetooth/controller/libsubsys__bluetooth__controller.a(mem.c.obj)
                0x0000000000003a40                mem_get
 .text.mem_index_get
                0x0000000000003a46        0xa zephyr/subsys/bluetooth/controller/libsubsys__bluetooth__controller.a(mem.c.obj)
                0x0000000000003a46                mem_index_get
 .text.mem_rcopy
                0x0000000000003a50       0x1e zephyr/subsys/bluetooth/controller/libsubsys__bluetooth__controller.a(mem.c.obj)
                0x0000000000003a50                mem_rcopy
 .text.memq_init
                0x0000000000003a6e        0x6 zephyr/subsys/bluetooth/controller/libsubsys__bluetooth__controller.a(memq.c.obj)
                0x0000000000003a6e                memq_init
 .text.memq_enqueue
                0x0000000000003a74        0xe zephyr/subsys/bluetooth/controller/libsubsys__bluetooth__controller.a(memq.c.obj)
                0x0000000000003a74                memq_enqueue
 .text.memq_peek
                0x0000000000003a82       0x10 zephyr/subsys/bluetooth/controller/libsubsys__bluetooth__controller.a(memq.c.obj)
                0x0000000000003a82                memq_peek
 .text.memq_dequeue
                0x0000000000003a92       0x1e zephyr/subsys/bluetooth/controller/libsubsys__bluetooth__controller.a(memq.c.obj)
                0x0000000000003a92                memq_dequeue
 .text.mayfly_init
                0x0000000000003ab0       0x54 zephyr/subsys/bluetooth/controller/libsubsys__bluetooth__controller.a(mayfly.c.obj)
                0x0000000000003ab0                mayfly_init
 .text.mayfly_enable
                0x0000000000003b04       0x50 zephyr/subsys/bluetooth/controller/libsubsys__bluetooth__controller.a(mayfly.c.obj)
                0x0000000000003b04                mayfly_enable
 .text.mayfly_enqueue
                0x0000000000003b54       0x9c zephyr/subsys/bluetooth/controller/libsubsys__bluetooth__controller.a(mayfly.c.obj)
                0x0000000000003b54                mayfly_enqueue
 .text.mayfly_run
                0x0000000000003bf0      0x124 zephyr/subsys/bluetooth/controller/libsubsys__bluetooth__controller.a(mayfly.c.obj)
                0x0000000000003bf0                mayfly_run
 .text.util_ones_count_get
                0x0000000000003d14       0x22 zephyr/subsys/bluetooth/controller/libsubsys__bluetooth__controller.a(util.c.obj)
                0x0000000000003d14                util_ones_count_get
 .text.ticker_dequeue
                0x0000000000003d36       0x58 zephyr/subsys/bluetooth/controller/libsubsys__bluetooth__controller.a(ticker.c.obj)
 .text.ticks_to_expire_prep
                0x0000000000003d8e       0x3c zephyr/subsys/bluetooth/controller/libsubsys__bluetooth__controller.a(ticker.c.obj)
 .text.ticker_job_op_cb
                0x0000000000003dca       0x14 zephyr/subsys/bluetooth/controller/libsubsys__bluetooth__controller.a(ticker.c.obj)
 .text.ticker_worker
                0x0000000000003dde       0xae zephyr/subsys/bluetooth/controller/libsubsys__bluetooth__controller.a(ticker.c.obj)
                0x0000000000003dde                ticker_worker
 .text.ticker_job
                0x0000000000003e8c      0x79c zephyr/subsys/bluetooth/controller/libsubsys__bluetooth__controller.a(ticker.c.obj)
                0x0000000000003e8c                ticker_job
 .text.ticker_init
                0x0000000000004628       0x70 zephyr/subsys/bluetooth/controller/libsubsys__bluetooth__controller.a(ticker.c.obj)
                0x0000000000004628                ticker_init
 .text.ticker_trigger
                0x0000000000004698       0x24 zephyr/subsys/bluetooth/controller/libsubsys__bluetooth__controller.a(ticker.c.obj)
                0x0000000000004698                ticker_trigger
 .text.ticker_start
                0x00000000000046bc       0xa0 zephyr/subsys/bluetooth/controller/libsubsys__bluetooth__controller.a(ticker.c.obj)
                0x00000000000046bc                ticker_start
 .text.ticker_update
                0x000000000000475c       0x9c zephyr/subsys/bluetooth/controller/libsubsys__bluetooth__controller.a(ticker.c.obj)
                0x000000000000475c                ticker_update
 .text.ticker_stop
                0x00000000000047f8       0x78 zephyr/subsys/bluetooth/controller/libsubsys__bluetooth__controller.a(ticker.c.obj)
                0x00000000000047f8                ticker_stop
 .text.ticker_next_slot_get
                0x0000000000004870       0x84 zephyr/subsys/bluetooth/controller/libsubsys__bluetooth__controller.a(ticker.c.obj)
                0x0000000000004870                ticker_next_slot_get
 .text.ticker_job_idle_get
                0x00000000000048f4       0x78 zephyr/subsys/bluetooth/controller/libsubsys__bluetooth__controller.a(ticker.c.obj)
                0x00000000000048f4                ticker_job_idle_get
 .text.ticker_job_sched
                0x000000000000496c       0x2c zephyr/subsys/bluetooth/controller/libsubsys__bluetooth__controller.a(ticker.c.obj)
                0x000000000000496c                ticker_job_sched
 .text.ticker_ticks_now_get
                0x0000000000004998        0x4 zephyr/subsys/bluetooth/controller/libsubsys__bluetooth__controller.a(ticker.c.obj)
                0x0000000000004998                ticker_ticks_now_get
 .text.ticker_ticks_diff_get
                0x000000000000499c        0x8 zephyr/subsys/bluetooth/controller/libsubsys__bluetooth__controller.a(ticker.c.obj)
                0x000000000000499c                ticker_ticks_diff_get
 .text.ll_addr_get
                0x00000000000049a4       0x34 zephyr/subsys/bluetooth/controller/libsubsys__bluetooth__controller.a(ll_addr.c.obj)
                0x00000000000049a4                ll_addr_get
 .text.ll_addr_set
                0x00000000000049d8       0x38 zephyr/subsys/bluetooth/controller/libsubsys__bluetooth__controller.a(ll_addr.c.obj)
                0x00000000000049d8                ll_addr_set
 .text.ll_tx_pwr_get
                0x0000000000004a10        0x8 zephyr/subsys/bluetooth/controller/libsubsys__bluetooth__controller.a(ll_tx_pwr.c.obj)
                0x0000000000004a10                ll_tx_pwr_get
 .text.bt_rand  0x0000000000004a18       0x38 zephyr/subsys/bluetooth/controller/libsubsys__bluetooth__controller.a(crypto.c.obj)
                0x0000000000004a18                bt_rand
 .text._hci_driver_init
                0x0000000000004a50       0x10 zephyr/subsys/bluetooth/controller/libsubsys__bluetooth__controller.a(hci_driver.c.obj)
 .text.recv_thread
                0x0000000000004a60       0xdc zephyr/subsys/bluetooth/controller/libsubsys__bluetooth__controller.a(hci_driver.c.obj)
 .text.hci_driver_send
                0x0000000000004b3c       0x98 zephyr/subsys/bluetooth/controller/libsubsys__bluetooth__controller.a(hci_driver.c.obj)
 .text.prio_recv_thread
                0x0000000000004bd4       0x7c zephyr/subsys/bluetooth/controller/libsubsys__bluetooth__controller.a(hci_driver.c.obj)
 .text.hci_driver_open
                0x0000000000004c50       0x98 zephyr/subsys/bluetooth/controller/libsubsys__bluetooth__controller.a(hci_driver.c.obj)
 .text.sys_put_le32
                0x0000000000004ce8       0x12 zephyr/subsys/bluetooth/controller/libsubsys__bluetooth__controller.a(hci.c.obj)
 .text.evt_create
                0x0000000000004cfa       0x14 zephyr/subsys/bluetooth/controller/libsubsys__bluetooth__controller.a(hci.c.obj)
 *fill*         0x0000000000004d0e        0x2 
 .text.cmd_complete
                0x0000000000004d10       0x44 zephyr/subsys/bluetooth/controller/libsubsys__bluetooth__controller.a(hci.c.obj)
 .text.meta_evt
                0x0000000000004d54       0x2a zephyr/subsys/bluetooth/controller/libsubsys__bluetooth__controller.a(hci.c.obj)
 *fill*         0x0000000000004d7e        0x2 
 .text.le_advertising_report
                0x0000000000004d80       0xbc zephyr/subsys/bluetooth/controller/libsubsys__bluetooth__controller.a(hci.c.obj)
 .text.le_set_adv_param.isra.21
                0x0000000000004e3c       0x50 zephyr/subsys/bluetooth/controller/libsubsys__bluetooth__controller.a(hci.c.obj)
 .text.le_set_adv_enable.isra.25
                0x0000000000004e8c       0x20 zephyr/subsys/bluetooth/controller/libsubsys__bluetooth__controller.a(hci.c.obj)
 .text.le_remote_feat_complete
                0x0000000000004eac       0x5c zephyr/subsys/bluetooth/controller/libsubsys__bluetooth__controller.a(hci.c.obj)
 .text.bt_addr_le_to_str.constprop.37
                0x0000000000004f08       0x78 zephyr/subsys/bluetooth/controller/libsubsys__bluetooth__controller.a(hci.c.obj)
 .text.le_adv_ext_report
                0x0000000000004f80      0x140 zephyr/subsys/bluetooth/controller/libsubsys__bluetooth__controller.a(hci.c.obj)
 .text.sys_get_le64
                0x00000000000050c0        0x8 zephyr/subsys/bluetooth/controller/libsubsys__bluetooth__controller.a(hci.c.obj)
 .text.hci_cmd_handle
                0x00000000000050c8      0x61c zephyr/subsys/bluetooth/controller/libsubsys__bluetooth__controller.a(hci.c.obj)
                0x00000000000050c8                hci_cmd_handle
 .text.hci_evt_encode
                0x00000000000056e4      0x174 zephyr/subsys/bluetooth/controller/libsubsys__bluetooth__controller.a(hci.c.obj)
                0x00000000000056e4                hci_evt_encode
 .text.hci_get_class
                0x0000000000005858       0x40 zephyr/subsys/bluetooth/controller/libsubsys__bluetooth__controller.a(hci.c.obj)
                0x0000000000005858                hci_get_class
 .text.hci_init
                0x0000000000005898       0x24 zephyr/subsys/bluetooth/controller/libsubsys__bluetooth__controller.a(hci.c.obj)
                0x0000000000005898                hci_init
 .text.cpu_sleep
                0x00000000000058bc        0x8 zephyr/subsys/bluetooth/controller/libsubsys__bluetooth__controller.a(ctrl.c.obj)
 .text.pdu_len_cmp
                0x00000000000058c4       0x3c zephyr/subsys/bluetooth/controller/libsubsys__bluetooth__controller.a(ctrl.c.obj)
 .text.ticker_if_done
                0x0000000000005900        0x4 zephyr/subsys/bluetooth/controller/libsubsys__bluetooth__controller.a(ctrl.c.obj)
 .text.prepare_reduced
                0x0000000000005904        0xc zephyr/subsys/bluetooth/controller/libsubsys__bluetooth__controller.a(ctrl.c.obj)
 .text.prepare_normal
                0x0000000000005910        0xc zephyr/subsys/bluetooth/controller/libsubsys__bluetooth__controller.a(ctrl.c.obj)
 .text.chan_sel_remap
                0x000000000000591c       0x36 zephyr/subsys/bluetooth/controller/libsubsys__bluetooth__controller.a(ctrl.c.obj)
 *fill*         0x0000000000005952        0x2 
 .text.packet_rx_reserve_get
                0x0000000000005954       0x38 zephyr/subsys/bluetooth/controller/libsubsys__bluetooth__controller.a(ctrl.c.obj)
 .text.conn_update_req
                0x000000000000598c       0x68 zephyr/subsys/bluetooth/controller/libsubsys__bluetooth__controller.a(ctrl.c.obj)
 .text.tx_cmplt_get
                0x00000000000059f4       0x94 zephyr/subsys/bluetooth/controller/libsubsys__bluetooth__controller.a(ctrl.c.obj)
 .text.connection_get
                0x0000000000005a88       0x2c zephyr/subsys/bluetooth/controller/libsubsys__bluetooth__controller.a(ctrl.c.obj)
 .text.role_disable
                0x0000000000005ab4      0x250 zephyr/subsys/bluetooth/controller/libsubsys__bluetooth__controller.a(ctrl.c.obj)
 .text.chan_set
                0x0000000000005d04      0x1f0 zephyr/subsys/bluetooth/controller/libsubsys__bluetooth__controller.a(ctrl.c.obj)
 .text.adv_setup
                0x0000000000005ef4      0x208 zephyr/subsys/bluetooth/controller/libsubsys__bluetooth__controller.a(ctrl.c.obj)
 *fill*         0x00000000000060fc        0x4 
 .text.sched_after_mstr_free_slot_get
                0x0000000000006100      0x13c zephyr/subsys/bluetooth/controller/libsubsys__bluetooth__controller.a(ctrl.c.obj)
 .text.isr_adv_ci_adva_check
                0x000000000000623c       0x48 zephyr/subsys/bluetooth/controller/libsubsys__bluetooth__controller.a(ctrl.c.obj)
 .text.rx_fc_lock
                0x0000000000006284       0x34 zephyr/subsys/bluetooth/controller/libsubsys__bluetooth__controller.a(ctrl.c.obj)
 .text.ticker_success_assert
                0x00000000000062b8       0x24 zephyr/subsys/bluetooth/controller/libsubsys__bluetooth__controller.a(ctrl.c.obj)
 .text.ticker_stop_adv_assert
                0x00000000000062dc       0x48 zephyr/subsys/bluetooth/controller/libsubsys__bluetooth__controller.a(ctrl.c.obj)
 .text.ticker_stop_scan_assert
                0x0000000000006324       0x48 zephyr/subsys/bluetooth/controller/libsubsys__bluetooth__controller.a(ctrl.c.obj)
 .text.ticker_update_adv_assert
                0x000000000000636c       0x30 zephyr/subsys/bluetooth/controller/libsubsys__bluetooth__controller.a(ctrl.c.obj)
 .text.ticker_update_slave_assert
                0x000000000000639c       0x34 zephyr/subsys/bluetooth/controller/libsubsys__bluetooth__controller.a(ctrl.c.obj)
 .text.ticker_job_disable
                0x00000000000063d0       0x18 zephyr/subsys/bluetooth/controller/libsubsys__bluetooth__controller.a(ctrl.c.obj)
 .text.hdr_conn_get
                0x00000000000063e8       0x3c zephyr/subsys/bluetooth/controller/libsubsys__bluetooth__controller.a(ctrl.c.obj)
 .text.event_stop.part.12
                0x0000000000006424       0x20 zephyr/subsys/bluetooth/controller/libsubsys__bluetooth__controller.a(ctrl.c.obj)
 .text.event_stop
                0x0000000000006444       0x20 zephyr/subsys/bluetooth/controller/libsubsys__bluetooth__controller.a(ctrl.c.obj)
 .text.mayfly_xtal_retain.part.15
                0x0000000000006464       0x58 zephyr/subsys/bluetooth/controller/libsubsys__bluetooth__controller.a(ctrl.c.obj)
 .text.event_active
                0x00000000000064bc       0x34 zephyr/subsys/bluetooth/controller/libsubsys__bluetooth__controller.a(ctrl.c.obj)
 .text.event_xtal
                0x00000000000064f0       0x34 zephyr/subsys/bluetooth/controller/libsubsys__bluetooth__controller.a(ctrl.c.obj)
 .text.mayfly_radio_active
                0x0000000000006524       0x48 zephyr/subsys/bluetooth/controller/libsubsys__bluetooth__controller.a(ctrl.c.obj)
 .text.mayfly_radio_inactive
                0x000000000000656c        0x6 zephyr/subsys/bluetooth/controller/libsubsys__bluetooth__controller.a(ctrl.c.obj)
 *fill*         0x0000000000006572        0x2 
 .text.mayfly_radio_stop
                0x0000000000006574       0x4c zephyr/subsys/bluetooth/controller/libsubsys__bluetooth__controller.a(ctrl.c.obj)
 .text.rx_packet_set
                0x00000000000065c0       0x42 zephyr/subsys/bluetooth/controller/libsubsys__bluetooth__controller.a(ctrl.c.obj)
 *fill*         0x0000000000006602        0x2 
 .text.pdu_node_tx_release
                0x0000000000006604       0x64 zephyr/subsys/bluetooth/controller/libsubsys__bluetooth__controller.a(ctrl.c.obj)
 .text.packet_tx_enqueue
                0x0000000000006668       0x9c zephyr/subsys/bluetooth/controller/libsubsys__bluetooth__controller.a(ctrl.c.obj)
 .text.connection_release
                0x0000000000006704      0x124 zephyr/subsys/bluetooth/controller/libsubsys__bluetooth__controller.a(ctrl.c.obj)
 .text.tx_packet_set
                0x0000000000006828       0x40 zephyr/subsys/bluetooth/controller/libsubsys__bluetooth__controller.a(ctrl.c.obj)
 .text.sched_after_mstr_free_offset_get
                0x0000000000006868       0x8c zephyr/subsys/bluetooth/controller/libsubsys__bluetooth__controller.a(ctrl.c.obj)
 .text.mayfly_sched_win_offset_use
                0x00000000000068f4       0x2e zephyr/subsys/bluetooth/controller/libsubsys__bluetooth__controller.a(ctrl.c.obj)
 *fill*         0x0000000000006922        0x2 
 .text.ticker_stop_adv_stop
                0x0000000000006924      0x14c zephyr/subsys/bluetooth/controller/libsubsys__bluetooth__controller.a(ctrl.c.obj)
 .text.isr_scan_tgta_check.isra.29
                0x0000000000006a70       0x60 zephyr/subsys/bluetooth/controller/libsubsys__bluetooth__controller.a(ctrl.c.obj)
 .text.packet_rx_enqueue
                0x0000000000006ad0       0x78 zephyr/subsys/bluetooth/controller/libsubsys__bluetooth__controller.a(ctrl.c.obj)
 .text.mayfly_adv_stop
                0x0000000000006b48       0x4c zephyr/subsys/bluetooth/controller/libsubsys__bluetooth__controller.a(ctrl.c.obj)
 .text.terminate_ind_rx_enqueue
                0x0000000000006b94       0x68 zephyr/subsys/bluetooth/controller/libsubsys__bluetooth__controller.a(ctrl.c.obj)
 .text.isr_rx_scan_report.isra.36
                0x0000000000006bfc       0x78 zephyr/subsys/bluetooth/controller/libsubsys__bluetooth__controller.a(ctrl.c.obj)
 .text.prepare_normal_set
                0x0000000000006c74       0x60 zephyr/subsys/bluetooth/controller/libsubsys__bluetooth__controller.a(ctrl.c.obj)
 .text.preempt_calc
                0x0000000000006cd4       0x3a zephyr/subsys/bluetooth/controller/libsubsys__bluetooth__controller.a(ctrl.c.obj)
 *fill*         0x0000000000006d0e        0x2 
 .text.event_ext_adv
                0x0000000000006d10      0x144 zephyr/subsys/bluetooth/controller/libsubsys__bluetooth__controller.a(ctrl.c.obj)
 .text.adv_scan_configure.constprop.47
                0x0000000000006e54       0x54 zephyr/subsys/bluetooth/controller/libsubsys__bluetooth__controller.a(ctrl.c.obj)
 .text.event_adv
                0x0000000000006ea8       0xd8 zephyr/subsys/bluetooth/controller/libsubsys__bluetooth__controller.a(ctrl.c.obj)
 .text.event_ext_scan
                0x0000000000006f80       0x68 zephyr/subsys/bluetooth/controller/libsubsys__bluetooth__controller.a(ctrl.c.obj)
 .text.event_stop.constprop.48
                0x0000000000006fe8       0x1c zephyr/subsys/bluetooth/controller/libsubsys__bluetooth__controller.a(ctrl.c.obj)
 .text.event_common_prepare
                0x0000000000007004      0x18c zephyr/subsys/bluetooth/controller/libsubsys__bluetooth__controller.a(ctrl.c.obj)
 .text.radio_event_adv_prepare
                0x0000000000007190       0x50 zephyr/subsys/bluetooth/controller/libsubsys__bluetooth__controller.a(ctrl.c.obj)
                0x0000000000007190                radio_event_adv_prepare
 .text.event_ext_scan_prepare
                0x00000000000071e0       0x30 zephyr/subsys/bluetooth/controller/libsubsys__bluetooth__controller.a(ctrl.c.obj)
 .text.radio_event_ext_adv_prepare
                0x0000000000007210       0x50 zephyr/subsys/bluetooth/controller/libsubsys__bluetooth__controller.a(ctrl.c.obj)
                0x0000000000007210                radio_event_ext_adv_prepare
 .text.event_adv_stop
                0x0000000000007260       0x48 zephyr/subsys/bluetooth/controller/libsubsys__bluetooth__controller.a(ctrl.c.obj)
                0x0000000000007260                event_adv_stop
 .text.mayfly_xtal_stop_calc
                0x00000000000072a8      0x224 zephyr/subsys/bluetooth/controller/libsubsys__bluetooth__controller.a(ctrl.c.obj)
 .text.packet_rx_allocate.constprop.50
                0x00000000000074cc       0x94 zephyr/subsys/bluetooth/controller/libsubsys__bluetooth__controller.a(ctrl.c.obj)
 .text.common_init
                0x0000000000007560       0xe8 zephyr/subsys/bluetooth/controller/libsubsys__bluetooth__controller.a(ctrl.c.obj)
 .text.mayfly_xtal_start
                0x0000000000007648       0x10 zephyr/subsys/bluetooth/controller/libsubsys__bluetooth__controller.a(ctrl.c.obj)
 .text.mayfly_xtal_stop
                0x0000000000007658       0x10 zephyr/subsys/bluetooth/controller/libsubsys__bluetooth__controller.a(ctrl.c.obj)
 .text.chan_sel_2
                0x0000000000007668       0x88 zephyr/subsys/bluetooth/controller/libsubsys__bluetooth__controller.a(ctrl.c.obj)
 .text.ctrl_tx_enqueue
                0x00000000000076f0       0x5c zephyr/subsys/bluetooth/controller/libsubsys__bluetooth__controller.a(ctrl.c.obj)
 .text.ctrl_tx_sec_enqueue
                0x000000000000774c       0x32 zephyr/subsys/bluetooth/controller/libsubsys__bluetooth__controller.a(ctrl.c.obj)
 *fill*         0x000000000000777e        0x2 
 .text.feature_rsp_send
                0x0000000000007780       0x8c zephyr/subsys/bluetooth/controller/libsubsys__bluetooth__controller.a(ctrl.c.obj)
 *fill*         0x000000000000780c        0x4 
 .text.event_connection_prepare
                0x0000000000007810      0x6c4 zephyr/subsys/bluetooth/controller/libsubsys__bluetooth__controller.a(ctrl.c.obj)
 .text.event_master_prepare
                0x0000000000007ed4        0x4 zephyr/subsys/bluetooth/controller/libsubsys__bluetooth__controller.a(ctrl.c.obj)
 .text.event_slave_prepare
                0x0000000000007ed8        0x4 zephyr/subsys/bluetooth/controller/libsubsys__bluetooth__controller.a(ctrl.c.obj)
 .text.connection_configure
                0x0000000000007edc       0x3c zephyr/subsys/bluetooth/controller/libsubsys__bluetooth__controller.a(ctrl.c.obj)
 .text.event_slave
                0x0000000000007f18      0x198 zephyr/subsys/bluetooth/controller/libsubsys__bluetooth__controller.a(ctrl.c.obj)
 .text.prepare_pdu_data_tx
                0x00000000000080b0       0xca zephyr/subsys/bluetooth/controller/libsubsys__bluetooth__controller.a(ctrl.c.obj)
 *fill*         0x000000000000817a        0x6 
 .text.isr      0x0000000000008180     0x1794 zephyr/subsys/bluetooth/controller/libsubsys__bluetooth__controller.a(ctrl.c.obj)
 .text.event_master
                0x0000000000009914      0x154 zephyr/subsys/bluetooth/controller/libsubsys__bluetooth__controller.a(ctrl.c.obj)
 .text.radio_init
                0x0000000000009a68      0x104 zephyr/subsys/bluetooth/controller/libsubsys__bluetooth__controller.a(ctrl.c.obj)
                0x0000000000009a68                radio_init
 .text.ll_reset
                0x0000000000009b6c       0xa0 zephyr/subsys/bluetooth/controller/libsubsys__bluetooth__controller.a(ctrl.c.obj)
                0x0000000000009b6c                ll_reset
 .text.radio_adv_data_get
                0x0000000000009c0c        0x8 zephyr/subsys/bluetooth/controller/libsubsys__bluetooth__controller.a(ctrl.c.obj)
                0x0000000000009c0c                radio_adv_data_get
 .text.radio_aux_adv_data_get
                0x0000000000009c14        0x8 zephyr/subsys/bluetooth/controller/libsubsys__bluetooth__controller.a(ctrl.c.obj)
                0x0000000000009c14                radio_aux_adv_data_get
 .text.radio_scan_data_get
                0x0000000000009c1c        0x8 zephyr/subsys/bluetooth/controller/libsubsys__bluetooth__controller.a(ctrl.c.obj)
                0x0000000000009c1c                radio_scan_data_get
 .text.ll_adv_is_enabled
                0x0000000000009c24       0x10 zephyr/subsys/bluetooth/controller/libsubsys__bluetooth__controller.a(ctrl.c.obj)
                0x0000000000009c24                ll_adv_is_enabled
 .text.radio_adv_filter_pol_get
                0x0000000000009c34       0x1c zephyr/subsys/bluetooth/controller/libsubsys__bluetooth__controller.a(ctrl.c.obj)
                0x0000000000009c34                radio_adv_filter_pol_get
 .text.ll_scan_is_enabled
                0x0000000000009c50       0x2c zephyr/subsys/bluetooth/controller/libsubsys__bluetooth__controller.a(ctrl.c.obj)
                0x0000000000009c50                ll_scan_is_enabled
 .text.radio_scan_filter_pol_get
                0x0000000000009c7c       0x1c zephyr/subsys/bluetooth/controller/libsubsys__bluetooth__controller.a(ctrl.c.obj)
                0x0000000000009c7c                radio_scan_filter_pol_get
 .text.ll_tx_pwr_lvl_get
                0x0000000000009c98       0x14 zephyr/subsys/bluetooth/controller/libsubsys__bluetooth__controller.a(ctrl.c.obj)
                0x0000000000009c98                ll_tx_pwr_lvl_get
 .text.ll_rx_get
                0x0000000000009cac       0x70 zephyr/subsys/bluetooth/controller/libsubsys__bluetooth__controller.a(ctrl.c.obj)
                0x0000000000009cac                ll_rx_get
 .text.ll_rx_mem_release
                0x0000000000009d1c       0x78 zephyr/subsys/bluetooth/controller/libsubsys__bluetooth__controller.a(ctrl.c.obj)
                0x0000000000009d1c                ll_rx_mem_release
 .text.do_radio_rx_fc_set
                0x0000000000009d94       0x5c zephyr/subsys/bluetooth/controller/libsubsys__bluetooth__controller.a(ctrl.c.obj)
                0x0000000000009d94                do_radio_rx_fc_set
 .text.radio_rx_fc_set
                0x0000000000009df0       0x58 zephyr/subsys/bluetooth/controller/libsubsys__bluetooth__controller.a(ctrl.c.obj)
                0x0000000000009df0                radio_rx_fc_set
 .text.ll_adv_scan_state_cb
                0x0000000000009e48        0x2 zephyr/subsys/bluetooth/controller/libsubsys__bluetooth__controller.a(ctrl.c.obj)
                0x0000000000009e48                ll_adv_scan_state_cb
 *fill*         0x0000000000009e4a        0x6 
 .text.radio_adv_enable
                0x0000000000009e50      0x41c zephyr/subsys/bluetooth/controller/libsubsys__bluetooth__controller.a(ctrl.c.obj)
                0x0000000000009e50                radio_adv_enable
 .text.radio_adv_disable
                0x000000000000a26c       0x5c zephyr/subsys/bluetooth/controller/libsubsys__bluetooth__controller.a(ctrl.c.obj)
                0x000000000000a26c                radio_adv_disable
 .text.ll_rx_dequeue
                0x000000000000a2c8      0x118 zephyr/subsys/bluetooth/controller/libsubsys__bluetooth__controller.a(ctrl.c.obj)
                0x000000000000a2c8                ll_rx_dequeue
 .text.rtc0_nrf5_isr
                0x000000000000a3e0       0x34 zephyr/subsys/bluetooth/controller/libsubsys__bluetooth__controller.a(ll.c.obj)
 .text.swi4_nrf5_isr
                0x000000000000a414        0x6 zephyr/subsys/bluetooth/controller/libsubsys__bluetooth__controller.a(ll.c.obj)
 .text.radio_nrf5_isr
                0x000000000000a41a       0x1e zephyr/subsys/bluetooth/controller/libsubsys__bluetooth__controller.a(ll.c.obj)
                0x000000000000a41a                radio_nrf5_isr
 .text.radio_active_callback
                0x000000000000a438        0x2 zephyr/subsys/bluetooth/controller/libsubsys__bluetooth__controller.a(ll.c.obj)
                0x000000000000a438                radio_active_callback
 *fill*         0x000000000000a43a        0x2 
 .text.radio_event_callback
                0x000000000000a43c        0xc zephyr/subsys/bluetooth/controller/libsubsys__bluetooth__controller.a(ll.c.obj)
                0x000000000000a43c                radio_event_callback
 .text.ll_init  0x000000000000a448      0x13c zephyr/subsys/bluetooth/controller/libsubsys__bluetooth__controller.a(ll.c.obj)
                0x000000000000a448                ll_init
 .text.ll_adv_params_set
                0x000000000000a584      0x390 zephyr/subsys/bluetooth/controller/libsubsys__bluetooth__controller.a(ll_adv.c.obj)
                0x000000000000a584                ll_adv_params_set
 .text.ll_adv_data_set
                0x000000000000a914       0xcc zephyr/subsys/bluetooth/controller/libsubsys__bluetooth__controller.a(ll_adv.c.obj)
                0x000000000000a914                ll_adv_data_set
 .text.ll_scan_data_set
                0x000000000000a9e0       0x82 zephyr/subsys/bluetooth/controller/libsubsys__bluetooth__controller.a(ll_adv.c.obj)
                0x000000000000a9e0                ll_scan_data_set
 *fill*         0x000000000000aa62        0x2 
 .text.ll_adv_enable
                0x000000000000aa64       0xbc zephyr/subsys/bluetooth/controller/libsubsys__bluetooth__controller.a(ll_adv.c.obj)
                0x000000000000aa64                ll_adv_enable
 .text.ctrl_filter_get
                0x000000000000ab20       0x2c zephyr/subsys/bluetooth/controller/libsubsys__bluetooth__controller.a(ll_filter.c.obj)
                0x000000000000ab20                ctrl_filter_get
 .text.ll_wl_size_get
                0x000000000000ab4c        0x4 zephyr/subsys/bluetooth/controller/libsubsys__bluetooth__controller.a(ll_filter.c.obj)
                0x000000000000ab4c                ll_wl_size_get
 .text.ll_wl_clear
                0x000000000000ab50       0x2c zephyr/subsys/bluetooth/controller/libsubsys__bluetooth__controller.a(ll_filter.c.obj)
                0x000000000000ab50                ll_wl_clear
 .text.ll_wl_add
                0x000000000000ab7c       0x70 zephyr/subsys/bluetooth/controller/libsubsys__bluetooth__controller.a(ll_filter.c.obj)
                0x000000000000ab7c                ll_wl_add
 .text.ll_wl_remove
                0x000000000000abec       0x8c zephyr/subsys/bluetooth/controller/libsubsys__bluetooth__controller.a(ll_filter.c.obj)
                0x000000000000abec                ll_wl_remove
 .text.ll_filter_reset
                0x000000000000ac78       0x18 zephyr/subsys/bluetooth/controller/libsubsys__bluetooth__controller.a(ll_filter.c.obj)
                0x000000000000ac78                ll_filter_reset
 .text.cntr_init
                0x000000000000ac90       0x1c zephyr/subsys/bluetooth/controller/libsubsys__bluetooth__controller.a(cntr.c.obj)
                0x000000000000ac90                cntr_init
 .text.cntr_start
                0x000000000000acac       0x1c zephyr/subsys/bluetooth/controller/libsubsys__bluetooth__controller.a(cntr.c.obj)
                0x000000000000acac                cntr_start
 .text.cntr_stop
                0x000000000000acc8       0x44 zephyr/subsys/bluetooth/controller/libsubsys__bluetooth__controller.a(cntr.c.obj)
                0x000000000000acc8                cntr_stop
 .text.cntr_cnt_get
                0x000000000000ad0c        0xc zephyr/subsys/bluetooth/controller/libsubsys__bluetooth__controller.a(cntr.c.obj)
                0x000000000000ad0c                cntr_cnt_get
 .text.cntr_cmp_set
                0x000000000000ad18       0x10 zephyr/subsys/bluetooth/controller/libsubsys__bluetooth__controller.a(cntr.c.obj)
                0x000000000000ad18                cntr_cmp_set
 .text.do_ecb   0x000000000000ad28       0x4c zephyr/subsys/bluetooth/controller/libsubsys__bluetooth__controller.a(ecb.c.obj)
 .text.ecb_encrypt
                0x000000000000ad74       0x42 zephyr/subsys/bluetooth/controller/libsubsys__bluetooth__controller.a(ecb.c.obj)
                0x000000000000ad74                ecb_encrypt
 *fill*         0x000000000000adb6        0x2 
 .text.hal_radio_enable_on_tick_ppi_config_and_enable
                0x000000000000adb8       0x30 zephyr/subsys/bluetooth/controller/libsubsys__bluetooth__controller.a(radio.c.obj)
 .text.sw_switch.isra.9
                0x000000000000ade8       0xc8 zephyr/subsys/bluetooth/controller/libsubsys__bluetooth__controller.a(radio.c.obj)
 .text.isr_radio
                0x000000000000aeb0       0x10 zephyr/subsys/bluetooth/controller/libsubsys__bluetooth__controller.a(radio.c.obj)
                0x000000000000aeb0                isr_radio
 .text.radio_isr_set
                0x000000000000aec0       0x28 zephyr/subsys/bluetooth/controller/libsubsys__bluetooth__controller.a(radio.c.obj)
                0x000000000000aec0                radio_isr_set
 .text.radio_setup
                0x000000000000aee8       0x44 zephyr/subsys/bluetooth/controller/libsubsys__bluetooth__controller.a(radio.c.obj)
                0x000000000000aee8                radio_setup
 .text.radio_reset
                0x000000000000af2c       0x34 zephyr/subsys/bluetooth/controller/libsubsys__bluetooth__controller.a(radio.c.obj)
                0x000000000000af2c                radio_reset
 .text.radio_phy_set
                0x000000000000af60       0x20 zephyr/subsys/bluetooth/controller/libsubsys__bluetooth__controller.a(radio.c.obj)
                0x000000000000af60                radio_phy_set
 .text.radio_tx_power_set
                0x000000000000af80        0xc zephyr/subsys/bluetooth/controller/libsubsys__bluetooth__controller.a(radio.c.obj)
                0x000000000000af80                radio_tx_power_set
 .text.radio_freq_chan_set
                0x000000000000af8c        0xc zephyr/subsys/bluetooth/controller/libsubsys__bluetooth__controller.a(radio.c.obj)
                0x000000000000af8c                radio_freq_chan_set
 .text.radio_whiten_iv_set
                0x000000000000af98       0x24 zephyr/subsys/bluetooth/controller/libsubsys__bluetooth__controller.a(radio.c.obj)
                0x000000000000af98                radio_whiten_iv_set
 .text.radio_aa_set
                0x000000000000afbc       0x30 zephyr/subsys/bluetooth/controller/libsubsys__bluetooth__controller.a(radio.c.obj)
                0x000000000000afbc                radio_aa_set
 .text.radio_pkt_configure
                0x000000000000afec       0x5c zephyr/subsys/bluetooth/controller/libsubsys__bluetooth__controller.a(radio.c.obj)
                0x000000000000afec                radio_pkt_configure
 .text.radio_pkt_rx_set
                0x000000000000b048        0xc zephyr/subsys/bluetooth/controller/libsubsys__bluetooth__controller.a(radio.c.obj)
                0x000000000000b048                radio_pkt_rx_set
 .text.radio_pkt_tx_set
                0x000000000000b054        0xc zephyr/subsys/bluetooth/controller/libsubsys__bluetooth__controller.a(radio.c.obj)
                0x000000000000b054                radio_pkt_tx_set
 .text.radio_tx_ready_delay_get
                0x000000000000b060        0xa zephyr/subsys/bluetooth/controller/libsubsys__bluetooth__controller.a(radio.c.obj)
                0x000000000000b060                radio_tx_ready_delay_get
 .text.radio_tx_chain_delay_get
                0x000000000000b06a        0x4 zephyr/subsys/bluetooth/controller/libsubsys__bluetooth__controller.a(radio.c.obj)
                0x000000000000b06a                radio_tx_chain_delay_get
 .text.radio_rx_ready_delay_get
                0x000000000000b06e        0x4 zephyr/subsys/bluetooth/controller/libsubsys__bluetooth__controller.a(radio.c.obj)
                0x000000000000b06e                radio_rx_ready_delay_get
 .text.radio_rx_chain_delay_get
                0x000000000000b072        0xa zephyr/subsys/bluetooth/controller/libsubsys__bluetooth__controller.a(radio.c.obj)
                0x000000000000b072                radio_rx_chain_delay_get
 .text.radio_rx_enable
                0x000000000000b07c        0xc zephyr/subsys/bluetooth/controller/libsubsys__bluetooth__controller.a(radio.c.obj)
                0x000000000000b07c                radio_rx_enable
 .text.radio_tx_enable
                0x000000000000b088        0xc zephyr/subsys/bluetooth/controller/libsubsys__bluetooth__controller.a(radio.c.obj)
                0x000000000000b088                radio_tx_enable
 .text.radio_disable
                0x000000000000b094       0x24 zephyr/subsys/bluetooth/controller/libsubsys__bluetooth__controller.a(radio.c.obj)
                0x000000000000b094                radio_disable
 .text.radio_status_reset
                0x000000000000b0b8       0x18 zephyr/subsys/bluetooth/controller/libsubsys__bluetooth__controller.a(radio.c.obj)
                0x000000000000b0b8                radio_status_reset
 .text.radio_is_ready
                0x000000000000b0d0       0x14 zephyr/subsys/bluetooth/controller/libsubsys__bluetooth__controller.a(radio.c.obj)
                0x000000000000b0d0                radio_is_ready
 .text.radio_is_done
                0x000000000000b0e4       0x14 zephyr/subsys/bluetooth/controller/libsubsys__bluetooth__controller.a(radio.c.obj)
                0x000000000000b0e4                radio_is_done
 .text.radio_is_idle
                0x000000000000b0f8       0x14 zephyr/subsys/bluetooth/controller/libsubsys__bluetooth__controller.a(radio.c.obj)
                0x000000000000b0f8                radio_is_idle
 .text.radio_crc_configure
                0x000000000000b10c       0x18 zephyr/subsys/bluetooth/controller/libsubsys__bluetooth__controller.a(radio.c.obj)
                0x000000000000b10c                radio_crc_configure
 .text.radio_crc_is_valid
                0x000000000000b124       0x14 zephyr/subsys/bluetooth/controller/libsubsys__bluetooth__controller.a(radio.c.obj)
                0x000000000000b124                radio_crc_is_valid
 .text.radio_pkt_empty_get
                0x000000000000b138        0x8 zephyr/subsys/bluetooth/controller/libsubsys__bluetooth__controller.a(radio.c.obj)
                0x000000000000b138                radio_pkt_empty_get
 .text.radio_pkt_scratch_get
                0x000000000000b140        0x8 zephyr/subsys/bluetooth/controller/libsubsys__bluetooth__controller.a(radio.c.obj)
                0x000000000000b140                radio_pkt_scratch_get
 .text.radio_switch_complete_and_rx
                0x000000000000b148       0x18 zephyr/subsys/bluetooth/controller/libsubsys__bluetooth__controller.a(radio.c.obj)
                0x000000000000b148                radio_switch_complete_and_rx
 .text.radio_switch_complete_and_tx
                0x000000000000b160       0x14 zephyr/subsys/bluetooth/controller/libsubsys__bluetooth__controller.a(radio.c.obj)
                0x000000000000b160                radio_switch_complete_and_tx
 .text.radio_switch_complete_and_disable
                0x000000000000b174       0x1c zephyr/subsys/bluetooth/controller/libsubsys__bluetooth__controller.a(radio.c.obj)
                0x000000000000b174                radio_switch_complete_and_disable
 .text.radio_rssi_measure
                0x000000000000b190       0x14 zephyr/subsys/bluetooth/controller/libsubsys__bluetooth__controller.a(radio.c.obj)
                0x000000000000b190                radio_rssi_measure
 .text.radio_rssi_get
                0x000000000000b1a4        0xc zephyr/subsys/bluetooth/controller/libsubsys__bluetooth__controller.a(radio.c.obj)
                0x000000000000b1a4                radio_rssi_get
 .text.radio_rssi_status_reset
                0x000000000000b1b0       0x10 zephyr/subsys/bluetooth/controller/libsubsys__bluetooth__controller.a(radio.c.obj)
                0x000000000000b1b0                radio_rssi_status_reset
 .text.radio_rssi_is_ready
                0x000000000000b1c0       0x14 zephyr/subsys/bluetooth/controller/libsubsys__bluetooth__controller.a(radio.c.obj)
                0x000000000000b1c0                radio_rssi_is_ready
 .text.radio_filter_configure
                0x000000000000b1d4       0x34 zephyr/subsys/bluetooth/controller/libsubsys__bluetooth__controller.a(radio.c.obj)
                0x000000000000b1d4                radio_filter_configure
 .text.radio_filter_disable
                0x000000000000b208       0x14 zephyr/subsys/bluetooth/controller/libsubsys__bluetooth__controller.a(radio.c.obj)
                0x000000000000b208                radio_filter_disable
 .text.radio_filter_status_reset
                0x000000000000b21c       0x10 zephyr/subsys/bluetooth/controller/libsubsys__bluetooth__controller.a(radio.c.obj)
                0x000000000000b21c                radio_filter_status_reset
 .text.radio_filter_has_match
                0x000000000000b22c       0x14 zephyr/subsys/bluetooth/controller/libsubsys__bluetooth__controller.a(radio.c.obj)
                0x000000000000b22c                radio_filter_has_match
 .text.radio_filter_match_get
                0x000000000000b240        0xc zephyr/subsys/bluetooth/controller/libsubsys__bluetooth__controller.a(radio.c.obj)
                0x000000000000b240                radio_filter_match_get
 .text.radio_tmr_status_reset
                0x000000000000b24c       0x1c zephyr/subsys/bluetooth/controller/libsubsys__bluetooth__controller.a(radio.c.obj)
                0x000000000000b24c                radio_tmr_status_reset
 .text.radio_tmr_tifs_set
                0x000000000000b268       0x18 zephyr/subsys/bluetooth/controller/libsubsys__bluetooth__controller.a(radio.c.obj)
                0x000000000000b268                radio_tmr_tifs_set
 .text.radio_tmr_start
                0x000000000000b280       0xe4 zephyr/subsys/bluetooth/controller/libsubsys__bluetooth__controller.a(radio.c.obj)
                0x000000000000b280                radio_tmr_start
 .text.radio_tmr_stop
                0x000000000000b364       0x18 zephyr/subsys/bluetooth/controller/libsubsys__bluetooth__controller.a(radio.c.obj)
                0x000000000000b364                radio_tmr_stop
 .text.radio_tmr_hcto_configure
                0x000000000000b37c       0x3c zephyr/subsys/bluetooth/controller/libsubsys__bluetooth__controller.a(radio.c.obj)
                0x000000000000b37c                radio_tmr_hcto_configure
 .text.radio_tmr_aa_capture
                0x000000000000b3b8       0x38 zephyr/subsys/bluetooth/controller/libsubsys__bluetooth__controller.a(radio.c.obj)
                0x000000000000b3b8                radio_tmr_aa_capture
 .text.radio_tmr_aa_get
                0x000000000000b3f0        0xc zephyr/subsys/bluetooth/controller/libsubsys__bluetooth__controller.a(radio.c.obj)
                0x000000000000b3f0                radio_tmr_aa_get
 .text.radio_tmr_aa_save
                0x000000000000b3fc        0xc zephyr/subsys/bluetooth/controller/libsubsys__bluetooth__controller.a(radio.c.obj)
                0x000000000000b3fc                radio_tmr_aa_save
 .text.radio_tmr_aa_restore
                0x000000000000b408        0xc zephyr/subsys/bluetooth/controller/libsubsys__bluetooth__controller.a(radio.c.obj)
                0x000000000000b408                radio_tmr_aa_restore
 .text.radio_tmr_ready_get
                0x000000000000b414        0xc zephyr/subsys/bluetooth/controller/libsubsys__bluetooth__controller.a(radio.c.obj)
                0x000000000000b414                radio_tmr_ready_get
 .text.radio_tmr_end_capture
                0x000000000000b420       0x24 zephyr/subsys/bluetooth/controller/libsubsys__bluetooth__controller.a(radio.c.obj)
                0x000000000000b420                radio_tmr_end_capture
 .text.radio_tmr_end_get
                0x000000000000b444        0xc zephyr/subsys/bluetooth/controller/libsubsys__bluetooth__controller.a(radio.c.obj)
                0x000000000000b444                radio_tmr_end_get
 .text.radio_tmr_tifs_base_get
                0x000000000000b450        0xc zephyr/subsys/bluetooth/controller/libsubsys__bluetooth__controller.a(radio.c.obj)
                0x000000000000b450                radio_tmr_tifs_base_get
 .text.radio_ccm_rx_pkt_set
                0x000000000000b45c       0x78 zephyr/subsys/bluetooth/controller/libsubsys__bluetooth__controller.a(radio.c.obj)
                0x000000000000b45c                radio_ccm_rx_pkt_set
 .text.radio_ccm_tx_pkt_set
                0x000000000000b4d4       0x4c zephyr/subsys/bluetooth/controller/libsubsys__bluetooth__controller.a(radio.c.obj)
                0x000000000000b4d4                radio_ccm_tx_pkt_set
 .text.radio_ccm_is_done
                0x000000000000b520       0x3c zephyr/subsys/bluetooth/controller/libsubsys__bluetooth__controller.a(radio.c.obj)
                0x000000000000b520                radio_ccm_is_done
 .text.radio_ccm_mic_is_valid
                0x000000000000b55c       0x14 zephyr/subsys/bluetooth/controller/libsubsys__bluetooth__controller.a(radio.c.obj)
                0x000000000000b55c                radio_ccm_mic_is_valid
 .text.radio_ar_match_get
                0x000000000000b570        0xc zephyr/subsys/bluetooth/controller/libsubsys__bluetooth__controller.a(radio.c.obj)
                0x000000000000b570                radio_ar_match_get
 .text.radio_ar_status_reset
                0x000000000000b57c       0x18 zephyr/subsys/bluetooth/controller/libsubsys__bluetooth__controller.a(radio.c.obj)
                0x000000000000b57c                radio_ar_status_reset
 .text.radio_ar_has_match
                0x000000000000b594       0x28 zephyr/subsys/bluetooth/controller/libsubsys__bluetooth__controller.a(radio.c.obj)
                0x000000000000b594                radio_ar_has_match
 .text.mayfly_enable_cb
                0x000000000000b5bc       0x38 zephyr/subsys/bluetooth/controller/libsubsys__bluetooth__controller.a(mayfly.c.obj)
                0x000000000000b5bc                mayfly_enable_cb
 .text.mayfly_is_enabled
                0x000000000000b5f4       0x34 zephyr/subsys/bluetooth/controller/libsubsys__bluetooth__controller.a(mayfly.c.obj)
                0x000000000000b5f4                mayfly_is_enabled
 .text.mayfly_prio_is_equal
                0x000000000000b628       0x22 zephyr/subsys/bluetooth/controller/libsubsys__bluetooth__controller.a(mayfly.c.obj)
                0x000000000000b628                mayfly_prio_is_equal
 *fill*         0x000000000000b64a        0x2 
 .text.mayfly_pend
                0x000000000000b64c       0x3c zephyr/subsys/bluetooth/controller/libsubsys__bluetooth__controller.a(mayfly.c.obj)
                0x000000000000b64c                mayfly_pend
 .text.hal_ticker_instance0_caller_id_get
                0x000000000000b688       0x3c zephyr/subsys/bluetooth/controller/libsubsys__bluetooth__controller.a(ticker.c.obj)
                0x000000000000b688                hal_ticker_instance0_caller_id_get
 .text.hal_ticker_instance0_sched
                0x000000000000b6c4       0x8c zephyr/subsys/bluetooth/controller/libsubsys__bluetooth__controller.a(ticker.c.obj)
                0x000000000000b6c4                hal_ticker_instance0_sched
 .text.hal_ticker_instance0_trigger_set
                0x000000000000b750        0x8 zephyr/subsys/bluetooth/controller/libsubsys__bluetooth__controller.a(ticker.c.obj)
                0x000000000000b750                hal_ticker_instance0_trigger_set
 .text.fixed_data_unref
                0x000000000000b758        0x2 zephyr/subsys/net/libsubsys__net.a(buf.c.obj)
 *fill*         0x000000000000b75a        0x2 
 .text.net_buf_pool_get
                0x000000000000b75c        0xc zephyr/subsys/net/libsubsys__net.a(buf.c.obj)
                0x000000000000b75c                net_buf_pool_get
 .text.net_buf_id
                0x000000000000b768       0x1c zephyr/subsys/net/libsubsys__net.a(buf.c.obj)
                0x000000000000b768                net_buf_id
 .text.fixed_data_alloc
                0x000000000000b784       0x2c zephyr/subsys/net/libsubsys__net.a(buf.c.obj)
 .text.net_buf_alloc_len
                0x000000000000b7b0       0xd4 zephyr/subsys/net/libsubsys__net.a(buf.c.obj)
                0x000000000000b7b0                net_buf_alloc_len
 .text.net_buf_alloc_fixed
                0x000000000000b884        0xc zephyr/subsys/net/libsubsys__net.a(buf.c.obj)
                0x000000000000b884                net_buf_alloc_fixed
 .text.net_buf_get
                0x000000000000b890       0x32 zephyr/subsys/net/libsubsys__net.a(buf.c.obj)
                0x000000000000b890                net_buf_get
 .text.net_buf_simple_reserve
                0x000000000000b8c2        0x8 zephyr/subsys/net/libsubsys__net.a(buf.c.obj)
                0x000000000000b8c2                net_buf_simple_reserve
 .text.net_buf_put
                0x000000000000b8ca       0x1a zephyr/subsys/net/libsubsys__net.a(buf.c.obj)
                0x000000000000b8ca                net_buf_put
 .text.net_buf_unref
                0x000000000000b8e4       0x5c zephyr/subsys/net/libsubsys__net.a(buf.c.obj)
                0x000000000000b8e4                net_buf_unref
 .text.net_buf_ref
                0x000000000000b940        0x8 zephyr/subsys/net/libsubsys__net.a(buf.c.obj)
                0x000000000000b940                net_buf_ref
 .text.net_buf_simple_add
                0x000000000000b948        0xc zephyr/subsys/net/libsubsys__net.a(buf.c.obj)
                0x000000000000b948                net_buf_simple_add
 .text.net_buf_simple_add_mem
                0x000000000000b954       0x12 zephyr/subsys/net/libsubsys__net.a(buf.c.obj)
                0x000000000000b954                net_buf_simple_add_mem
 .text.net_buf_simple_add_u8
                0x000000000000b966       0x10 zephyr/subsys/net/libsubsys__net.a(buf.c.obj)
                0x000000000000b966                net_buf_simple_add_u8
 .text.net_buf_simple_pull
                0x000000000000b976       0x10 zephyr/subsys/net/libsubsys__net.a(buf.c.obj)
                0x000000000000b976                net_buf_simple_pull
 .text.net_buf_simple_pull_u8
                0x000000000000b986       0x10 zephyr/subsys/net/libsubsys__net.a(buf.c.obj)
                0x000000000000b986                net_buf_simple_pull_u8
 .text.net_buf_simple_headroom
                0x000000000000b996        0x8 zephyr/subsys/net/libsubsys__net.a(buf.c.obj)
                0x000000000000b996                net_buf_simple_headroom
 *fill*         0x000000000000b99e        0x2 
 .text._sys_device_do_config_level
                0x000000000000b9a0       0x28 zephyr/kernel/libkernel.a(device.c.obj)
                0x000000000000b9a0                _sys_device_do_config_level
 .text.device_get_binding
                0x000000000000b9c8       0x4c zephyr/kernel/libkernel.a(device.c.obj)
                0x000000000000b9c8                device_get_binding
 .text._sys_power_save_idle_exit
                0x000000000000ba14       0x18 zephyr/kernel/libkernel.a(idle.c.obj)
                0x000000000000ba14                _sys_power_save_idle_exit
 .text.idle     0x000000000000ba2c       0x48 zephyr/kernel/libkernel.a(idle.c.obj)
                0x000000000000ba2c                idle
 .text._bss_zero
                0x000000000000ba74       0x14 zephyr/kernel/libkernel.a(init.c.obj)
                0x000000000000ba74                _bss_zero
 .text._data_copy
                0x000000000000ba88       0x18 zephyr/kernel/libkernel.a(init.c.obj)
                0x000000000000ba88                _data_copy
 .text.bg_thread_main
                0x000000000000baa0       0x38 zephyr/kernel/libkernel.a(init.c.obj)
 .text._Cstart  0x000000000000bad8      0x100 zephyr/kernel/libkernel.a(init.c.obj)
                0x000000000000bad8                _Cstart
 .text.get_bit_ptr
                0x000000000000bbd8       0x28 zephyr/kernel/libkernel.a(mempool.c.obj)
 .text.set_free_bit
                0x000000000000bc00       0x1c zephyr/kernel/libkernel.a(mempool.c.obj)
 .text.init_static_pools
                0x000000000000bc1c       0xd0 zephyr/kernel/libkernel.a(mempool.c.obj)
                0x000000000000bc1c                init_static_pools
 .text.k_queue_init
                0x000000000000bcec       0x10 zephyr/kernel/libkernel.a(queue.c.obj)
                0x000000000000bcec                k_queue_init
 .text.k_queue_insert
                0x000000000000bcfc       0x52 zephyr/kernel/libkernel.a(queue.c.obj)
                0x000000000000bcfc                k_queue_insert
 .text.k_queue_append
                0x000000000000bd4e        0x8 zephyr/kernel/libkernel.a(queue.c.obj)
                0x000000000000bd4e                k_queue_append
 .text.k_queue_prepend
                0x000000000000bd56        0x8 zephyr/kernel/libkernel.a(queue.c.obj)
                0x000000000000bd56                k_queue_prepend
 .text.k_queue_append_list
                0x000000000000bd5e       0x38 zephyr/kernel/libkernel.a(queue.c.obj)
                0x000000000000bd5e                k_queue_append_list
 .text.k_queue_get
                0x000000000000bd96       0x8c zephyr/kernel/libkernel.a(queue.c.obj)
                0x000000000000bd96                k_queue_get
 *fill*         0x000000000000be22        0x2 
 .text._add_thread_to_ready_q
                0x000000000000be24       0x50 zephyr/kernel/libkernel.a(sched.c.obj)
                0x000000000000be24                _add_thread_to_ready_q
 .text._ready_thread
                0x000000000000be74       0x1a zephyr/kernel/libkernel.a(sched.c.obj)
 *fill*         0x000000000000be8e        0x2 
 .text._add_timeout
                0x000000000000be90       0x9c zephyr/kernel/libkernel.a(sched.c.obj)
 .text._remove_thread_from_ready_q
                0x000000000000bf2c       0x68 zephyr/kernel/libkernel.a(sched.c.obj)
                0x000000000000bf2c                _remove_thread_from_ready_q
 .text._pend_thread
                0x000000000000bf94       0x64 zephyr/kernel/libkernel.a(sched.c.obj)
                0x000000000000bf94                _pend_thread
 .text._pend_current_thread
                0x000000000000bff8       0x20 zephyr/kernel/libkernel.a(sched.c.obj)
                0x000000000000bff8                _pend_current_thread
 .text.__must_switch_threads
                0x000000000000c018       0x2c zephyr/kernel/libkernel.a(sched.c.obj)
                0x000000000000c018                __must_switch_threads
 .text._reschedule_threads
                0x000000000000c044       0x34 zephyr/kernel/libkernel.a(sched.c.obj)
                0x000000000000c044                _reschedule_threads
 .text.k_sched_unlock
                0x000000000000c078       0x20 zephyr/kernel/libkernel.a(sched.c.obj)
                0x000000000000c078                k_sched_unlock
 .text._move_thread_to_end_of_prio_q
                0x000000000000c098       0x54 zephyr/kernel/libkernel.a(sched.c.obj)
                0x000000000000c098                _move_thread_to_end_of_prio_q
 .text._impl_k_yield
                0x000000000000c0ec       0x3c zephyr/kernel/libkernel.a(sched.c.obj)
                0x000000000000c0ec                _impl_k_yield
 .text._impl_k_current_get
                0x000000000000c128        0xc zephyr/kernel/libkernel.a(sched.c.obj)
                0x000000000000c128                _impl_k_current_get
 .text._is_thread_time_slicing
                0x000000000000c134       0x48 zephyr/kernel/libkernel.a(sched.c.obj)
                0x000000000000c134                _is_thread_time_slicing
 .text._update_time_slice_before_swap
                0x000000000000c17c        0xc zephyr/kernel/libkernel.a(sched.c.obj)
                0x000000000000c17c                _update_time_slice_before_swap
 .text._unpend_first_thread
                0x000000000000c188       0x48 zephyr/kernel/libkernel.a(sem.c.obj)
 .text._impl_k_sem_init
                0x000000000000c1d0       0x12 zephyr/kernel/libkernel.a(sem.c.obj)
                0x000000000000c1d0                _impl_k_sem_init
 *fill*         0x000000000000c1e2        0x2 
 .text._impl_k_sem_give
                0x000000000000c1e4       0xc0 zephyr/kernel/libkernel.a(sem.c.obj)
                0x000000000000c1e4                _impl_k_sem_give
 .text._impl_k_sem_take
                0x000000000000c2a4       0x3c zephyr/kernel/libkernel.a(sem.c.obj)
                0x000000000000c2a4                _impl_k_sem_take
 .text._impl_k_uptime_get_32
                0x000000000000c2e0       0x14 zephyr/kernel/libkernel.a(sys_clock.c.obj)
                0x000000000000c2e0                _impl_k_uptime_get_32
 .text._tick_get
                0x000000000000c2f4       0x1c zephyr/kernel/libkernel.a(sys_clock.c.obj)
                0x000000000000c2f4                sys_tick_get
                0x000000000000c2f4                _tick_get
 .text._impl_k_uptime_get
                0x000000000000c310       0x16 zephyr/kernel/libkernel.a(sys_clock.c.obj)
                0x000000000000c310                _impl_k_uptime_get
 *fill*         0x000000000000c326        0x2 
 .text._nano_sys_clock_tick_announce
                0x000000000000c328      0x1b4 zephyr/kernel/libkernel.a(sys_clock.c.obj)
                0x000000000000c328                _nano_sys_clock_tick_announce
 .text.k_sys_work_q_init
                0x000000000000c4dc       0x20 zephyr/kernel/libkernel.a(system_work_q.c.obj)
 .text._is_thread_ready
                0x000000000000c4fc       0x14 zephyr/kernel/libkernel.a(thread.c.obj)
 .text._abort_timeout
                0x000000000000c510       0x34 zephyr/kernel/libkernel.a(thread.c.obj)
 .text.schedule_new_thread.part.13
                0x000000000000c544       0x78 zephyr/kernel/libkernel.a(thread.c.obj)
 .text.k_is_in_isr
                0x000000000000c5bc       0x20 zephyr/kernel/libkernel.a(thread.c.obj)
                0x000000000000c5bc                k_is_in_isr
 .text._is_thread_essential
                0x000000000000c5dc       0x10 zephyr/kernel/libkernel.a(thread.c.obj)
                0x000000000000c5dc                _is_thread_essential
 .text._thread_entry
                0x000000000000c5ec       0x14 zephyr/kernel/libkernel.a(thread.c.obj)
                0x000000000000c5ec                _thread_entry
 .text._impl_k_thread_start
                0x000000000000c600       0x54 zephyr/kernel/libkernel.a(thread.c.obj)
                0x000000000000c600                _impl_k_thread_start
 .text._setup_new_thread
                0x000000000000c654        0x8 zephyr/kernel/libkernel.a(thread.c.obj)
                0x000000000000c654                _setup_new_thread
 .text._impl_k_thread_create
                0x000000000000c65c       0x3c zephyr/kernel/libkernel.a(thread.c.obj)
                0x000000000000c65c                _impl_k_thread_create
 .text._k_thread_single_abort
                0x000000000000c698       0x4a zephyr/kernel/libkernel.a(thread.c.obj)
                0x000000000000c698                _k_thread_single_abort
 *fill*         0x000000000000c6e2        0x2 
 .text._init_static_threads
                0x000000000000c6e4       0x94 zephyr/kernel/libkernel.a(thread.c.obj)
                0x000000000000c6e4                _init_static_threads
 .text._init_thread_base
                0x000000000000c778       0x18 zephyr/kernel/libkernel.a(thread.c.obj)
                0x000000000000c778                _init_thread_base
 .text.work_q_main
                0x000000000000c790       0x3e zephyr/kernel/libkernel.a(work_q.c.obj)
 *fill*         0x000000000000c7ce        0x2 
 .text.k_work_q_start
                0x000000000000c7d0       0x34 zephyr/kernel/libkernel.a(work_q.c.obj)
                0x000000000000c7d0                k_work_q_start
 .text._ready_thread
                0x000000000000c804       0x1a zephyr/kernel/libkernel.a(timer.c.obj)
 .text._unpend_thread
                0x000000000000c81e       0x14 zephyr/kernel/libkernel.a(timer.c.obj)
 *fill*         0x000000000000c832        0x2 
 .text._add_timeout.constprop.9
                0x000000000000c834       0x78 zephyr/kernel/libkernel.a(timer.c.obj)
 .text._timer_expiration_handler
                0x000000000000c8ac       0x5e zephyr/kernel/libkernel.a(timer.c.obj)
                0x000000000000c8ac                _timer_expiration_handler
 .text.sys_dlist_remove
                0x000000000000c90a        0xc zephyr/kernel/libkernel.a(poll.c.obj)
 .text.clear_event_registrations
                0x000000000000c916       0x42 zephyr/kernel/libkernel.a(poll.c.obj)
 .text.signal_poll_event
                0x000000000000c958       0xcc zephyr/kernel/libkernel.a(poll.c.obj)
 .text.add_event
                0x000000000000ca24       0x58 zephyr/kernel/libkernel.a(poll.c.obj)
 .text.k_poll_event_init
                0x000000000000ca7c       0x26 zephyr/kernel/libkernel.a(poll.c.obj)
                0x000000000000ca7c                k_poll_event_init
 *fill*         0x000000000000caa2        0x2 
 .text.k_poll   0x000000000000caa4      0x148 zephyr/kernel/libkernel.a(poll.c.obj)
                0x000000000000caa4                k_poll
 .text._handle_obj_poll_events
                0x000000000000cbec       0x24 zephyr/kernel/libkernel.a(poll.c.obj)
                0x000000000000cbec                _handle_obj_poll_events
 .text._OffsetAbsSyms
                0x000000000000cc10        0x2 zephyr/CMakeFiles/offsets.dir/arch/arm/core/offsets/offsets.c.obj
                0x000000000000cc10                _OffsetAbsSyms
 *(.gnu.linkonce.t.*)
                0x000000000000cc12                _image_text_end = .

.glue_7         0x000000000000cc14        0x0
 .glue_7        0x000000000000cc14        0x0 linker stubs

.glue_7t        0x000000000000cc14        0x0
 .glue_7t       0x000000000000cc14        0x0 linker stubs

.vfp11_veneer   0x000000000000cc14        0x0
 .vfp11_veneer  0x000000000000cc14        0x0 linker stubs

.v4_bx          0x000000000000cc14        0x0
 .v4_bx         0x000000000000cc14        0x0 linker stubs

.iplt           0x000000000000cc14        0x0
 .iplt          0x000000000000cc14        0x0 zephyr/CMakeFiles/kernel_elf.dir/isr_tables.c.obj

.igot.plt       0x000000000000cc14        0x0
 .igot.plt      0x000000000000cc14        0x0 zephyr/CMakeFiles/kernel_elf.dir/isr_tables.c.obj

.ARM.exidx      0x000000000000cc14        0x8
                0x000000000000cc14                __exidx_start = .
 *(.ARM.exidx* gnu.linkonce.armexidx.*)
 .ARM.exidx     0x000000000000cc14        0x8 /home/swap/directory/sysroots/armv5-zephyr-eabi/usr/lib/arm-zephyr-eabi/6.2.0/armv7e-m/libgcc.a(_udivmoddi4.o)
                0x000000000000cc1c                __exidx_end = .
                0x000000000000cc1c                _image_rodata_start = .

devconfig       0x000000000000cc1c       0x9c
                0x000000000000cc1c                __devconfig_start = .
 *(.devconfig.*)
 .devconfig.init
                0x000000000000cc1c        0xc zephyr/libzephyr.a(soc.c.obj)
 .devconfig.init
                0x000000000000cc28        0xc zephyr/libzephyr.a(arm_mpu.c.obj)
 .devconfig.init
                0x000000000000cc34        0xc zephyr/libzephyr.a(rtt_console.c.obj)
 .devconfig.init
                0x000000000000cc40       0x18 zephyr/libzephyr.a(nrf5_power_clock.c.obj)
 .devconfig.init
                0x000000000000cc58        0xc zephyr/libzephyr.a(gpio_nrf5.c.obj)
 .devconfig.init
                0x000000000000cc64        0xc zephyr/libzephyr.a(uart_nrf5.c.obj)
 .devconfig.init
                0x000000000000cc70        0xc zephyr/libzephyr.a(entropy_nrf5.c.obj)
 .devconfig.init
                0x000000000000cc7c        0xc zephyr/libzephyr.a(sys_clock_init.c.obj)
 .devconfig.init
                0x000000000000cc88        0xc zephyr/subsys/bluetooth/host/libsubsys__bluetooth__host.a(monitor.c.obj)
 .devconfig.init
                0x000000000000cc94        0xc zephyr/subsys/bluetooth/controller/libsubsys__bluetooth__controller.a(hci_driver.c.obj)
 .devconfig.init
                0x000000000000cca0        0xc zephyr/kernel/libkernel.a(mempool.c.obj)
 .devconfig.init
                0x000000000000ccac        0xc zephyr/kernel/libkernel.a(system_work_q.c.obj)
 *(SORT(.devconfig*))
                0x000000000000ccb8                __devconfig_end = .

net_l2          0x000000000000ccb8        0x0
                0x000000000000ccb8                __net_l2_start = .
 *(.net_l2.init)
 *(SORT(.net_l2.init*))
                0x000000000000ccb8                __net_l2_end = .

rodata          0x000000000000ccb8     0x24f0
 *(.rodata)
 .rodata        0x000000000000ccb8       0x35 zephyr/subsys/bluetooth/host/libsubsys__bluetooth__host.a(hci_core.c.obj)
 .rodata        0x000000000000cced       0x1a zephyr/subsys/bluetooth/controller/libsubsys__bluetooth__controller.a(ctrl.c.obj)
 *(.rodata.*)
 *fill*         0x000000000000cd07        0x1 
 .rodata.ad     0x000000000000cd08        0x8 libapp.a(main.c.obj)
 .rodata.bt_ext_ready.str1.1
                0x000000000000cd10       0x6d libapp.a(main.c.obj)
 .rodata.main.str1.1
                0x000000000000cd7d       0x16 libapp.a(main.c.obj)
 *fill*         0x000000000000cd93        0x1 
 .rodata.sd     0x000000000000cd94        0x8 libapp.a(main.c.obj)
 .rodata.str1.1
                0x000000000000cd9c        0xc libapp.a(main.c.obj)
 .rodata.str1.1
                0x000000000000cda8       0x2c zephyr/libzephyr.a(mpu_regions.c.obj)
 .rodata.str1.1
                0x000000000000cdd4       0x2c zephyr/libzephyr.a(soc.c.obj)
                                          0x1 (size before relaxing)
 .rodata._BusFault.str1.1
                0x000000000000cdd4       0x66 zephyr/libzephyr.a(fault.c.obj)
 .rodata._Fault.str1.1
                0x000000000000ce3a       0xd3 zephyr/libzephyr.a(fault.c.obj)
 .rodata._FaultThreadShow.isra.2.str1.1
                0x000000000000cf0d       0x4a zephyr/libzephyr.a(fault.c.obj)
 .rodata._MpuFault.str1.1
                0x000000000000cf57       0xb7 zephyr/libzephyr.a(fault.c.obj)
 .rodata._UsageFault.str1.1
                0x000000000000d00e       0xd4 zephyr/libzephyr.a(fault.c.obj)
 .rodata._NanoFatalErrorHandler.str1.1
                0x000000000000d0e2       0xba zephyr/libzephyr.a(fatal.c.obj)
 .rodata._SysFatalErrorHandler.str1.1
                0x000000000000d19c       0x5a zephyr/libzephyr.a(sys_fatal_error_handler.c.obj)
 .rodata.str1.1
                0x000000000000d1f6        0x1 zephyr/libzephyr.a(arm_mpu.c.obj)
 .rodata._DoInit.str1.1
                0x000000000000d1f6       0x14 zephyr/libzephyr.a(SEGGER_RTT.c.obj)
 .rodata.sys_rand32_get.str1.1
                0x000000000000d20a        0xa zephyr/libzephyr.a(rand32_entropy_device.c.obj)
 .rodata.str1.1
                0x000000000000d214        0x1 zephyr/libzephyr.a(rtt_console.c.obj)
 .rodata._k32src_clock_control_api
                0x000000000000d214        0xc zephyr/libzephyr.a(nrf5_power_clock.c.obj)
 .rodata._m16src_clock_control_api
                0x000000000000d220        0xc zephyr/libzephyr.a(nrf5_power_clock.c.obj)
 .rodata.str1.1
                0x000000000000d22c       0x16 zephyr/libzephyr.a(nrf5_power_clock.c.obj)
 *fill*         0x000000000000d242        0x2 
 .rodata.drive_strength.8957
                0x000000000000d244       0x40 zephyr/libzephyr.a(gpio_nrf5.c.obj)
 .rodata.gpio_nrf5_P0_cfg
                0x000000000000d284        0xc zephyr/libzephyr.a(gpio_nrf5.c.obj)
 .rodata.gpio_nrf5_drv_api_funcs
                0x000000000000d290       0x1c zephyr/libzephyr.a(gpio_nrf5.c.obj)
 .rodata.str1.1
                0x000000000000d2ac        0x7 zephyr/libzephyr.a(gpio_nrf5.c.obj)
 .rodata.str1.1
                0x000000000000d2b3        0x7 zephyr/libzephyr.a(uart_nrf5.c.obj)
 *fill*         0x000000000000d2ba        0x2 
 .rodata.uart_nrf5_dev_cfg_0
                0x000000000000d2bc        0x8 zephyr/libzephyr.a(uart_nrf5.c.obj)
 .rodata.uart_nrf5_driver_api
                0x000000000000d2c4        0xc zephyr/libzephyr.a(uart_nrf5.c.obj)
 .rodata.uart_nrf5_init.str1.1
                0x000000000000d2d0        0x7 zephyr/libzephyr.a(uart_nrf5.c.obj)
 .rodata.entropy_nrf5_api_funcs
                0x000000000000d2d0        0x4 zephyr/libzephyr.a(entropy_nrf5.c.obj)
 .rodata.str1.1
                0x000000000000d2d4        0xa zephyr/libzephyr.a(entropy_nrf5.c.obj)
 .rodata.str1.1
                0x000000000000d2d4        0xa zephyr/libzephyr.a(sys_clock_init.c.obj)
 .rodata._sys_clock_driver_init.str1.1
                0x000000000000d2de        0xb zephyr/libzephyr.a(nrf_rtc_timer.c.obj)
 .rodata.bt_addr_le_str.str1.1
                0x000000000000d2de       0x45 zephyr/subsys/bluetooth/common/libsubsys__bluetooth__common.a(log.c.obj)
                                         0x4c (size before relaxing)
 .rodata.bt_addr_str.str1.1
                0x000000000000d323       0x1e zephyr/subsys/bluetooth/common/libsubsys__bluetooth__common.a(log.c.obj)
 .rodata.hex.7233
                0x000000000000d341       0x11 zephyr/subsys/bluetooth/common/libsubsys__bluetooth__common.a(log.c.obj)
 .rodata.bt_log.str1.1
                0x000000000000d352        0x3 zephyr/subsys/bluetooth/host/libsubsys__bluetooth__host.a(monitor.c.obj)
 .rodata.bt_monitor_init.str1.1
                0x000000000000d355        0x7 zephyr/subsys/bluetooth/host/libsubsys__bluetooth__host.a(monitor.c.obj)
 .rodata.str1.1
                0x000000000000d355        0x1 zephyr/subsys/bluetooth/host/libsubsys__bluetooth__host.a(monitor.c.obj)
 .rodata.CSWTCH.46
                0x000000000000d355        0x4 zephyr/subsys/bluetooth/host/libsubsys__bluetooth__host.a(hci_core.c.obj)
 .rodata.__func__.10581
                0x000000000000d359       0x12 zephyr/subsys/bluetooth/host/libsubsys__bluetooth__host.a(hci_core.c.obj)
 .rodata.__func__.10595
                0x000000000000d36b       0x15 zephyr/subsys/bluetooth/host/libsubsys__bluetooth__host.a(hci_core.c.obj)
 .rodata.__func__.10616
                0x000000000000d380       0x13 zephyr/subsys/bluetooth/host/libsubsys__bluetooth__host.a(hci_core.c.obj)
 .rodata.__func__.10633
                0x000000000000d393       0x11 zephyr/subsys/bluetooth/host/libsubsys__bluetooth__host.a(hci_core.c.obj)
 .rodata.__func__.10641
                0x000000000000d3a4       0x12 zephyr/subsys/bluetooth/host/libsubsys__bluetooth__host.a(hci_core.c.obj)
 .rodata.__func__.10646
                0x000000000000d3b6       0x13 zephyr/subsys/bluetooth/host/libsubsys__bluetooth__host.a(hci_core.c.obj)
 .rodata.__func__.10652
                0x000000000000d3c9        0xd zephyr/subsys/bluetooth/host/libsubsys__bluetooth__host.a(hci_core.c.obj)
 .rodata.__func__.10660
                0x000000000000d3d6       0x11 zephyr/subsys/bluetooth/host/libsubsys__bluetooth__host.a(hci_core.c.obj)
 .rodata.__func__.10667
                0x000000000000d3e7        0xf zephyr/subsys/bluetooth/host/libsubsys__bluetooth__host.a(hci_core.c.obj)
 .rodata.__func__.10688
                0x000000000000d3f6       0x12 zephyr/subsys/bluetooth/host/libsubsys__bluetooth__host.a(hci_core.c.obj)
 .rodata.__func__.10700
                0x000000000000d408        0xe zephyr/subsys/bluetooth/host/libsubsys__bluetooth__host.a(hci_core.c.obj)
 .rodata.__func__.10711
                0x000000000000d416       0x12 zephyr/subsys/bluetooth/host/libsubsys__bluetooth__host.a(hci_core.c.obj)
 .rodata.__func__.10722
                0x000000000000d428        0xa zephyr/subsys/bluetooth/host/libsubsys__bluetooth__host.a(hci_core.c.obj)
 .rodata.__func__.10731
                0x000000000000d432        0x9 zephyr/subsys/bluetooth/host/libsubsys__bluetooth__host.a(hci_core.c.obj)
 .rodata.__func__.10736
                0x000000000000d43b        0xf zephyr/subsys/bluetooth/host/libsubsys__bluetooth__host.a(hci_core.c.obj)
 .rodata.__func__.10752
                0x000000000000d44a        0xe zephyr/subsys/bluetooth/host/libsubsys__bluetooth__host.a(hci_core.c.obj)
 .rodata.__func__.10760
                0x000000000000d458       0x18 zephyr/subsys/bluetooth/host/libsubsys__bluetooth__host.a(hci_core.c.obj)
 .rodata.__func__.10765
                0x000000000000d470       0x15 zephyr/subsys/bluetooth/host/libsubsys__bluetooth__host.a(hci_core.c.obj)
 .rodata.__func__.10770
                0x000000000000d485       0x1a zephyr/subsys/bluetooth/host/libsubsys__bluetooth__host.a(hci_core.c.obj)
 .rodata.__func__.10775
                0x000000000000d49f       0x21 zephyr/subsys/bluetooth/host/libsubsys__bluetooth__host.a(hci_core.c.obj)
 .rodata.__func__.10780
                0x000000000000d4c0       0x1d zephyr/subsys/bluetooth/host/libsubsys__bluetooth__host.a(hci_core.c.obj)
 .rodata.__func__.10785
                0x000000000000d4dd       0x1d zephyr/subsys/bluetooth/host/libsubsys__bluetooth__host.a(hci_core.c.obj)
 .rodata.__func__.10804